Agrupamento!
Curso:  ADMINISTRAÇÃO
Disciplina 1: GCS528_1 | ('2M2345 (04/03/2024 - 29/04/2024)',)
Disciplina 2: GCH087_1 | ('2M2345 (06/05/2024 - 01/07/2024)',)
Agrupamento!
Curso:  ENFERMAGEM
Disciplina 1: GCH090_1 | ('3T1234 (06/05/2024 - 06/07/2024)',)
Disciplina 2: GSA020_1 | ('3T1234 (04/03/2024 - 04/05/2024)',)
Agrupamento!
Curso:  ENGENHARIA AMBIENTAL E SANITÁRIA
Disciplina 1: GEN108_1 | ('2T345 (04/03/2024 - 11/05/2024),  2T345 6T45 (13/05/2024 - 06/07/2024),  2T34 (08/07/2024 - 13/07/2024)',)
Disciplina 2: GEN107_1 | ('5T123 6T45 (04/03/2024 - 11/05/2024),  5T123 (13/05/2024 - 13/07/2024)',)
Agrupamento!
Curso:  LETRAS - PORTUGUÊS E ESPANHOL
Disciplina 1: GLA369_1 | ('2N1234 (15/04/2024 - 15/06/2024),  2T12  2N1234 (17/06/2024 - 22/06/2024)',)
Disciplina 2: GCH837_2 | ('2T12345  2N1234 (04/03/2024 - 13/04/2024),  2T12345 (15/04/2024 - 04/05/2024),  2T12345 (27/05/2024 - 08/06/2024),  2T12345 (10/06/2024 - 15/06/2024),  2N1234 (24/06/2024 - 13/07/2024)',)
Agrupamento!
Curso:  LETRAS - PORTUGUÊS E ESPANHOL
Disciplina 1: GLA381_1 | ('4N1234 (08/04/2024 - 11/05/2024),  4T1234  4N1234 (13/05/2024 - 25/05/2024),  4N1234 (27/05/2024 - 13/07/2024)',)
Disciplina 2: GLA379_1 | ('4N1234 (04/03/2024 - 06/04/2024),   2N1234 (08/04/2024 - 13/04/2024),  2N1234 (29/04/2024 - 11/05/2024), 2N1234 (24/06/2024 - 24/06/2024)',)
Agrupamento!
Curso:  LETRAS - PORTUGUÊS E ESPANHOL
Disciplina 1: GLA380_1 | ('6N1234 (20/05/2024 - 01/06/2024),  6T1234  6N1234 (03/06/2024 - 08/06/2024),  6N1234 (10/06/2024 - 13/07/2024)',)
Disciplina 2: GLA384_1 | ('6T12  6N1234 (04/03/2024 - 09/03/2024),  6N1234 (11/03/2024 - 18/05/2024)',)
Agrupamento!
Curso:  LETRAS - PORTUGUÊS E ESPANHOL
Disciplina 1: GLA383_1 | ('2N1234 (04/03/2024 - 06/04/2024),  2N1234 (15/04/2024 - 27/04/2024),  2N1234 (13/05/2024 - 22/06/2024),  2N1234 (01/07/2024 - 13/07/2024)',)
Disciplina 2: GLA379_1 | ('4N1234 (04/03/2024 - 06/04/2024),   2N1234 (08/04/2024 - 13/04/2024),  2N1234 (29/04/2024 - 11/05/2024), 2N1234 (24/06/2024 - 24/06/2024)',)
Agrupamento!
Curso:  LETRAS - PORTUGUÊS E ESPANHOL
Disciplina 1: GLA386_1 | ('3N1234 (29/04/2024 - 06/07/2024),  3N12 (08/07/2024 - 13/07/2024)',)
Disciplina 2: GLA385_1 | ('3T12345  3N1234 (04/03/2024 - 16/03/2024),  3N1234 (18/03/2024 - 27/04/2024)',)
Agrupamento!
Curso:  LETRAS - PORTUGUÊS E ESPANHOL
Disciplina 1: GLA395_1 | ('2T1234  2N1234 (04/03/2024 - 23/03/2024),  2T1234 (25/03/2024 - 30/03/2024),  2N1234 (01/07/2024 - 13/07/2024)',)
Disciplina 2: GLA397_1 | ('2N1234 (25/03/2024 - 01/06/2024),  2N12 (03/06/2024 - 08/06/2024)',)
Agrupamento!
Curso:  MATEMÁTICA
Disciplina 1: GEX983_1 | ('6N1234 (04/03/2024 - 26/04/2024),  6N12 (03/05/2024 - 03/05/2024)',)
Disciplina 2: GEX980_1 | ('6N1234 (17/05/2024 - 24/05/2024),  6N1234 (07/06/2024 - 05/07/2024),  6N12 (12/07/2024 - 12/07/2024)',)
Agrupamento!
Curso:  MATEMÁTICA
Disciplina 1: GEX989_1 | ('4N1234 (13/03/2024 - 13/03/2024),  4N1234 (10/04/2024 - 10/04/2024),  4N1234 (08/05/2024 - 08/05/2024),  4N1234 (22/05/2024 - 22/05/2024),  4N1234 (12/06/2024 - 12/06/2024),  2N1234 (17/06/2024 - 17/06/2024),  24N1234 (24/06/2024 - 26/06/2024),  2N1234 (01/07/2024 - 01/07/2024)',)
Disciplina 2: GEX988_1 | ('2N1234 (04/03/2024 - 10/06/2024)',)
Agrupamento!
Curso:  MATEMÁTICA
Disciplina 1: GEX996_1 | ('2N1234 (04/03/2024 - 04/03/2024),  2N1234 (18/03/2024 - 18/03/2024),  2N1234 (01/04/2024 - 01/04/2024),  2N1234 (15/04/2024 - 15/04/2024),  2N1234 (29/04/2024 - 29/04/2024),  2N1234 (13/05/2024 - 13/05/2024),  2N1234 (27/05/2024 - 27/05/2024),  2N1234 (10/06/2024 - 10/06/2024),  2N1234 (24/06/2024 - 24/06/2024)',)
Disciplina 2: GEX995_1 | ('2N1234 (11/03/2024 - 11/03/2024),  2T2345  2N1234 (25/03/2024 - 25/03/2024),  2T2345 (01/04/2024 - 01/04/2024),  2T2345  2N1234 (08/04/2024 - 08/04/2024),  2T2345 (15/04/2024 - 15/04/2024),  2T2345  2N1234 (22/04/2024 - 22/04/2024),  2T2345 (29/04/2024 - 29/04/2024),  2T2345  2N1234 (06/05/2024 - 06/05/2024),  2T2345 (13/05/2024 - 13/05/2024),  2T2345  2N1234 (20/05/2024 - 20/05/2024),  2T2345 (27/05/2024 - 27/05/2024),  2T2345  2N1234 (03/06/2024 - 03/06/2024),  2T2345 (10/06/2024 - 10/06/2024),  2T2345  2N1234 (17/06/2024 - 17/06/2024),  2T2345 (24/06/2024 - 24/06/2024),  2N12 (01/07/2024 - 01/07/2024)',)
Agrupamento!
Curso:  MEDICINA
Disciplina 1: GSA286_1 | ('4T1234 (06/03/2024 - 06/03/2024),  4T1234 (20/03/2024 - 20/03/2024),  4T1234 (03/04/2024 - 03/04/2024),  4T1234 (17/04/2024 - 17/04/2024),  4T1234 (08/05/2024 - 08/05/2024),  4T1234 (22/05/2024 - 22/05/2024),  4T1234 (29/05/2024 - 29/05/2024),  4T1234 (12/06/2024 - 12/06/2024),  4T1234 (26/06/2024 - 26/06/2024)',)
Disciplina 2: GSA285_1 | ('4T12345 (05/06/2024 - 05/06/2024),  4T12345 (19/06/2024 - 19/06/2024),  4T12345 (03/07/2024 - 03/07/2024),  4T123 (10/07/2024 - 10/07/2024)',)
Agrupamento!
Curso:  PEDAGOGIA
Disciplina 1: GCH1036_1 | ('5M1234 (28/03/2024 - 28/03/2024), 5M1234 (02/05/2024 - 02/05/2024), 5M1234 (06/06/2024 - 06/06/2024), 5M1234 (20/06/2024 - 20/06/2024), 5M12 (27/06/2024 - 27/06/2024)',)
Disciplina 2: GCH1100_1 | ('5M1234 (04/03/2024 - 21/03/2024), 5M1234 (04/04/2024 - 25/04/2024), 5M1234 (09/05/2024 - 09/05/2024), 5M1234 (16/05/2024 - 16/05/2024)',)
Agrupamento!
Curso:  PEDAGOGIA
Disciplina 1: GCH1039_1 | ('4N1234 (27/03/2024 - 27/03/2024),  4N1234 (08/05/2024 - 08/05/2024),  4N1234 (27/05/2024 - 08/06/2024),  4N12 (12/06/2024 - 12/06/2024)',)
Disciplina 2: GCH1038_1 | ('4N1234 (04/03/2024 - 23/03/2024),  4N1234 (01/04/2024 - 27/04/2024),  4N1234 (13/05/2024 - 25/05/2024)',)
Agrupamento!
Curso:  PEDAGOGIA
Disciplina 1: GCH1099_1 | ('6M1234 (04/03/2024 - 23/03/2024), 6M1234 (08/04/2024 - 04/05/2024), 6M1234 (13/05/2024 - 01/06/2024), 6M1234 (14/06/2024 - 14/06/2024), 6M34 (28/06/2024 - 28/06/2024), 6M1234 (01/07/2024 - 13/07/2024)',)
Disciplina 2: GCH1088_1 | ('6M1234 (01/04/2024 - 06/04/2024), 6M1234 (06/05/2024 - 11/05/2024), 6M1234 (03/06/2024 - 08/06/2024), 6M1234 (17/06/2024 - 22/06/2024), 6M12 (24/06/2024 - 29/06/2024)',)
Agrupamento!
Curso:  PEDAGOGIA
Disciplina 1: GCH1105_1 | ('3N1234 (04/03/2024 - 30/03/2024), 7M123456  3N1234 (01/07/2024 - 13/07/2024)',)
Disciplina 2: GCH1104_1 | ('3N1234 (01/04/2024 - 27/04/2024),  3N1234 (06/05/2024 - 18/05/2024)',)
Agrupamento!
Curso:  PEDAGOGIA
Disciplina 1: GCH1106_1 | ('2N1234 (25/03/2024 - 25/03/2024),  2N1234 (29/04/2024 - 29/04/2024),  2N1234 (27/05/2024 - 27/05/2024),  2N1234 (10/06/2024 - 10/06/2024),  2N12 (17/06/2024 - 17/06/2024)',)
Disciplina 2: GCH1102_1 | ('2N1234 (04/03/2024 - 23/03/2024),  2N1234 (01/04/2024 - 27/04/2024),  2N1234 (06/05/2024 - 25/05/2024),  2N1234 (03/06/2024 - 03/06/2024),  2N34 (17/06/2024 - 17/06/2024),  2N1234 (24/06/2024 - 06/07/2024)',)
Agrupamento!
Curso:  PEDAGOGIA
Disciplina 1: GCH1109_1 | ('3M1234 (06/05/2024 - 06/07/2024)',)
Disciplina 2: GCH1108_1 | ('3M1234 (04/03/2024 - 04/05/2024)',)
Agrupamento!
Curso:  PEDAGOGIA
Disciplina 1: GCH1111_1 | ('5M1234 (28/03/2024 - 28/03/2024), 5M1234 (02/05/2024 - 02/05/2024), 5M1234 (06/06/2024 - 06/06/2024), 5M1234 (20/06/2024 - 20/06/2024), 5M12 (27/06/2024 - 27/06/2024)',)
Disciplina 2: GCH837_3 | ('57M12345 (04/03/2024 - 23/03/2024), 57M12345 (01/04/2024 - 27/04/2024), 5M12345 (06/05/2024 - 25/05/2024), 57M12345 (13/06/2024 - 15/06/2024), 5M345 (27/06/2024 - 27/06/2024), 5M12345 (01/07/2024 - 13/07/2024)',)
Agrupamento!
Curso:  PEDAGOGIA
Disciplina 1: GCH1114_1 | ('7M2345  5N1234 (06/05/2024 - 25/05/2024), 7M2345  5N1234 (27/05/2024 - 08/06/2024),  5N1234 (10/06/2024 - 13/07/2024)',)
Disciplina 2: GCH1115_1 | ('7M2345  5N1234 (04/03/2024 - 23/03/2024),  5N1234 (25/03/2024 - 20/04/2024), 7M2345  5N1234 (22/04/2024 - 04/05/2024)',)
Agrupamento!
Curso:  PEDAGOGIA
Disciplina 1: GCH1116_1 | ('4N1234 (27/03/2024 - 27/03/2024),  4N1234 (08/05/2024 - 08/05/2024),  4N1234 (05/06/2024 - 05/06/2024),  4N1234 (19/06/2024 - 19/06/2024),  4N12 (26/06/2024 - 26/06/2024)',)
Disciplina 2: GCH1113_1 | ('4N1234 (04/03/2024 - 23/03/2024),  4N1234 (01/04/2024 - 27/04/2024),  4N1234 (13/05/2024 - 01/06/2024),  4N1234 (12/06/2024 - 12/06/2024),  4N34 (26/06/2024 - 26/06/2024), 7M123456  7T123  4N1234 (01/07/2024 - 13/07/2024)',)
Agrupamento!
Curso:  PEDAGOGIA
Disciplina 1: GLA240_1 | ('5M1234 (04/03/2024 - 04/05/2024)',)
Disciplina 2: GCH1119_1 | ('5M1234 (06/05/2024 - 13/07/2024)',)
Agrupamento!
Curso:  PEDAGOGIA
Disciplina 1: GEX776_1 | ('6M1234 (13/05/2024 - 13/07/2024)',)
Disciplina 2: GCH1118_1 | ('6M1234 (04/03/2024 - 11/05/2024)',)
Agrupamento!
Curso:  PEDAGOGIA
Disciplina 1: GCH1121_1 | ('7M2345 (09/03/2024 - 09/03/2024),  4N1234 (13/03/2024 - 13/03/2024), 7M2345 (16/03/2024 - 16/03/2024), 7M2345 (23/03/2024 - 23/03/2024),  4N1234 (10/04/2024 - 10/04/2024),  4N1234 (08/05/2024 - 08/05/2024),  4N1234 (22/05/2024 - 22/05/2024),  4N1234 (12/06/2024 - 12/06/2024),  4N1234 (26/06/2024 - 26/06/2024)',)
Disciplina 2: GEX777_1 | ('4N1234 (06/03/2024 - 06/03/2024),  4N1234 (18/03/2024 - 06/04/2024),  4N1234 (15/04/2024 - 27/04/2024), 7M2345  4N1234 (15/05/2024 - 18/05/2024), 7M2345  4N1234 (27/05/2024 - 08/06/2024), 7M2345  4N1234 (19/06/2024 - 22/06/2024), 7M2345  4N1234 (01/07/2024 - 13/07/2024)',)
Agrupamento!
Curso:  PEDAGOGIA
Disciplina 1: GCH1126_1 | ('2N1234 (25/03/2024 - 25/03/2024),  2N1234 (29/04/2024 - 29/04/2024),  2N1234 (27/05/2024 - 27/05/2024),  2N1234 (10/06/2024 - 10/06/2024),  2N12 (17/06/2024 - 17/06/2024)',)
Disciplina 2: GCH1122_1 | ('2N1234 (04/03/2024 - 23/03/2024),  2N1234 (01/04/2024 - 27/04/2024),  2N1234 (06/05/2024 - 06/05/2024),  2N1234 (13/05/2024 - 13/05/2024),  7T2345 (18/05/2024 - 18/05/2024),  2N1234 (20/05/2024 - 20/05/2024),  7T2345 (25/05/2024 - 25/05/2024),  7T2345 (01/06/2024 - 01/06/2024),  2N1234 (03/06/2024 - 03/06/2024),  7T2345 (08/06/2024 - 08/06/2024),  2N1234 (24/06/2024 - 13/07/2024)',)
Agrupamento!
Curso:  PEDAGOGIA
Disciplina 1: GCH1134_1 | ('3N1234 (26/03/2024 - 26/03/2024),  3N1234 (30/04/2024 - 30/04/2024),  3N1234 (21/05/2024 - 01/06/2024),  3N12 (04/06/2024 - 04/06/2024)',)
Disciplina 2: GCH1132_1 | ('3N1234 (04/03/2024 - 23/03/2024),  3N1234 (01/04/2024 - 27/04/2024),  3N1234 (06/05/2024 - 18/05/2024)',)
Agrupamentos:  27
Set parameter Username
Set parameter LicenseID to value 2851439
Academic license - for non-commercial use only - expires 2027-08-04
No parameters matching 'VarsName' found
Set parameter TimeLimit to value 25200
Set parameter TimeLimit to value 180
Set parameter MIPFocus to value 1
Set parameter NoRelHeurTime to value 180
Gurobi Optimizer version 10.0.2 build v10.0.2rc0 (mac64[arm])

CPU model: Apple M5
Thread count: 10 physical cores, 10 logical processors, using up to 10 threads

Optimize a model with 548706 rows, 284763 columns and 1341935 nonzeros
Model fingerprint: 0x554225e6
Variable types: 0 continuous, 284763 integer (264707 binary)
Coefficient statistics:
  Matrix range     [1e+00, 8e+01]
  Objective range  [5e-01, 2e+03]
  Bounds range     [1e+00, 1e+00]
  RHS range        [1e+00, 1e+02]
Found heuristic solution: objective 4130000.0000
Presolve removed 258478 rows and 68178 columns
Presolve time: 1.60s
Presolved: 290228 rows, 216585 columns, 898474 nonzeros
Variable types: 0 continuous, 216585 integer (216585 binary)
Found heuristic solution: objective 3264725.0000
Starting NoRel heuristic
Found heuristic solution: objective 3264325.0000
Found heuristic solution: objective 1205379.0000
Found heuristic solution: objective 1168629.0000
Found heuristic solution: objective 1167689.0000
Found heuristic solution: objective 1014507.5000
Found heuristic solution: objective 1001215.0000
Found heuristic solution: objective 980986.50000
Found heuristic solution: objective 961056.50000
Found heuristic solution: objective 958228.00000
Found heuristic solution: objective 916147.00000
Elapsed time for NoRel heuristic: 5s (best bound -3.1692e+06)
Found heuristic solution: objective 878620.00000
Found heuristic solution: objective 870740.00000
Found heuristic solution: objective 844845.00000
Found heuristic solution: objective 810575.50000
Found heuristic solution: objective 801066.00000
Found heuristic solution: objective 500264.00000
Found heuristic solution: objective 499864.00000
Found heuristic solution: objective 489746.00000
Found heuristic solution: objective 470090.50000
Found heuristic solution: objective 466390.50000
Found heuristic solution: objective 455585.50000
Found heuristic solution: objective 449164.50000
Found heuristic solution: objective 440196.00000
Found heuristic solution: objective 435634.50000
Found heuristic solution: objective 418926.00000
Found heuristic solution: objective 414821.00000
Found heuristic solution: objective 411606.00000
Found heuristic solution: objective 410262.50000
Elapsed time for NoRel heuristic: 10s (best bound -2.80555e+06)
Found heuristic solution: objective 406462.50000
Found heuristic solution: objective 400876.00000
Found heuristic solution: objective 367801.50000
Found heuristic solution: objective 366830.00000
Found heuristic solution: objective 363434.50000
Found heuristic solution: objective 361914.00000
Found heuristic solution: objective 361384.50000
Found heuristic solution: objective 361084.50000
Found heuristic solution: objective 356589.00000
Found heuristic solution: objective 350552.00000
Found heuristic solution: objective 324668.00000
Found heuristic solution: objective 292767.50000
Found heuristic solution: objective 290377.00000
Found heuristic solution: objective 289797.00000
Found heuristic solution: objective 288797.00000
Elapsed time for NoRel heuristic: 16s (best bound -2.73885e+06)
Found heuristic solution: objective 287547.00000
Found heuristic solution: objective 285877.00000
Found heuristic solution: objective 285492.00000
Found heuristic solution: objective 283407.50000
Found heuristic solution: objective 279425.00000
Found heuristic solution: objective 277334.50000
Found heuristic solution: objective 275884.50000
Found heuristic solution: objective 275584.50000
Found heuristic solution: objective 274804.50000
Found heuristic solution: objective 274304.50000
Elapsed time for NoRel heuristic: 22s (best bound -2.35215e+06)
Found heuristic solution: objective 273764.50000
Found heuristic solution: objective 271257.50000
Found heuristic solution: objective 270139.00000
Found heuristic solution: objective 269539.00000
Found heuristic solution: objective 255639.00000
Found heuristic solution: objective 254829.00000
Found heuristic solution: objective 251338.00000
Found heuristic solution: objective 250938.00000
Found heuristic solution: objective 249513.00000
Found heuristic solution: objective 248763.00000
Elapsed time for NoRel heuristic: 28s (best bound -2.0731e+06)
Found heuristic solution: objective 247303.00000
Found heuristic solution: objective 246158.00000
Found heuristic solution: objective 241998.50000
Found heuristic solution: objective 239900.50000
Found heuristic solution: objective 237641.00000
Found heuristic solution: objective 233357.00000
Found heuristic solution: objective 232451.50000
Elapsed time for NoRel heuristic: 33s (best bound -1.7143e+06)
Found heuristic solution: objective 231921.50000
Found heuristic solution: objective 231421.50000
Found heuristic solution: objective 231296.50000
Found heuristic solution: objective 229526.50000
Found heuristic solution: objective 227472.50000
Found heuristic solution: objective 221368.00000
Found heuristic solution: objective 218695.00000
Found heuristic solution: objective 218195.00000
Elapsed time for NoRel heuristic: 39s (best bound -1.5166e+06)
Found heuristic solution: objective 218175.00000
Found heuristic solution: objective 217930.00000
Found heuristic solution: objective 217273.00000
Found heuristic solution: objective 216016.00000
Found heuristic solution: objective 212777.50000
Elapsed time for NoRel heuristic: 45s (best bound -1.1016e+06)
Found heuristic solution: objective 209085.50000
Found heuristic solution: objective 207924.00000
Found heuristic solution: objective 206557.50000
Found heuristic solution: objective 204211.00000
Elapsed time for NoRel heuristic: 50s (best bound -649500)
Found heuristic solution: objective 201797.50000
Found heuristic solution: objective 201772.50000
Found heuristic solution: objective 201486.50000
Found heuristic solution: objective 201417.00000
Found heuristic solution: objective 200153.50000
Found heuristic solution: objective 199528.00000
Found heuristic solution: objective 199493.00000
Found heuristic solution: objective 199052.00000
Found heuristic solution: objective 198921.00000
Elapsed time for NoRel heuristic: 58s (best bound -401250)
Found heuristic solution: objective 197249.50000
Found heuristic solution: objective 196489.00000
Found heuristic solution: objective 196219.00000
Found heuristic solution: objective 196199.00000
Found heuristic solution: objective 195437.00000
Found heuristic solution: objective 194981.50000
Found heuristic solution: objective 194941.50000
Found heuristic solution: objective 194682.00000
Found heuristic solution: objective 194302.00000
Elapsed time for NoRel heuristic: 65s (best bound -151950)
Found heuristic solution: objective 194287.00000
Found heuristic solution: objective 193982.00000
Found heuristic solution: objective 193873.00000
Found heuristic solution: objective 193778.00000
Elapsed time for NoRel heuristic: 71s (best bound -100500)
Found heuristic solution: objective 193673.00000
Found heuristic solution: objective 193623.00000
Found heuristic solution: objective 193338.00000
Found heuristic solution: objective 192857.50000
Found heuristic solution: objective 192847.50000
Found heuristic solution: objective 192665.00000
Found heuristic solution: objective 192469.00000
Elapsed time for NoRel heuristic: 77s (best bound 6018.5)
Found heuristic solution: objective 192309.00000
Found heuristic solution: objective 192274.00000
Found heuristic solution: objective 192158.00000
Found heuristic solution: objective 191498.50000
Found heuristic solution: objective 191313.50000
Elapsed time for NoRel heuristic: 83s (best bound 55680.7)
Found heuristic solution: objective 191233.50000
Found heuristic solution: objective 190440.50000
Elapsed time for NoRel heuristic: 89s (best bound 57397.7)
Found heuristic solution: objective 190317.50000
Found heuristic solution: objective 190302.50000
Found heuristic solution: objective 190212.50000
Elapsed time for NoRel heuristic: 94s (best bound 62189.5)
Found heuristic solution: objective 190117.50000
Found heuristic solution: objective 189962.00000
Found heuristic solution: objective 189754.50000
Found heuristic solution: objective 189739.50000
Found heuristic solution: objective 189729.50000
Elapsed time for NoRel heuristic: 101s (best bound 67724.5)
Found heuristic solution: objective 189517.50000
Elapsed time for NoRel heuristic: 107s (best bound 72037)
Found heuristic solution: objective 189292.50000
Elapsed time for NoRel heuristic: 114s (best bound 74682.5)
Found heuristic solution: objective 189232.00000
Found heuristic solution: objective 189227.00000
Found heuristic solution: objective 189218.50000
Found heuristic solution: objective 189012.00000
Found heuristic solution: objective 188954.50000
Elapsed time for NoRel heuristic: 121s (best bound 79242.5)
Found heuristic solution: objective 188706.50000
Found heuristic solution: objective 188661.50000
Elapsed time for NoRel heuristic: 128s (best bound 82085)
Found heuristic solution: objective 188576.50000
Found heuristic solution: objective 188423.50000
Elapsed time for NoRel heuristic: 136s (best bound 85715)
Found heuristic solution: objective 187842.50000
Elapsed time for NoRel heuristic: 144s (best bound 89597.5)
Found heuristic solution: objective 187460.00000
Elapsed time for NoRel heuristic: 154s (best bound 94363)
Found heuristic solution: objective 187205.00000
Elapsed time for NoRel heuristic: 162s (best bound 97632.5)
Found heuristic solution: objective 187190.00000
Found heuristic solution: objective 187178.50000
Elapsed time for NoRel heuristic: 173s (best bound 99456.2)
Found heuristic solution: objective 187147.50000
Found heuristic solution: objective 187132.50000
Elapsed time for NoRel heuristic: 178s (best bound 102589)
NoRel heuristic complete

Explored 0 nodes (0 simplex iterations) in 180.12 seconds (130.86 work units)
Thread count was 10 (of 10 available processors)

Solution count 10: 187132 187148 187178 ... 188662

Time limit reached
Best objective 1.871325000000e+05, best bound 1.025890000000e+05, gap 45.1784%
Solução -> não <- ótima.
No parameters matching 'VarsName' found
Set parameter TimeLimit to value 25200
Set parameter TimeLimit to value 1.1620258712768555e+02
Set parameter MIPFocus to value 1
Gurobi Optimizer version 10.0.2 build v10.0.2rc0 (mac64[arm])

CPU model: Apple M5
Thread count: 10 physical cores, 10 logical processors, using up to 10 threads

Optimize a model with 548706 rows, 284763 columns and 1341935 nonzeros
Model fingerprint: 0xd84df016
Variable types: 0 continuous, 284763 integer (264707 binary)
Coefficient statistics:
  Matrix range     [1e+00, 8e+01]
  Objective range  [5e-01, 2e+03]
  Bounds range     [1e+00, 1e+00]
  RHS range        [1e+00, 1e+02]

User MIP start produced solution with objective 187132 (0.11s)
Loaded user MIP start with objective 187132

Presolve removed 534927 rows and 273465 columns
Presolve time: 0.21s
Presolved: 13779 rows, 11298 columns, 40103 nonzeros
Variable types: 0 continuous, 11298 integer (11298 binary)

Root relaxation: objective 1.869945e+05, 5286 iterations, 0.11 seconds (0.21 work units)

    Nodes    |    Current Node    |     Objective Bounds      |     Work
 Expl Unexpl |  Obj  Depth IntInf | Incumbent    BestBd   Gap | It/Node Time

     0     0 186994.500    0  398 187132.500 186994.500  0.07%     -    0s
     0     0 186994.500    0  398 187132.500 186994.500  0.07%     -    0s
     0     0 186994.500    0  119 187132.500 186994.500  0.07%     -    0s
     0     0 186997.944    0   68 187132.500 186997.944  0.07%     -    0s
H    0     0                    187124.00000 186997.944  0.07%     -    0s
H    0     0                    187114.00000 186997.944  0.06%     -    0s
     0     0 187001.750    0  136 187114.000 187001.750  0.06%     -    0s
     0     0 187001.750    0  138 187114.000 187001.750  0.06%     -    0s
     0     0 187001.800    0  177 187114.000 187001.800  0.06%     -    0s
     0     0 187003.500    0  173 187114.000 187003.500  0.06%     -    0s
     0     0 187003.550    0  182 187114.000 187003.550  0.06%     -    0s
     0     0 187004.750    0  160 187114.000 187004.750  0.06%     -    0s
     0     2 187004.875    0  160 187114.000 187004.875  0.06%     -    0s
*   50    34               7    187109.00000 187008.167  0.05%  54.4    0s

Cutting planes:
  Gomory: 2
  MIR: 4
  Inf proof: 2
  Zero half: 32
  RLT: 10
  BQP: 17

Explored 1726 nodes (75425 simplex iterations) in 1.29 seconds (2.58 work units)
Thread count was 10 (of 10 available processors)

Solution count 4: 187109 187114 187124 187132 

Optimal solution found (tolerance 1.00e-04)
Best objective 1.871090000000e+05, best bound 1.871090000000e+05, gap 0.0000%
Solução ótima encontrada.
No parameters matching 'VarsName' found
Set parameter TimeLimit to value 25200
Set parameter TimeLimit to value 1.1102546310424805e+02
Set parameter MIPFocus to value 1
Gurobi Optimizer version 10.0.2 build v10.0.2rc0 (mac64[arm])

CPU model: Apple M5
Thread count: 10 physical cores, 10 logical processors, using up to 10 threads

Optimize a model with 548706 rows, 284763 columns and 1341935 nonzeros
Model fingerprint: 0x2d992936
Variable types: 0 continuous, 284763 integer (264707 binary)
Coefficient statistics:
  Matrix range     [1e+00, 8e+01]
  Objective range  [5e-01, 2e+03]
  Bounds range     [1e+00, 1e+00]
  RHS range        [1e+00, 1e+02]

User MIP start produced solution with objective 187109 (0.10s)
Loaded user MIP start with objective 187109

Presolve removed 529825 rows and 269799 columns
Presolve time: 0.23s
Presolved: 18881 rows, 14964 columns, 54056 nonzeros
Variable types: 0 continuous, 14964 integer (14964 binary)

Root relaxation: objective 1.866352e+05, 12507 iterations, 0.32 seconds (0.79 work units)

    Nodes    |    Current Node    |     Objective Bounds      |     Work
 Expl Unexpl |  Obj  Depth IntInf | Incumbent    BestBd   Gap | It/Node Time

     0     0 186635.179    0  737 187109.000 186635.179  0.25%     -    0s
     0     0 186635.179    0  742 187109.000 186635.179  0.25%     -    0s
     0     0 186635.190    0  737 187109.000 186635.190  0.25%     -    0s
     0     0 186635.190    0  676 187109.000 186635.190  0.25%     -    1s
     0     0 186902.567    0 1405 187109.000 186902.567  0.11%     -    2s
     0     0 186911.980    0 1360 187109.000 186911.980  0.11%     -    2s
     0     0 186912.253    0 1338 187109.000 186912.253  0.11%     -    2s
H    0     0                    187106.00000 186912.253  0.10%     -    2s
     0     0 186913.291    0 1281 187106.000 186913.291  0.10%     -    2s
     0     0 186913.295    0 1281 187106.000 186913.295  0.10%     -    2s
     0     0 186913.556    0 1238 187106.000 186913.556  0.10%     -    2s
     0     0 186913.556    0 1243 187106.000 186913.556  0.10%     -    2s
     0     0 186983.563    0  585 187106.000 186983.563  0.07%     -    2s
     0     0 186983.563    0  498 187106.000 186983.563  0.07%     -    2s
     0     0 186983.563    0  706 187106.000 186983.563  0.07%     -    3s
     0     0 186983.563    0  673 187106.000 186983.563  0.07%     -    3s
     0     0 186983.563    0  640 187106.000 186983.563  0.07%     -    3s
     0     0 186983.563    0  648 187106.000 186983.563  0.07%     -    3s
H    0     0                    187078.00000 186983.563  0.05%     -    3s
     0     0 187013.833    0  363 187078.000 187013.833  0.03%     -    3s
     0     0 187019.318    0  486 187078.000 187019.318  0.03%     -    3s
     0     0 187019.496    0  533 187078.000 187019.496  0.03%     -    3s
     0     0 187019.545    0  485 187078.000 187019.545  0.03%     -    3s
     0     0 187021.350    0  500 187078.000 187021.350  0.03%     -    3s
     0     0 187022.125    0  468 187078.000 187022.125  0.03%     -    3s
     0     0 187022.199    0  476 187078.000 187022.199  0.03%     -    3s
     0     0 187061.806    0  428 187078.000 187061.806  0.01%     -    3s

Cutting planes:
  Gomory: 6
  Implied bound: 20
  Clique: 6
  MIR: 2
  Zero half: 26
  RLT: 106
  BQP: 20

Explored 1 nodes (47921 simplex iterations) in 3.35 seconds (6.21 work units)
Thread count was 10 (of 10 available processors)

Solution count 3: 187078 187106 187109 

Optimal solution found (tolerance 1.00e-04)
Best objective 1.870780000000e+05, best bound 1.870620000000e+05, gap 0.0086%
Solução ótima encontrada.
No parameters matching 'VarsName' found
Set parameter TimeLimit to value 25200
Set parameter TimeLimit to value 1.0385431814193726e+02
Set parameter MIPFocus to value 1
Gurobi Optimizer version 10.0.2 build v10.0.2rc0 (mac64[arm])

CPU model: Apple M5
Thread count: 10 physical cores, 10 logical processors, using up to 10 threads

Optimize a model with 548706 rows, 284763 columns and 1341935 nonzeros
Model fingerprint: 0xd1db4781
Variable types: 0 continuous, 284763 integer (264707 binary)
Coefficient statistics:
  Matrix range     [1e+00, 8e+01]
  Objective range  [5e-01, 2e+03]
  Bounds range     [1e+00, 1e+00]
  RHS range        [1e+00, 1e+02]

User MIP start produced solution with objective 187078 (0.11s)
Loaded user MIP start with objective 187078

Presolve removed 531559 rows and 270763 columns
Presolve time: 0.24s
Presolved: 17147 rows, 14000 columns, 50548 nonzeros
Variable types: 0 continuous, 14000 integer (14000 binary)

Root relaxation: objective 1.863330e+05, 2524 iterations, 0.05 seconds (0.09 work units)

    Nodes    |    Current Node    |     Objective Bounds      |     Work
 Expl Unexpl |  Obj  Depth IntInf | Incumbent    BestBd   Gap | It/Node Time

     0     0 186333.000    0  495 187078.000 186333.000  0.40%     -    0s
     0     0 186846.917    0  686 187078.000 186846.917  0.12%     -    0s
     0     0 186880.202    0  668 187078.000 186880.202  0.11%     -    0s
     0     0 186900.917    0  600 187078.000 186900.917  0.09%     -    0s
     0     0 187038.000    0  194 187078.000 187038.000  0.02%     -    0s
     0     0 187043.833    0  363 187078.000 187043.833  0.02%     -    0s
     0     0 187053.833    0  313 187078.000 187053.833  0.01%     -    0s
     0     0 187053.833    0  343 187078.000 187053.833  0.01%     -    0s
     0     0 187061.889    0  260 187078.000 187061.889  0.01%     -    0s

Cutting planes:
  Gomory: 4
  Zero half: 37
  RLT: 7
  BQP: 15

Explored 1 nodes (9123 simplex iterations) in 0.74 seconds (1.80 work units)
Thread count was 10 (of 10 available processors)

Solution count 1: 187078 

Optimal solution found (tolerance 1.00e-04)
Best objective 1.870780000000e+05, best bound 1.870620000000e+05, gap 0.0086%
Solução ótima encontrada.
No parameters matching 'VarsName' found
Set parameter TimeLimit to value 25200
Set parameter TimeLimit to value 9.9425644159317017e+01
Set parameter MIPFocus to value 1
Gurobi Optimizer version 10.0.2 build v10.0.2rc0 (mac64[arm])

CPU model: Apple M5
Thread count: 10 physical cores, 10 logical processors, using up to 10 threads

Optimize a model with 548706 rows, 284763 columns and 1341935 nonzeros
Model fingerprint: 0xf6a8e68c
Variable types: 0 continuous, 284763 integer (264707 binary)
Coefficient statistics:
  Matrix range     [1e+00, 8e+01]
  Objective range  [5e-01, 2e+03]
  Bounds range     [1e+00, 1e+00]
  RHS range        [1e+00, 1e+02]

User MIP start produced solution with objective 187078 (0.10s)
Loaded user MIP start with objective 187078

Presolve removed 543030 rows and 279893 columns
Presolve time: 0.16s
Presolved: 5676 rows, 4870 columns, 16011 nonzeros
Variable types: 0 continuous, 4870 integer (4870 binary)

Root relaxation: objective 1.870530e+05, 825 iterations, 0.01 seconds (0.01 work units)

    Nodes    |    Current Node    |     Objective Bounds      |     Work
 Expl Unexpl |  Obj  Depth IntInf | Incumbent    BestBd   Gap | It/Node Time

*    0     0               0    187053.00000 187053.000  0.00%     -    0s

Explored 1 nodes (825 simplex iterations) in 0.29 seconds (0.89 work units)
Thread count was 10 (of 10 available processors)

Solution count 2: 187053 187078 

Optimal solution found (tolerance 1.00e-04)
Best objective 1.870530000000e+05, best bound 1.870530000000e+05, gap 0.0000%
Solução ótima encontrada.
No parameters matching 'VarsName' found
Set parameter TimeLimit to value 25200
Set parameter TimeLimit to value 9.5401944160461426e+01
Set parameter MIPFocus to value 1
Gurobi Optimizer version 10.0.2 build v10.0.2rc0 (mac64[arm])

CPU model: Apple M5
Thread count: 10 physical cores, 10 logical processors, using up to 10 threads

Optimize a model with 548706 rows, 284763 columns and 1341935 nonzeros
Model fingerprint: 0xd3dbdce0
Variable types: 0 continuous, 284763 integer (264707 binary)
Coefficient statistics:
  Matrix range     [1e+00, 8e+01]
  Objective range  [5e-01, 2e+03]
  Bounds range     [1e+00, 1e+00]
  RHS range        [1e+00, 1e+02]

User MIP start produced solution with objective 187053 (0.11s)
Loaded user MIP start with objective 187053

Presolve removed 531032 rows and 270940 columns
Presolve time: 0.18s
Presolved: 17674 rows, 13823 columns, 49752 nonzeros
Variable types: 0 continuous, 13823 integer (13823 binary)

Root relaxation: objective 1.870377e+05, 1297 iterations, 0.02 seconds (0.04 work units)

    Nodes    |    Current Node    |     Objective Bounds      |     Work
 Expl Unexpl |  Obj  Depth IntInf | Incumbent    BestBd   Gap | It/Node Time

     0     0 187037.667    0  243 187053.000 187037.667  0.01%     -    0s

Explored 1 nodes (2252 simplex iterations) in 0.35 seconds (1.02 work units)
Thread count was 10 (of 10 available processors)

Solution count 1: 187053 

Optimal solution found (tolerance 1.00e-04)
Best objective 1.870530000000e+05, best bound 1.870376666667e+05, gap 0.0082%
Solução ótima encontrada.
No parameters matching 'VarsName' found
Set parameter TimeLimit to value 25200
Set parameter TimeLimit to value 9.1345723152160645e+01
Set parameter MIPFocus to value 1
Gurobi Optimizer version 10.0.2 build v10.0.2rc0 (mac64[arm])

CPU model: Apple M5
Thread count: 10 physical cores, 10 logical processors, using up to 10 threads

Optimize a model with 548706 rows, 284763 columns and 1341935 nonzeros
Model fingerprint: 0xe1f4da1a
Variable types: 0 continuous, 284763 integer (264707 binary)
Coefficient statistics:
  Matrix range     [1e+00, 8e+01]
  Objective range  [5e-01, 2e+03]
  Bounds range     [1e+00, 1e+00]
  RHS range        [1e+00, 1e+02]

User MIP start produced solution with objective 187053 (0.10s)
Loaded user MIP start with objective 187053

Presolve removed 530949 rows and 272179 columns
Presolve time: 0.17s
Presolved: 17757 rows, 12584 columns, 51019 nonzeros
Variable types: 0 continuous, 12584 integer (12584 binary)

Root relaxation: objective 1.860722e+05, 10765 iterations, 0.33 seconds (0.78 work units)

    Nodes    |    Current Node    |     Objective Bounds      |     Work
 Expl Unexpl |  Obj  Depth IntInf | Incumbent    BestBd   Gap | It/Node Time

     0     0 186072.187    0  734 187053.000 186072.187  0.52%     -    0s
     0     0 186118.875    0  777 187053.000 186118.875  0.50%     -    0s
     0     0 186119.000    0  773 187053.000 186119.000  0.50%     -    1s
     0     0 186119.000    0  761 187053.000 186119.000  0.50%     -    1s
     0     0 186119.000    0  784 187053.000 186119.000  0.50%     -    1s
     0     0 186119.000    0  774 187053.000 186119.000  0.50%     -    1s
     0     0 186145.658    0  787 187053.000 186145.658  0.49%     -    1s
     0     0 186146.479    0  795 187053.000 186146.479  0.48%     -    1s
     0     0 186160.700    0  876 187053.000 186160.700  0.48%     -    1s
H    0     0                    187018.00000 186160.700  0.46%     -    1s
     0     0 186160.700    0  794 187018.000 186160.700  0.46%     -    1s
     0     0 186160.700    0  794 187018.000 186160.700  0.46%     -    1s
     0     0 186160.700    0  645 187018.000 186160.700  0.46%     -    1s
     0     0 186161.700    0  830 187018.000 186161.700  0.46%     -    1s
     0     0 186161.700    0  874 187018.000 186161.700  0.46%     -    1s
     0     0 186161.700    0  844 187018.000 186161.700  0.46%     -    1s
     0     0 186161.700    0  845 187018.000 186161.700  0.46%     -    1s
     0     0 186162.880    0  790 187018.000 186162.880  0.46%     -    2s
     0     2 186162.955    0  789 187018.000 186162.955  0.46%     -    2s
H    6     8                    186681.00000 186170.670  0.27%  1829    3s
*   14    14               3    186376.00000 186177.436  0.11%  1597    3s
H   67    22                    186356.00000 186185.409  0.09%   863    4s
   119     4 186246.583    6  859 186356.000 186232.303  0.07%   612    5s

Cutting planes:
  Gomory: 2
  Lift-and-project: 6
  Zero half: 21
  RLT: 19
  BQP: 34

Explored 139 nodes (108736 simplex iterations) in 5.47 seconds (14.64 work units)
Thread count was 10 (of 10 available processors)

Solution count 5: 186356 186376 186681 ... 187053

Optimal solution found (tolerance 1.00e-04)
Best objective 1.863560000000e+05, best bound 1.863560000000e+05, gap 0.0000%
Solução ótima encontrada.
No parameters matching 'VarsName' found
Set parameter TimeLimit to value 25200
Set parameter TimeLimit to value 8.2155899286270142e+01
Set parameter MIPFocus to value 1
Gurobi Optimizer version 10.0.2 build v10.0.2rc0 (mac64[arm])

CPU model: Apple M5
Thread count: 10 physical cores, 10 logical processors, using up to 10 threads

Optimize a model with 548706 rows, 284763 columns and 1341935 nonzeros
Model fingerprint: 0x0ac69e9b
Variable types: 0 continuous, 284763 integer (264707 binary)
Coefficient statistics:
  Matrix range     [1e+00, 8e+01]
  Objective range  [5e-01, 2e+03]
  Bounds range     [1e+00, 1e+00]
  RHS range        [1e+00, 1e+02]

User MIP start produced solution with objective 186356 (0.10s)
Loaded user MIP start with objective 186356

Presolve removed 547488 rows and 283660 columns
Presolve time: 0.15s
Presolved: 1218 rows, 1103 columns, 3463 nonzeros
Variable types: 0 continuous, 1103 integer (1103 binary)

Root relaxation: cutoff, 161 iterations, 0.00 seconds (0.00 work units)

    Nodes    |    Current Node    |     Objective Bounds      |     Work
 Expl Unexpl |  Obj  Depth IntInf | Incumbent    BestBd   Gap | It/Node Time

     0     0     cutoff    0      186356.000 186356.000  0.00%     -    0s

Explored 1 nodes (161 simplex iterations) in 0.27 seconds (0.83 work units)
Thread count was 10 (of 10 available processors)

Solution count 1: 186356 

Optimal solution found (tolerance 1.00e-04)
Best objective 1.863560000000e+05, best bound 1.863560000000e+05, gap 0.0000%
Solução ótima encontrada.
No parameters matching 'VarsName' found
Set parameter TimeLimit to value 25200
Set parameter TimeLimit to value 78.2088041305542
Set parameter MIPFocus to value 1
Gurobi Optimizer version 10.0.2 build v10.0.2rc0 (mac64[arm])

CPU model: Apple M5
Thread count: 10 physical cores, 10 logical processors, using up to 10 threads

Optimize a model with 548706 rows, 284763 columns and 1341935 nonzeros
Model fingerprint: 0x0f62f181
Variable types: 0 continuous, 284763 integer (264707 binary)
Coefficient statistics:
  Matrix range     [1e+00, 8e+01]
  Objective range  [5e-01, 2e+03]
  Bounds range     [1e+00, 1e+00]
  RHS range        [1e+00, 1e+02]

User MIP start produced solution with objective 186356 (0.10s)
Loaded user MIP start with objective 186356

Presolve removed 545553 rows and 281992 columns
Presolve time: 0.15s
Presolved: 3153 rows, 2771 columns, 8855 nonzeros
Variable types: 0 continuous, 2771 integer (2771 binary)

Root relaxation: cutoff, 131 iterations, 0.00 seconds (0.00 work units)

    Nodes    |    Current Node    |     Objective Bounds      |     Work
 Expl Unexpl |  Obj  Depth IntInf | Incumbent    BestBd   Gap | It/Node Time

     0     0     cutoff    0      186356.000 186356.000  0.00%     -    0s

Explored 1 nodes (131 simplex iterations) in 0.26 seconds (0.82 work units)
Thread count was 10 (of 10 available processors)

Solution count 1: 186356 

Optimal solution found (tolerance 1.00e-04)
Best objective 1.863560000000e+05, best bound 1.863560000000e+05, gap 0.0000%
Solução ótima encontrada.
No parameters matching 'VarsName' found
Set parameter TimeLimit to value 25200
Set parameter TimeLimit to value 7.4338733196258545e+01
Set parameter MIPFocus to value 1
Gurobi Optimizer version 10.0.2 build v10.0.2rc0 (mac64[arm])

CPU model: Apple M5
Thread count: 10 physical cores, 10 logical processors, using up to 10 threads

Optimize a model with 548706 rows, 284763 columns and 1341935 nonzeros
Model fingerprint: 0xdf191511
Variable types: 0 continuous, 284763 integer (264707 binary)
Coefficient statistics:
  Matrix range     [1e+00, 8e+01]
  Objective range  [5e-01, 2e+03]
  Bounds range     [1e+00, 1e+00]
  RHS range        [1e+00, 1e+02]

User MIP start produced solution with objective 186356 (0.10s)
Loaded user MIP start with objective 186356

Presolve removed 542544 rows and 279581 columns
Presolve time: 0.17s
Presolved: 6162 rows, 5182 columns, 17438 nonzeros
Variable types: 0 continuous, 5182 integer (5182 binary)

Root relaxation: objective 1.863510e+05, 1318 iterations, 0.02 seconds (0.03 work units)

    Nodes    |    Current Node    |     Objective Bounds      |     Work
 Expl Unexpl |  Obj  Depth IntInf | Incumbent    BestBd   Gap | It/Node Time

     0     0 186351.000    0   70 186356.000 186351.000  0.00%     -    0s

Explored 1 nodes (1681 simplex iterations) in 0.31 seconds (0.95 work units)
Thread count was 10 (of 10 available processors)

Solution count 1: 186356 

Optimal solution found (tolerance 1.00e-04)
Best objective 1.863560000000e+05, best bound 1.863510000000e+05, gap 0.0027%
Solução ótima encontrada.
No parameters matching 'VarsName' found
Set parameter TimeLimit to value 25200
Set parameter TimeLimit to value 7.0348397254943848e+01
Set parameter MIPFocus to value 1
Gurobi Optimizer version 10.0.2 build v10.0.2rc0 (mac64[arm])

CPU model: Apple M5
Thread count: 10 physical cores, 10 logical processors, using up to 10 threads

Optimize a model with 548706 rows, 284763 columns and 1341935 nonzeros
Model fingerprint: 0xa5f0133b
Variable types: 0 continuous, 284763 integer (264707 binary)
Coefficient statistics:
  Matrix range     [1e+00, 8e+01]
  Objective range  [5e-01, 2e+03]
  Bounds range     [1e+00, 1e+00]
  RHS range        [1e+00, 1e+02]

User MIP start produced solution with objective 186356 (0.10s)
Loaded user MIP start with objective 186356

Presolve removed 536530 rows and 274953 columns
Presolve time: 0.20s
Presolved: 12176 rows, 9810 columns, 35310 nonzeros
Variable types: 0 continuous, 9810 integer (9810 binary)

Root relaxation: objective 1.860852e+05, 8175 iterations, 0.29 seconds (0.79 work units)

    Nodes    |    Current Node    |     Objective Bounds      |     Work
 Expl Unexpl |  Obj  Depth IntInf | Incumbent    BestBd   Gap | It/Node Time

     0     0 186085.250    0  452 186356.000 186085.250  0.15%     -    1s
     0     0 186110.857    0  754 186356.000 186110.857  0.13%     -    1s
     0     0 186110.857    0  501 186356.000 186110.857  0.13%     -    1s
     0     0 186110.857    0  505 186356.000 186110.857  0.13%     -    1s
     0     0 186118.643    0  792 186356.000 186118.643  0.13%     -    2s
     0     0 186123.286    0  750 186356.000 186123.286  0.12%     -    2s
     0     0 186126.250    0  696 186356.000 186126.250  0.12%     -    2s
     0     0 186168.033    0  958 186356.000 186168.033  0.10%     -    2s
     0     0 186168.033    0  143 186356.000 186168.033  0.10%     -    2s
     0     0 186168.033    0  282 186356.000 186168.033  0.10%     -    2s
     0     0 186168.033    0  272 186356.000 186168.033  0.10%     -    2s
     0     0 186168.033    0  107 186356.000 186168.033  0.10%     -    2s
     0     0 186169.250    0  116 186356.000 186169.250  0.10%     -    2s
     0     0 186172.500    0  100 186356.000 186172.500  0.10%     -    2s
     0     0 186173.000    0   91 186356.000 186173.000  0.10%     -    2s
     0     0 186176.250    0  120 186356.000 186176.250  0.10%     -    2s
     0     0 186177.587    0  310 186356.000 186177.587  0.10%     -    2s
     0     0 186177.625    0  163 186356.000 186177.625  0.10%     -    2s
     0     0 186178.393    0  325 186356.000 186178.393  0.10%     -    2s
     0     0 186178.400    0  178 186356.000 186178.400  0.10%     -    2s
     0     0 186189.745    0  217 186356.000 186189.745  0.09%     -    2s
     0     0 186194.063    0  178 186356.000 186194.063  0.09%     -    2s
     0     0 186194.100    0  180 186356.000 186194.100  0.09%     -    2s
     0     0 186195.833    0  121 186356.000 186195.833  0.09%     -    2s
     0     2 186196.000    0  121 186356.000 186196.000  0.09%     -    2s

Cutting planes:
  Gomory: 1
  Lift-and-project: 2
  Implied bound: 7
  Clique: 52
  MIR: 1
  Zero half: 32
  RLT: 72
  BQP: 55

Explored 2275 nodes (164678 simplex iterations) in 4.27 seconds (8.92 work units)
Thread count was 10 (of 10 available processors)

Solution count 1: 186356 

Optimal solution found (tolerance 1.00e-04)
Best objective 1.863560000000e+05, best bound 1.863560000000e+05, gap 0.0000%
Solução ótima encontrada.
No parameters matching 'VarsName' found
Set parameter TimeLimit to value 25200
Set parameter TimeLimit to value 6.2379022121429443e+01
Set parameter MIPFocus to value 1
Gurobi Optimizer version 10.0.2 build v10.0.2rc0 (mac64[arm])

CPU model: Apple M5
Thread count: 10 physical cores, 10 logical processors, using up to 10 threads

Optimize a model with 548706 rows, 284763 columns and 1341935 nonzeros
Model fingerprint: 0x10c3c81a
Variable types: 0 continuous, 284763 integer (264707 binary)
Coefficient statistics:
  Matrix range     [1e+00, 8e+01]
  Objective range  [5e-01, 2e+03]
  Bounds range     [1e+00, 1e+00]
  RHS range        [1e+00, 1e+02]

User MIP start produced solution with objective 186356 (0.10s)
Loaded user MIP start with objective 186356

Presolve removed 543630 rows and 280415 columns
Presolve time: 0.17s
Presolved: 5076 rows, 4348 columns, 14413 nonzeros
Variable types: 0 continuous, 4348 integer (4348 binary)

Root relaxation: objective 1.863035e+05, 1068 iterations, 0.01 seconds (0.02 work units)

    Nodes    |    Current Node    |     Objective Bounds      |     Work
 Expl Unexpl |  Obj  Depth IntInf | Incumbent    BestBd   Gap | It/Node Time

     0     0 186303.500    0  143 186356.000 186303.500  0.03%     -    0s
     0     0 186303.500    0  143 186356.000 186303.500  0.03%     -    0s
     0     0 186303.500    0   61 186356.000 186303.500  0.03%     -    0s
     0     0 186311.000    0   42 186356.000 186311.000  0.02%     -    0s
H    0     0                    186336.00000 186311.000  0.01%     -    0s
     0     0 186311.000    0   56 186336.000 186311.000  0.01%     -    0s
     0     0 186311.000    0   44 186336.000 186311.000  0.01%     -    0s
     0     0 186311.000    0   46 186336.000 186311.000  0.01%     -    0s
H    0     0                    186326.00000 186311.000  0.01%     -    0s
     0     0 186316.000    0   54 186326.000 186316.000  0.01%     -    0s

Cutting planes:
  Gomory: 3
  Clique: 14
  Zero half: 6
  RLT: 2
  BQP: 2

Explored 1 nodes (2027 simplex iterations) in 0.35 seconds (0.99 work units)
Thread count was 10 (of 10 available processors)

Solution count 3: 186326 186336 186356 

Optimal solution found (tolerance 1.00e-04)
Best objective 1.863260000000e+05, best bound 1.863260000000e+05, gap 0.0000%
Solução ótima encontrada.
No parameters matching 'VarsName' found
Set parameter TimeLimit to value 25200
Set parameter TimeLimit to value 5.8270822286605835e+01
Set parameter MIPFocus to value 1
Gurobi Optimizer version 10.0.2 build v10.0.2rc0 (mac64[arm])

CPU model: Apple M5
Thread count: 10 physical cores, 10 logical processors, using up to 10 threads

Optimize a model with 548706 rows, 284763 columns and 1341935 nonzeros
Model fingerprint: 0x44c727e1
Variable types: 0 continuous, 284763 integer (264707 binary)
Coefficient statistics:
  Matrix range     [1e+00, 8e+01]
  Objective range  [5e-01, 2e+03]
  Bounds range     [1e+00, 1e+00]
  RHS range        [1e+00, 1e+02]

User MIP start produced solution with objective 186326 (0.11s)
Loaded user MIP start with objective 186326

Presolve removed 530431 rows and 271220 columns
Presolve time: 0.23s
Presolved: 18275 rows, 13543 columns, 52229 nonzeros
Variable types: 0 continuous, 13543 integer (13543 binary)

Root relaxation: objective 1.862019e+05, 10041 iterations, 0.26 seconds (0.58 work units)

    Nodes    |    Current Node    |     Objective Bounds      |     Work
 Expl Unexpl |  Obj  Depth IntInf | Incumbent    BestBd   Gap | It/Node Time

     0     0 186201.932    0  857 186326.000 186201.932  0.07%     -    0s
     0     0 186207.429    0  661 186326.000 186207.429  0.06%     -    0s
H    0     0                    186301.00000 186207.429  0.05%     -    0s
     0     0 186207.429    0  661 186301.000 186207.429  0.05%     -    0s
     0     0 186214.100    0  186 186301.000 186214.100  0.05%     -    0s
     0     0 186239.500    0  191 186301.000 186239.500  0.03%     -    0s
     0     0 186242.222    0  167 186301.000 186242.222  0.03%     -    0s
     0     0 186269.450    0  197 186301.000 186269.450  0.02%     -    0s

Explored 1 nodes (14816 simplex iterations) in 0.83 seconds (2.18 work units)
Thread count was 10 (of 10 available processors)

Solution count 2: 186301 186326 

Optimal solution found (tolerance 1.00e-04)
Best objective 1.863010000000e+05, best bound 1.863010000000e+05, gap 0.0000%
Solução ótima encontrada.
No parameters matching 'VarsName' found
Set parameter TimeLimit to value 25200
Set parameter TimeLimit to value 5.3786082029342651e+01
Set parameter MIPFocus to value 1
Gurobi Optimizer version 10.0.2 build v10.0.2rc0 (mac64[arm])

CPU model: Apple M5
Thread count: 10 physical cores, 10 logical processors, using up to 10 threads

Optimize a model with 548706 rows, 284763 columns and 1341935 nonzeros
Model fingerprint: 0x32416853
Variable types: 0 continuous, 284763 integer (264707 binary)
Coefficient statistics:
  Matrix range     [1e+00, 8e+01]
  Objective range  [5e-01, 2e+03]
  Bounds range     [1e+00, 1e+00]
  RHS range        [1e+00, 1e+02]

User MIP start produced solution with objective 186301 (0.10s)
Loaded user MIP start with objective 186301

Presolve removed 527949 rows and 268038 columns
Presolve time: 0.24s
Presolved: 20757 rows, 16725 columns, 60467 nonzeros
Variable types: 0 continuous, 16725 integer (16725 binary)

Root relaxation: objective 1.861822e+05, 7279 iterations, 0.32 seconds (1.03 work units)

    Nodes    |    Current Node    |     Objective Bounds      |     Work
 Expl Unexpl |  Obj  Depth IntInf | Incumbent    BestBd   Gap | It/Node Time

     0     0 186182.250    0  707 186301.000 186182.250  0.06%     -    1s
     0     0 186182.250    0  707 186301.000 186182.250  0.06%     -    1s
     0     0 186182.250    0  185 186301.000 186182.250  0.06%     -    1s
     0     0 186186.000    0  252 186301.000 186186.000  0.06%     -    1s
     0     0 186186.400    0  279 186301.000 186186.400  0.06%     -    1s
     0     0 186189.700    0  310 186301.000 186189.700  0.06%     -    1s
     0     0 186190.000    0  301 186301.000 186190.000  0.06%     -    1s
     0     0 186191.673    0  281 186301.000 186191.673  0.06%     -    1s
     0     0 186192.700    0  306 186301.000 186192.700  0.06%     -    1s
     0     0 186192.700    0  304 186301.000 186192.700  0.06%     -    1s
     0     0 186194.645    0  322 186301.000 186194.645  0.06%     -    1s
     0     0 186195.067    0  273 186301.000 186195.067  0.06%     -    1s
     0     0 186195.286    0  278 186301.000 186195.286  0.06%     -    1s
     0     0 186195.286    0  271 186301.000 186195.286  0.06%     -    1s
     0     0 186196.583    0  326 186301.000 186196.583  0.06%     -    1s
H    0     0                    186293.50000 186196.583  0.05%     -    1s
     0     2 186196.607    0  302 186293.500 186196.607  0.05%     -    1s
H   18    26                    186268.50000 186197.583  0.04%   244    1s
*  139   105              14    186266.00000 186198.000  0.04%   112    1s
H  148   110                    186263.00000 186198.000  0.03%   110    1s
H  295   157                    186261.00000 186198.000  0.03%  87.1    1s
*  531   319              17    186256.00000 186199.667  0.03%  88.2    2s
  3562   868     cutoff   16      186256.000 186206.000  0.03%   106    5s

Cutting planes:
  Gomory: 6
  MIR: 4
  Inf proof: 1
  Zero half: 20
  RLT: 22
  BQP: 23

Explored 10656 nodes (829577 simplex iterations) in 8.06 seconds (14.08 work units)
Thread count was 10 (of 10 available processors)

Solution count 7: 186256 186261 186263 ... 186301

Optimal solution found (tolerance 1.00e-04)
Best objective 1.862560000000e+05, best bound 1.862560000000e+05, gap 0.0000%
Solução ótima encontrada.
RESULTADO_JSON={"arquivo_log_csv": "resultados/experimentos/2024_1/fixopt_passada_init180_total300.csv", "arquivo_log_json": "resultados/experimentos/2024_1/fixopt_passada_init180_total300.json", "arquivo_melhor_solucao": "resultados/experimentos/2024_1/fixopt_passada_init180_total300.sol", "etapa": "fix_and_optimize_cursos", "ganho_absoluto": 876.5, "historico": [{"curso": "ADM", "disciplinas_livres": 48, "iteracao": 1, "melhorou": true, "objetivo_anterior": 187132.5, "objetivo_candidato": 187109.0, "objetivo_incumbente": 187109.0, "passada": 1, "status_solver": "OPTIMAL", "tempo_gasto_s": 5.1, "tempo_limite_subproblema_s": 116.2, "variaveis_x_fixadas": 85698, "variaveis_x_livres": 9292, "vizinhanca": "curso"}, {"curso": "AGRO", "disciplinas_livres": 51, "iteracao": 2, "melhorou": true, "objetivo_anterior": 187109.0, "objetivo_candidato": 187078.0, "objetivo_incumbente": 187078.0, "passada": 1, "status_solver": "OPTIMAL", "tempo_gasto_s": 7.11, "tempo_limite_subproblema_s": 111.03, "variaveis_x_fixadas": 86250, "variaveis_x_livres": 8740, "vizinhanca": "curso"}, {"curso": "CC", "disciplinas_livres": 47, "iteracao": 3, "melhorou": false, "objetivo_anterior": 187078.0, "objetivo_candidato": 187078.0, "objetivo_incumbente": 187078.0, "passada": 1, "status_solver": "OPTIMAL", "tempo_gasto_s": 4.43, "tempo_limite_subproblema_s": 103.85, "variaveis_x_fixadas": 84456, "variaveis_x_livres": 10534, "vizinhanca": "curso"}, {"curso": "CS", "disciplinas_livres": 22, "iteracao": 4, "melhorou": true, "objetivo_anterior": 187078.0, "objetivo_candidato": 187053.0, "objetivo_incumbente": 187053.0, "passada": 1, "status_solver": "OPTIMAL", "tempo_gasto_s": 3.96, "tempo_limite_subproblema_s": 99.43, "variaveis_x_fixadas": 90436, "variaveis_x_livres": 4554, "vizinhanca": "curso"}, {"curso": "EAS", "disciplinas_livres": 45, "iteracao": 5, "melhorou": false, "objetivo_anterior": 187053.0, "objetivo_candidato": 187053.0, "objetivo_incumbente": 187053.0, "passada": 1, "status_solver": "OPTIMAL", "tempo_gasto_s": 4.06, "tempo_limite_subproblema_s": 95.4, "variaveis_x_fixadas": 87538, "variaveis_x_livres": 7452, "vizinhanca": "curso"}, {"curso": "ENF", "disciplinas_livres": 18, "iteracao": 6, "melhorou": true, "objetivo_anterior": 187053.0, "objetivo_candidato": 186356.0, "objetivo_incumbente": 186356.0, "passada": 1, "status_solver": "OPTIMAL", "tempo_gasto_s": 9.13, "tempo_limite_subproblema_s": 91.35, "variaveis_x_fixadas": 86480, "variaveis_x_livres": 8510, "vizinhanca": "curso"}, {"curso": "FIL", "disciplinas_livres": 15, "iteracao": 7, "melhorou": false, "objetivo_anterior": 186356.0, "objetivo_candidato": 186356.0, "objetivo_incumbente": 186356.0, "passada": 1, "status_solver": "OPTIMAL", "tempo_gasto_s": 3.95, "tempo_limite_subproblema_s": 82.16, "variaveis_x_fixadas": 92230, "variaveis_x_livres": 2760, "vizinhanca": "curso"}, {"curso": "GEO", "disciplinas_livres": 10, "iteracao": 8, "melhorou": false, "objetivo_anterior": 186356.0, "objetivo_candidato": 186356.0, "objetivo_incumbente": 186356.0, "passada": 1, "status_solver": "OPTIMAL", "tempo_gasto_s": 3.87, "tempo_limite_subproblema_s": 78.21, "variaveis_x_fixadas": 92920, "variaveis_x_livres": 2070, "vizinhanca": "curso"}, {"curso": "HIS", "disciplinas_livres": 24, "iteracao": 9, "melhorou": false, "objetivo_anterior": 186356.0, "objetivo_candidato": 186356.0, "objetivo_incumbente": 186356.0, "passada": 1, "status_solver": "OPTIMAL", "tempo_gasto_s": 3.99, "tempo_limite_subproblema_s": 74.34, "variaveis_x_fixadas": 90206, "variaveis_x_livres": 4784, "vizinhanca": "curso"}, {"curso": "LET", "disciplinas_livres": 36, "iteracao": 10, "melhorou": false, "objetivo_anterior": 186356.0, "objetivo_candidato": 186356.0, "objetivo_incumbente": 186356.0, "passada": 1, "status_solver": "OPTIMAL", "tempo_gasto_s": 7.97, "tempo_limite_subproblema_s": 70.35, "variaveis_x_fixadas": 85836, "variaveis_x_livres": 9154, "vizinhanca": "curso"}, {"curso": "MAT", "disciplinas_livres": 23, "iteracao": 11, "melhorou": true, "objetivo_anterior": 186356.0, "objetivo_candidato": 186326.0, "objetivo_incumbente": 186326.0, "passada": 1, "status_solver": "OPTIMAL", "tempo_gasto_s": 4.05, "tempo_limite_subproblema_s": 62.38, "variaveis_x_fixadas": 90022, "variaveis_x_livres": 4968, "vizinhanca": "curso"}, {"curso": "MED", "disciplinas_livres": 41, "iteracao": 12, "melhorou": true, "objetivo_anterior": 186326.0, "objetivo_candidato": 186301.0, "objetivo_incumbente": 186301.0, "passada": 1, "status_solver": "OPTIMAL", "tempo_gasto_s": 4.43, "tempo_limite_subproblema_s": 58.27, "variaveis_x_fixadas": 85606, "variaveis_x_livres": 9384, "vizinhanca": "curso"}, {"curso": "PED", "disciplinas_livres": 56, "iteracao": 13, "melhorou": true, "objetivo_anterior": 186301.0, "objetivo_candidato": 186256.0, "objetivo_incumbente": 186256.0, "passada": 1, "status_solver": "OPTIMAL", "tempo_gasto_s": 11.75, "tempo_limite_subproblema_s": 53.79, "variaveis_x_fixadas": 82202, "variaveis_x_livres": 12788, "vizinhanca": "curso"}], "melhorias_aceitas": 7, "objetivo_final": 186256.0, "objetivo_inicial": 187132.5, "passadas_executadas": 1, "status": "CONCLUIDO", "tempo_total_s": 258.03, "total_iteracoes": 13}
