Agrupamento!
Curso:  ADMINISTRAÇÃO
Disciplina 1: GCS528_1 | ('2M2345 (04/03/2024 - 29/04/2024)',)
Disciplina 2: GCH087_1 | ('2M2345 (06/05/2024 - 01/07/2024)',)
Agrupamento!
Curso:  ENFERMAGEM
Disciplina 1: GCH090_1 | ('3T1234 (06/05/2024 - 06/07/2024)',)
Disciplina 2: GSA020_1 | ('3T1234 (04/03/2024 - 04/05/2024)',)
Agrupamento!
Curso:  ENGENHARIA AMBIENTAL E SANITÁRIA
Disciplina 1: GEN108_1 | ('2T345 (04/03/2024 - 11/05/2024),  2T345 6T45 (13/05/2024 - 06/07/2024),  2T34 (08/07/2024 - 13/07/2024)',)
Disciplina 2: GEN107_1 | ('5T123 6T45 (04/03/2024 - 11/05/2024),  5T123 (13/05/2024 - 13/07/2024)',)
Agrupamento!
Curso:  LETRAS - PORTUGUÊS E ESPANHOL
Disciplina 1: GLA369_1 | ('2N1234 (15/04/2024 - 15/06/2024),  2T12  2N1234 (17/06/2024 - 22/06/2024)',)
Disciplina 2: GCH837_2 | ('2T12345  2N1234 (04/03/2024 - 13/04/2024),  2T12345 (15/04/2024 - 04/05/2024),  2T12345 (27/05/2024 - 08/06/2024),  2T12345 (10/06/2024 - 15/06/2024),  2N1234 (24/06/2024 - 13/07/2024)',)
Agrupamento!
Curso:  LETRAS - PORTUGUÊS E ESPANHOL
Disciplina 1: GLA381_1 | ('4N1234 (08/04/2024 - 11/05/2024),  4T1234  4N1234 (13/05/2024 - 25/05/2024),  4N1234 (27/05/2024 - 13/07/2024)',)
Disciplina 2: GLA379_1 | ('4N1234 (04/03/2024 - 06/04/2024),   2N1234 (08/04/2024 - 13/04/2024),  2N1234 (29/04/2024 - 11/05/2024), 2N1234 (24/06/2024 - 24/06/2024)',)
Agrupamento!
Curso:  LETRAS - PORTUGUÊS E ESPANHOL
Disciplina 1: GLA380_1 | ('6N1234 (20/05/2024 - 01/06/2024),  6T1234  6N1234 (03/06/2024 - 08/06/2024),  6N1234 (10/06/2024 - 13/07/2024)',)
Disciplina 2: GLA384_1 | ('6T12  6N1234 (04/03/2024 - 09/03/2024),  6N1234 (11/03/2024 - 18/05/2024)',)
Agrupamento!
Curso:  LETRAS - PORTUGUÊS E ESPANHOL
Disciplina 1: GLA383_1 | ('2N1234 (04/03/2024 - 06/04/2024),  2N1234 (15/04/2024 - 27/04/2024),  2N1234 (13/05/2024 - 22/06/2024),  2N1234 (01/07/2024 - 13/07/2024)',)
Disciplina 2: GLA379_1 | ('4N1234 (04/03/2024 - 06/04/2024),   2N1234 (08/04/2024 - 13/04/2024),  2N1234 (29/04/2024 - 11/05/2024), 2N1234 (24/06/2024 - 24/06/2024)',)
Agrupamento!
Curso:  LETRAS - PORTUGUÊS E ESPANHOL
Disciplina 1: GLA386_1 | ('3N1234 (29/04/2024 - 06/07/2024),  3N12 (08/07/2024 - 13/07/2024)',)
Disciplina 2: GLA385_1 | ('3T12345  3N1234 (04/03/2024 - 16/03/2024),  3N1234 (18/03/2024 - 27/04/2024)',)
Agrupamento!
Curso:  LETRAS - PORTUGUÊS E ESPANHOL
Disciplina 1: GLA395_1 | ('2T1234  2N1234 (04/03/2024 - 23/03/2024),  2T1234 (25/03/2024 - 30/03/2024),  2N1234 (01/07/2024 - 13/07/2024)',)
Disciplina 2: GLA397_1 | ('2N1234 (25/03/2024 - 01/06/2024),  2N12 (03/06/2024 - 08/06/2024)',)
Agrupamento!
Curso:  MATEMÁTICA
Disciplina 1: GEX983_1 | ('6N1234 (04/03/2024 - 26/04/2024),  6N12 (03/05/2024 - 03/05/2024)',)
Disciplina 2: GEX980_1 | ('6N1234 (17/05/2024 - 24/05/2024),  6N1234 (07/06/2024 - 05/07/2024),  6N12 (12/07/2024 - 12/07/2024)',)
Agrupamento!
Curso:  MATEMÁTICA
Disciplina 1: GEX989_1 | ('4N1234 (13/03/2024 - 13/03/2024),  4N1234 (10/04/2024 - 10/04/2024),  4N1234 (08/05/2024 - 08/05/2024),  4N1234 (22/05/2024 - 22/05/2024),  4N1234 (12/06/2024 - 12/06/2024),  2N1234 (17/06/2024 - 17/06/2024),  24N1234 (24/06/2024 - 26/06/2024),  2N1234 (01/07/2024 - 01/07/2024)',)
Disciplina 2: GEX988_1 | ('2N1234 (04/03/2024 - 10/06/2024)',)
Agrupamento!
Curso:  MATEMÁTICA
Disciplina 1: GEX996_1 | ('2N1234 (04/03/2024 - 04/03/2024),  2N1234 (18/03/2024 - 18/03/2024),  2N1234 (01/04/2024 - 01/04/2024),  2N1234 (15/04/2024 - 15/04/2024),  2N1234 (29/04/2024 - 29/04/2024),  2N1234 (13/05/2024 - 13/05/2024),  2N1234 (27/05/2024 - 27/05/2024),  2N1234 (10/06/2024 - 10/06/2024),  2N1234 (24/06/2024 - 24/06/2024)',)
Disciplina 2: GEX995_1 | ('2N1234 (11/03/2024 - 11/03/2024),  2T2345  2N1234 (25/03/2024 - 25/03/2024),  2T2345 (01/04/2024 - 01/04/2024),  2T2345  2N1234 (08/04/2024 - 08/04/2024),  2T2345 (15/04/2024 - 15/04/2024),  2T2345  2N1234 (22/04/2024 - 22/04/2024),  2T2345 (29/04/2024 - 29/04/2024),  2T2345  2N1234 (06/05/2024 - 06/05/2024),  2T2345 (13/05/2024 - 13/05/2024),  2T2345  2N1234 (20/05/2024 - 20/05/2024),  2T2345 (27/05/2024 - 27/05/2024),  2T2345  2N1234 (03/06/2024 - 03/06/2024),  2T2345 (10/06/2024 - 10/06/2024),  2T2345  2N1234 (17/06/2024 - 17/06/2024),  2T2345 (24/06/2024 - 24/06/2024),  2N12 (01/07/2024 - 01/07/2024)',)
Agrupamento!
Curso:  MEDICINA
Disciplina 1: GSA286_1 | ('4T1234 (06/03/2024 - 06/03/2024),  4T1234 (20/03/2024 - 20/03/2024),  4T1234 (03/04/2024 - 03/04/2024),  4T1234 (17/04/2024 - 17/04/2024),  4T1234 (08/05/2024 - 08/05/2024),  4T1234 (22/05/2024 - 22/05/2024),  4T1234 (29/05/2024 - 29/05/2024),  4T1234 (12/06/2024 - 12/06/2024),  4T1234 (26/06/2024 - 26/06/2024)',)
Disciplina 2: GSA285_1 | ('4T12345 (05/06/2024 - 05/06/2024),  4T12345 (19/06/2024 - 19/06/2024),  4T12345 (03/07/2024 - 03/07/2024),  4T123 (10/07/2024 - 10/07/2024)',)
Agrupamento!
Curso:  PEDAGOGIA
Disciplina 1: GCH1036_1 | ('5M1234 (28/03/2024 - 28/03/2024), 5M1234 (02/05/2024 - 02/05/2024), 5M1234 (06/06/2024 - 06/06/2024), 5M1234 (20/06/2024 - 20/06/2024), 5M12 (27/06/2024 - 27/06/2024)',)
Disciplina 2: GCH1100_1 | ('5M1234 (04/03/2024 - 21/03/2024), 5M1234 (04/04/2024 - 25/04/2024), 5M1234 (09/05/2024 - 09/05/2024), 5M1234 (16/05/2024 - 16/05/2024)',)
Agrupamento!
Curso:  PEDAGOGIA
Disciplina 1: GCH1039_1 | ('4N1234 (27/03/2024 - 27/03/2024),  4N1234 (08/05/2024 - 08/05/2024),  4N1234 (27/05/2024 - 08/06/2024),  4N12 (12/06/2024 - 12/06/2024)',)
Disciplina 2: GCH1038_1 | ('4N1234 (04/03/2024 - 23/03/2024),  4N1234 (01/04/2024 - 27/04/2024),  4N1234 (13/05/2024 - 25/05/2024)',)
Agrupamento!
Curso:  PEDAGOGIA
Disciplina 1: GCH1099_1 | ('6M1234 (04/03/2024 - 23/03/2024), 6M1234 (08/04/2024 - 04/05/2024), 6M1234 (13/05/2024 - 01/06/2024), 6M1234 (14/06/2024 - 14/06/2024), 6M34 (28/06/2024 - 28/06/2024), 6M1234 (01/07/2024 - 13/07/2024)',)
Disciplina 2: GCH1088_1 | ('6M1234 (01/04/2024 - 06/04/2024), 6M1234 (06/05/2024 - 11/05/2024), 6M1234 (03/06/2024 - 08/06/2024), 6M1234 (17/06/2024 - 22/06/2024), 6M12 (24/06/2024 - 29/06/2024)',)
Agrupamento!
Curso:  PEDAGOGIA
Disciplina 1: GCH1105_1 | ('3N1234 (04/03/2024 - 30/03/2024), 7M123456  3N1234 (01/07/2024 - 13/07/2024)',)
Disciplina 2: GCH1104_1 | ('3N1234 (01/04/2024 - 27/04/2024),  3N1234 (06/05/2024 - 18/05/2024)',)
Agrupamento!
Curso:  PEDAGOGIA
Disciplina 1: GCH1106_1 | ('2N1234 (25/03/2024 - 25/03/2024),  2N1234 (29/04/2024 - 29/04/2024),  2N1234 (27/05/2024 - 27/05/2024),  2N1234 (10/06/2024 - 10/06/2024),  2N12 (17/06/2024 - 17/06/2024)',)
Disciplina 2: GCH1102_1 | ('2N1234 (04/03/2024 - 23/03/2024),  2N1234 (01/04/2024 - 27/04/2024),  2N1234 (06/05/2024 - 25/05/2024),  2N1234 (03/06/2024 - 03/06/2024),  2N34 (17/06/2024 - 17/06/2024),  2N1234 (24/06/2024 - 06/07/2024)',)
Agrupamento!
Curso:  PEDAGOGIA
Disciplina 1: GCH1109_1 | ('3M1234 (06/05/2024 - 06/07/2024)',)
Disciplina 2: GCH1108_1 | ('3M1234 (04/03/2024 - 04/05/2024)',)
Agrupamento!
Curso:  PEDAGOGIA
Disciplina 1: GCH1111_1 | ('5M1234 (28/03/2024 - 28/03/2024), 5M1234 (02/05/2024 - 02/05/2024), 5M1234 (06/06/2024 - 06/06/2024), 5M1234 (20/06/2024 - 20/06/2024), 5M12 (27/06/2024 - 27/06/2024)',)
Disciplina 2: GCH837_3 | ('57M12345 (04/03/2024 - 23/03/2024), 57M12345 (01/04/2024 - 27/04/2024), 5M12345 (06/05/2024 - 25/05/2024), 57M12345 (13/06/2024 - 15/06/2024), 5M345 (27/06/2024 - 27/06/2024), 5M12345 (01/07/2024 - 13/07/2024)',)
Agrupamento!
Curso:  PEDAGOGIA
Disciplina 1: GCH1114_1 | ('7M2345  5N1234 (06/05/2024 - 25/05/2024), 7M2345  5N1234 (27/05/2024 - 08/06/2024),  5N1234 (10/06/2024 - 13/07/2024)',)
Disciplina 2: GCH1115_1 | ('7M2345  5N1234 (04/03/2024 - 23/03/2024),  5N1234 (25/03/2024 - 20/04/2024), 7M2345  5N1234 (22/04/2024 - 04/05/2024)',)
Agrupamento!
Curso:  PEDAGOGIA
Disciplina 1: GCH1116_1 | ('4N1234 (27/03/2024 - 27/03/2024),  4N1234 (08/05/2024 - 08/05/2024),  4N1234 (05/06/2024 - 05/06/2024),  4N1234 (19/06/2024 - 19/06/2024),  4N12 (26/06/2024 - 26/06/2024)',)
Disciplina 2: GCH1113_1 | ('4N1234 (04/03/2024 - 23/03/2024),  4N1234 (01/04/2024 - 27/04/2024),  4N1234 (13/05/2024 - 01/06/2024),  4N1234 (12/06/2024 - 12/06/2024),  4N34 (26/06/2024 - 26/06/2024), 7M123456  7T123  4N1234 (01/07/2024 - 13/07/2024)',)
Agrupamento!
Curso:  PEDAGOGIA
Disciplina 1: GLA240_1 | ('5M1234 (04/03/2024 - 04/05/2024)',)
Disciplina 2: GCH1119_1 | ('5M1234 (06/05/2024 - 13/07/2024)',)
Agrupamento!
Curso:  PEDAGOGIA
Disciplina 1: GEX776_1 | ('6M1234 (13/05/2024 - 13/07/2024)',)
Disciplina 2: GCH1118_1 | ('6M1234 (04/03/2024 - 11/05/2024)',)
Agrupamento!
Curso:  PEDAGOGIA
Disciplina 1: GCH1121_1 | ('7M2345 (09/03/2024 - 09/03/2024),  4N1234 (13/03/2024 - 13/03/2024), 7M2345 (16/03/2024 - 16/03/2024), 7M2345 (23/03/2024 - 23/03/2024),  4N1234 (10/04/2024 - 10/04/2024),  4N1234 (08/05/2024 - 08/05/2024),  4N1234 (22/05/2024 - 22/05/2024),  4N1234 (12/06/2024 - 12/06/2024),  4N1234 (26/06/2024 - 26/06/2024)',)
Disciplina 2: GEX777_1 | ('4N1234 (06/03/2024 - 06/03/2024),  4N1234 (18/03/2024 - 06/04/2024),  4N1234 (15/04/2024 - 27/04/2024), 7M2345  4N1234 (15/05/2024 - 18/05/2024), 7M2345  4N1234 (27/05/2024 - 08/06/2024), 7M2345  4N1234 (19/06/2024 - 22/06/2024), 7M2345  4N1234 (01/07/2024 - 13/07/2024)',)
Agrupamento!
Curso:  PEDAGOGIA
Disciplina 1: GCH1126_1 | ('2N1234 (25/03/2024 - 25/03/2024),  2N1234 (29/04/2024 - 29/04/2024),  2N1234 (27/05/2024 - 27/05/2024),  2N1234 (10/06/2024 - 10/06/2024),  2N12 (17/06/2024 - 17/06/2024)',)
Disciplina 2: GCH1122_1 | ('2N1234 (04/03/2024 - 23/03/2024),  2N1234 (01/04/2024 - 27/04/2024),  2N1234 (06/05/2024 - 06/05/2024),  2N1234 (13/05/2024 - 13/05/2024),  7T2345 (18/05/2024 - 18/05/2024),  2N1234 (20/05/2024 - 20/05/2024),  7T2345 (25/05/2024 - 25/05/2024),  7T2345 (01/06/2024 - 01/06/2024),  2N1234 (03/06/2024 - 03/06/2024),  7T2345 (08/06/2024 - 08/06/2024),  2N1234 (24/06/2024 - 13/07/2024)',)
Agrupamento!
Curso:  PEDAGOGIA
Disciplina 1: GCH1134_1 | ('3N1234 (26/03/2024 - 26/03/2024),  3N1234 (30/04/2024 - 30/04/2024),  3N1234 (21/05/2024 - 01/06/2024),  3N12 (04/06/2024 - 04/06/2024)',)
Disciplina 2: GCH1132_1 | ('3N1234 (04/03/2024 - 23/03/2024),  3N1234 (01/04/2024 - 27/04/2024),  3N1234 (06/05/2024 - 18/05/2024)',)
Agrupamentos:  27
Set parameter Username
Set parameter LicenseID to value 2851439
Academic license - for non-commercial use only - expires 2027-08-04
No parameters matching 'VarsName' found
Set parameter TimeLimit to value 25200
Set parameter TimeLimit to value 240
Set parameter MIPFocus to value 1
Set parameter NoRelHeurTime to value 240
Gurobi Optimizer version 10.0.2 build v10.0.2rc0 (mac64[arm])

CPU model: Apple M5
Thread count: 10 physical cores, 10 logical processors, using up to 10 threads

Optimize a model with 548706 rows, 284763 columns and 1341935 nonzeros
Model fingerprint: 0x554225e6
Variable types: 0 continuous, 284763 integer (264707 binary)
Coefficient statistics:
  Matrix range     [1e+00, 8e+01]
  Objective range  [5e-01, 2e+03]
  Bounds range     [1e+00, 1e+00]
  RHS range        [1e+00, 1e+02]
Found heuristic solution: objective 4130000.0000
Presolve removed 258478 rows and 68178 columns
Presolve time: 1.65s
Presolved: 290228 rows, 216585 columns, 898474 nonzeros
Variable types: 0 continuous, 216585 integer (216585 binary)
Found heuristic solution: objective 3264725.0000
Starting NoRel heuristic
Found heuristic solution: objective 3264325.0000
Found heuristic solution: objective 1205379.0000
Found heuristic solution: objective 1168629.0000
Found heuristic solution: objective 1167689.0000
Found heuristic solution: objective 1014507.5000
Found heuristic solution: objective 1001215.0000
Found heuristic solution: objective 980986.50000
Found heuristic solution: objective 961056.50000
Elapsed time for NoRel heuristic: 5s (best bound -3.3221e+06)
Found heuristic solution: objective 958228.00000
Found heuristic solution: objective 916147.00000
Found heuristic solution: objective 878620.00000
Found heuristic solution: objective 870740.00000
Found heuristic solution: objective 844845.00000
Found heuristic solution: objective 810575.50000
Found heuristic solution: objective 801066.00000
Found heuristic solution: objective 500264.00000
Found heuristic solution: objective 499864.00000
Found heuristic solution: objective 489746.00000
Found heuristic solution: objective 470090.50000
Found heuristic solution: objective 466390.50000
Found heuristic solution: objective 455585.50000
Found heuristic solution: objective 449164.50000
Found heuristic solution: objective 440196.00000
Found heuristic solution: objective 435634.50000
Elapsed time for NoRel heuristic: 10s (best bound -2.80555e+06)
Found heuristic solution: objective 418926.00000
Found heuristic solution: objective 414821.00000
Found heuristic solution: objective 411606.00000
Found heuristic solution: objective 410262.50000
Found heuristic solution: objective 406462.50000
Found heuristic solution: objective 400876.00000
Found heuristic solution: objective 367801.50000
Found heuristic solution: objective 366830.00000
Found heuristic solution: objective 363434.50000
Found heuristic solution: objective 361914.00000
Found heuristic solution: objective 361384.50000
Found heuristic solution: objective 361084.50000
Found heuristic solution: objective 356589.00000
Found heuristic solution: objective 350552.00000
Found heuristic solution: objective 324668.00000
Elapsed time for NoRel heuristic: 15s (best bound -2.73885e+06)
Found heuristic solution: objective 292767.50000
Found heuristic solution: objective 290377.00000
Found heuristic solution: objective 289797.00000
Found heuristic solution: objective 288797.00000
Found heuristic solution: objective 287547.00000
Found heuristic solution: objective 285877.00000
Found heuristic solution: objective 285492.00000
Found heuristic solution: objective 283407.50000
Found heuristic solution: objective 279425.00000
Elapsed time for NoRel heuristic: 21s (best bound -2.54455e+06)
Found heuristic solution: objective 277334.50000
Found heuristic solution: objective 275884.50000
Found heuristic solution: objective 275584.50000
Found heuristic solution: objective 274804.50000
Found heuristic solution: objective 274304.50000
Found heuristic solution: objective 273764.50000
Found heuristic solution: objective 271257.50000
Found heuristic solution: objective 270139.00000
Found heuristic solution: objective 269539.00000
Found heuristic solution: objective 255639.00000
Elapsed time for NoRel heuristic: 26s (best bound -2.18035e+06)
Found heuristic solution: objective 254829.00000
Found heuristic solution: objective 251338.00000
Found heuristic solution: objective 250938.00000
Found heuristic solution: objective 249513.00000
Found heuristic solution: objective 248763.00000
Found heuristic solution: objective 247303.00000
Found heuristic solution: objective 246158.00000
Elapsed time for NoRel heuristic: 32s (best bound -2.0731e+06)
Found heuristic solution: objective 241998.50000
Found heuristic solution: objective 239900.50000
Found heuristic solution: objective 237641.00000
Found heuristic solution: objective 233357.00000
Found heuristic solution: objective 232451.50000
Found heuristic solution: objective 231921.50000
Found heuristic solution: objective 231421.50000
Found heuristic solution: objective 231296.50000
Found heuristic solution: objective 229526.50000
Found heuristic solution: objective 227472.50000
Elapsed time for NoRel heuristic: 40s (best bound -1.66275e+06)
Found heuristic solution: objective 221368.00000
Found heuristic solution: objective 218695.00000
Found heuristic solution: objective 218195.00000
Found heuristic solution: objective 218175.00000
Found heuristic solution: objective 217930.00000
Found heuristic solution: objective 217273.00000
Found heuristic solution: objective 216016.00000
Elapsed time for NoRel heuristic: 46s (best bound -1.34295e+06)
Found heuristic solution: objective 212777.50000
Found heuristic solution: objective 209085.50000
Found heuristic solution: objective 207924.00000
Found heuristic solution: objective 206557.50000
Elapsed time for NoRel heuristic: 52s (best bound -727700)
Found heuristic solution: objective 204211.00000
Found heuristic solution: objective 201797.50000
Found heuristic solution: objective 201772.50000
Found heuristic solution: objective 201486.50000
Found heuristic solution: objective 201417.00000
Found heuristic solution: objective 200153.50000
Found heuristic solution: objective 199528.00000
Found heuristic solution: objective 199493.00000
Elapsed time for NoRel heuristic: 59s (best bound -401250)
Found heuristic solution: objective 199052.00000
Found heuristic solution: objective 198921.00000
Found heuristic solution: objective 197249.50000
Found heuristic solution: objective 196489.00000
Elapsed time for NoRel heuristic: 65s (best bound -266050)
Found heuristic solution: objective 196219.00000
Found heuristic solution: objective 196199.00000
Found heuristic solution: objective 195437.00000
Found heuristic solution: objective 194981.50000
Found heuristic solution: objective 194941.50000
Found heuristic solution: objective 194682.00000
Found heuristic solution: objective 194302.00000
Elapsed time for NoRel heuristic: 70s (best bound -151950)
Found heuristic solution: objective 194287.00000
Found heuristic solution: objective 193982.00000
Found heuristic solution: objective 193873.00000
Found heuristic solution: objective 193778.00000
Elapsed time for NoRel heuristic: 76s (best bound -100500)
Found heuristic solution: objective 193673.00000
Found heuristic solution: objective 193623.00000
Found heuristic solution: objective 193338.00000
Found heuristic solution: objective 192857.50000
Found heuristic solution: objective 192847.50000
Found heuristic solution: objective 192665.00000
Found heuristic solution: objective 192469.00000
Elapsed time for NoRel heuristic: 83s (best bound 6018.5)
Found heuristic solution: objective 192309.00000
Found heuristic solution: objective 192274.00000
Found heuristic solution: objective 192158.00000
Found heuristic solution: objective 191498.50000
Found heuristic solution: objective 191313.50000
Elapsed time for NoRel heuristic: 90s (best bound 55680.7)
Found heuristic solution: objective 191233.50000
Found heuristic solution: objective 190440.50000
Elapsed time for NoRel heuristic: 96s (best bound 57397.7)
Found heuristic solution: objective 190317.50000
Found heuristic solution: objective 190302.50000
Found heuristic solution: objective 190212.50000
Elapsed time for NoRel heuristic: 103s (best bound 62189.5)
Found heuristic solution: objective 190117.50000
Found heuristic solution: objective 189962.00000
Found heuristic solution: objective 189754.50000
Found heuristic solution: objective 189739.50000
Found heuristic solution: objective 189729.50000
Elapsed time for NoRel heuristic: 110s (best bound 67724.5)
Found heuristic solution: objective 189517.50000
Elapsed time for NoRel heuristic: 116s (best bound 72037)
Found heuristic solution: objective 189292.50000
Elapsed time for NoRel heuristic: 124s (best bound 74682.5)
Found heuristic solution: objective 189232.00000
Found heuristic solution: objective 189227.00000
Found heuristic solution: objective 189218.50000
Found heuristic solution: objective 189012.00000
Found heuristic solution: objective 188954.50000
Elapsed time for NoRel heuristic: 130s (best bound 79242.5)
Found heuristic solution: objective 188706.50000
Found heuristic solution: objective 188661.50000
Elapsed time for NoRel heuristic: 137s (best bound 82085)
Found heuristic solution: objective 188576.50000
Found heuristic solution: objective 188423.50000
Elapsed time for NoRel heuristic: 146s (best bound 85715)
Found heuristic solution: objective 187842.50000
Elapsed time for NoRel heuristic: 154s (best bound 89597.5)
Found heuristic solution: objective 187460.00000
Elapsed time for NoRel heuristic: 164s (best bound 94363)
Found heuristic solution: objective 187205.00000
Elapsed time for NoRel heuristic: 172s (best bound 97632.5)
Found heuristic solution: objective 187190.00000
Found heuristic solution: objective 187178.50000
Elapsed time for NoRel heuristic: 182s (best bound 99456.2)
Found heuristic solution: objective 187147.50000
Found heuristic solution: objective 187132.50000
Elapsed time for NoRel heuristic: 194s (best bound 102589)
Found heuristic solution: objective 187097.50000
Found heuristic solution: objective 187082.50000
Elapsed time for NoRel heuristic: 206s (best bound 105074)
Found heuristic solution: objective 187047.50000
Found heuristic solution: objective 186761.50000
Elapsed time for NoRel heuristic: 215s (best bound 108546)
Found heuristic solution: objective 186694.50000
Elapsed time for NoRel heuristic: 227s (best bound 111048)
Found heuristic solution: objective 186684.50000
Found heuristic solution: objective 186551.50000
Elapsed time for NoRel heuristic: 237s (best bound 113544)
NoRel heuristic complete

Explored 0 nodes (0 simplex iterations) in 240.90 seconds (173.62 work units)
Thread count was 10 (of 10 available processors)

Solution count 10: 186552 186684 186694 ... 187178

Time limit reached
Best objective 1.865515000000e+05, best bound 1.153813333333e+05, gap 38.1504%
Solução -> não <- ótima.
No parameters matching 'VarsName' found
Set parameter TimeLimit to value 25200
Set parameter TimeLimit to value 5.5369763135910034e+01
Set parameter MIPFocus to value 1
Gurobi Optimizer version 10.0.2 build v10.0.2rc0 (mac64[arm])

CPU model: Apple M5
Thread count: 10 physical cores, 10 logical processors, using up to 10 threads

Optimize a model with 548706 rows, 284763 columns and 1341935 nonzeros
Model fingerprint: 0x31155b96
Variable types: 0 continuous, 284763 integer (264707 binary)
Coefficient statistics:
  Matrix range     [1e+00, 8e+01]
  Objective range  [5e-01, 2e+03]
  Bounds range     [1e+00, 1e+00]
  RHS range        [1e+00, 1e+02]

User MIP start produced solution with objective 186552 (0.11s)
Loaded user MIP start with objective 186552

Presolve removed 534600 rows and 273208 columns
Presolve time: 0.21s
Presolved: 14106 rows, 11555 columns, 41072 nonzeros
Variable types: 0 continuous, 11555 integer (11555 binary)

Root relaxation: objective 1.864110e+05, 4321 iterations, 0.11 seconds (0.20 work units)

    Nodes    |    Current Node    |     Objective Bounds      |     Work
 Expl Unexpl |  Obj  Depth IntInf | Incumbent    BestBd   Gap | It/Node Time

     0     0 186411.000    0  379 186551.500 186411.000  0.08%     -    0s
     0     0 186411.000    0  379 186551.500 186411.000  0.08%     -    0s
     0     0 186411.000    0  115 186551.500 186411.000  0.08%     -    0s
     0     0 186414.167    0   70 186551.500 186414.167  0.07%     -    0s
     0     0 186418.000    0  128 186551.500 186418.000  0.07%     -    0s
     0     0 186418.000    0   64 186551.500 186418.000  0.07%     -    0s
     0     0 186418.000    0   94 186551.500 186418.000  0.07%     -    0s
     0     0 186418.000    0   81 186551.500 186418.000  0.07%     -    0s
H    0     0                    186541.50000 186418.000  0.07%     -    0s
H    0     0                    186531.00000 186418.000  0.06%     -    0s
     0     0 186418.500    0   76 186531.000 186418.500  0.06%     -    0s
     0     0 186419.000    0   92 186531.000 186419.000  0.06%     -    0s
     0     0 186420.917    0  102 186531.000 186420.917  0.06%     -    0s
     0     0 186420.917    0  102 186531.000 186420.917  0.06%     -    0s
H    0     0                    186526.50000 186420.917  0.06%     -    0s
     0     0 186422.250    0   87 186526.500 186422.250  0.06%     -    0s
H    0     0                    186523.50000 186422.250  0.05%     -    0s
     0     0 186424.900    0   88 186523.500 186424.900  0.05%     -    0s
     0     2 186425.000    0   85 186523.500 186425.000  0.05%     -    0s
H  120    55                    186521.50000 186429.167  0.05%  16.1    0s
*  155    51              12    186518.50000 186430.750  0.05%  15.9    0s

Cutting planes:
  Gomory: 1
  MIR: 1
  Inf proof: 2
  Zero half: 25
  RLT: 13
  BQP: 15

Explored 488 nodes (15132 simplex iterations) in 0.68 seconds (1.69 work units)
Thread count was 10 (of 10 available processors)

Solution count 7: 186518 186522 186524 ... 186552

Optimal solution found (tolerance 1.00e-04)
Best objective 1.865185000000e+05, best bound 1.865185000000e+05, gap 0.0000%
Solução ótima encontrada.
No parameters matching 'VarsName' found
Set parameter TimeLimit to value 25200
Set parameter TimeLimit to value 5.0902425050735474e+01
Set parameter MIPFocus to value 1
Gurobi Optimizer version 10.0.2 build v10.0.2rc0 (mac64[arm])

CPU model: Apple M5
Thread count: 10 physical cores, 10 logical processors, using up to 10 threads

Optimize a model with 548706 rows, 284763 columns and 1341935 nonzeros
Model fingerprint: 0xb3a27b23
Variable types: 0 continuous, 284763 integer (264707 binary)
Coefficient statistics:
  Matrix range     [1e+00, 8e+01]
  Objective range  [5e-01, 2e+03]
  Bounds range     [1e+00, 1e+00]
  RHS range        [1e+00, 1e+02]

User MIP start produced solution with objective 186518 (0.10s)
Loaded user MIP start with objective 186518

Presolve removed 529643 rows and 269702 columns
Presolve time: 0.22s
Presolved: 19063 rows, 15061 columns, 54691 nonzeros
Variable types: 0 continuous, 15061 integer (15061 binary)

Root relaxation: objective 1.860867e+05, 11289 iterations, 0.24 seconds (0.51 work units)

    Nodes    |    Current Node    |     Objective Bounds      |     Work
 Expl Unexpl |  Obj  Depth IntInf | Incumbent    BestBd   Gap | It/Node Time

     0     0 186086.688    0  693 186518.500 186086.688  0.23%     -    0s
     0     0 186086.688    0  712 186518.500 186086.688  0.23%     -    0s
     0     0 186086.688    0  724 186518.500 186086.688  0.23%     -    0s
     0     0 186086.688    0  641 186518.500 186086.688  0.23%     -    1s
     0     0 186295.273    0 1301 186518.500 186295.273  0.12%     -    1s
     0     0 186317.250    0  568 186518.500 186317.250  0.11%     -    1s
     0     0 186327.156    0  698 186518.500 186327.156  0.10%     -    1s
     0     0 186332.402    0 1233 186518.500 186332.402  0.10%     -    2s
     0     0 186453.137    0  736 186518.500 186453.137  0.04%     -    2s
     0     0 186453.137    0  330 186518.500 186453.137  0.04%     -    2s
     0     0 186515.500    0  174 186518.500 186515.500  0.00%     -    2s

Cutting planes:
  Gomory: 2
  Implied bound: 4
  Clique: 78
  MIR: 9
  Zero half: 34
  RLT: 43
  BQP: 8

Explored 1 nodes (43946 simplex iterations) in 2.70 seconds (5.41 work units)
Thread count was 10 (of 10 available processors)

Solution count 1: 186518 

Optimal solution found (tolerance 1.00e-04)
Best objective 1.865185000000e+05, best bound 1.865155000000e+05, gap 0.0016%
Solução ótima encontrada.
No parameters matching 'VarsName' found
Set parameter TimeLimit to value 25200
Set parameter TimeLimit to value 4.4475082874298096e+01
Set parameter MIPFocus to value 1
Gurobi Optimizer version 10.0.2 build v10.0.2rc0 (mac64[arm])

CPU model: Apple M5
Thread count: 10 physical cores, 10 logical processors, using up to 10 threads

Optimize a model with 548706 rows, 284763 columns and 1341935 nonzeros
Model fingerprint: 0x92521609
Variable types: 0 continuous, 284763 integer (264707 binary)
Coefficient statistics:
  Matrix range     [1e+00, 8e+01]
  Objective range  [5e-01, 2e+03]
  Bounds range     [1e+00, 1e+00]
  RHS range        [1e+00, 1e+02]

User MIP start produced solution with objective 186518 (0.10s)
Loaded user MIP start with objective 186518

Presolve removed 531348 rows and 270659 columns
Presolve time: 0.22s
Presolved: 17358 rows, 14104 columns, 51167 nonzeros
Variable types: 0 continuous, 14104 integer (14104 binary)

Root relaxation: objective 1.857665e+05, 2552 iterations, 0.04 seconds (0.08 work units)

    Nodes    |    Current Node    |     Objective Bounds      |     Work
 Expl Unexpl |  Obj  Depth IntInf | Incumbent    BestBd   Gap | It/Node Time

     0     0 185766.500    0  567 186518.500 185766.500  0.40%     -    0s
     0     0 186295.125    0  693 186518.500 186295.125  0.12%     -    0s
     0     0 186324.194    0  694 186518.500 186324.194  0.10%     -    0s
     0     0 186341.417    0  558 186518.500 186341.417  0.09%     -    0s
     0     0 186478.500    0  247 186518.500 186478.500  0.02%     -    0s
     0     0 186489.000    0  432 186518.500 186489.000  0.02%     -    0s
     0     0 186490.667    0  392 186518.500 186490.667  0.01%     -    0s
     0     0 186501.625    0  266 186518.500 186501.625  0.01%     -    0s

Cutting planes:
  Gomory: 5
  Clique: 13
  MIR: 2
  Zero half: 35
  RLT: 7
  BQP: 21

Explored 1 nodes (10813 simplex iterations) in 0.73 seconds (1.83 work units)
Thread count was 10 (of 10 available processors)

Solution count 1: 186518 

Optimal solution found (tolerance 1.00e-04)
Best objective 1.865185000000e+05, best bound 1.865020000000e+05, gap 0.0088%
Solução ótima encontrada.
No parameters matching 'VarsName' found
Set parameter TimeLimit to value 25200
Set parameter TimeLimit to value 4.0047070980072021e+01
Set parameter MIPFocus to value 1
Gurobi Optimizer version 10.0.2 build v10.0.2rc0 (mac64[arm])

CPU model: Apple M5
Thread count: 10 physical cores, 10 logical processors, using up to 10 threads

Optimize a model with 548706 rows, 284763 columns and 1341935 nonzeros
Model fingerprint: 0x15a3d9cc
Variable types: 0 continuous, 284763 integer (264707 binary)
Coefficient statistics:
  Matrix range     [1e+00, 8e+01]
  Objective range  [5e-01, 2e+03]
  Bounds range     [1e+00, 1e+00]
  RHS range        [1e+00, 1e+02]

User MIP start produced solution with objective 186518 (0.10s)
Loaded user MIP start with objective 186518

Presolve removed 542960 rows and 279863 columns
Presolve time: 0.16s
Presolved: 5746 rows, 4900 columns, 16173 nonzeros
Variable types: 0 continuous, 4900 integer (4900 binary)

Root relaxation: cutoff, 775 iterations, 0.01 seconds (0.01 work units)

    Nodes    |    Current Node    |     Objective Bounds      |     Work
 Expl Unexpl |  Obj  Depth IntInf | Incumbent    BestBd   Gap | It/Node Time

     0     0     cutoff    0      186518.500 186518.500  0.00%     -    0s

Explored 1 nodes (775 simplex iterations) in 0.29 seconds (0.88 work units)
Thread count was 10 (of 10 available processors)

Solution count 1: 186518 

Optimal solution found (tolerance 1.00e-04)
Best objective 1.865185000000e+05, best bound 1.865185000000e+05, gap 0.0000%
Solução ótima encontrada.
No parameters matching 'VarsName' found
Set parameter TimeLimit to value 25200
Set parameter TimeLimit to value 3.6096158266067505e+01
Set parameter MIPFocus to value 1
Gurobi Optimizer version 10.0.2 build v10.0.2rc0 (mac64[arm])

CPU model: Apple M5
Thread count: 10 physical cores, 10 logical processors, using up to 10 threads

Optimize a model with 548706 rows, 284763 columns and 1341935 nonzeros
Model fingerprint: 0x2e1c6100
Variable types: 0 continuous, 284763 integer (264707 binary)
Coefficient statistics:
  Matrix range     [1e+00, 8e+01]
  Objective range  [5e-01, 2e+03]
  Bounds range     [1e+00, 1e+00]
  RHS range        [1e+00, 1e+02]

User MIP start produced solution with objective 186518 (0.10s)
Loaded user MIP start with objective 186518

Presolve removed 531012 rows and 270921 columns
Presolve time: 0.16s
Presolved: 17694 rows, 13842 columns, 49810 nonzeros
Variable types: 0 continuous, 13842 integer (13842 binary)

Root relaxation: objective 1.864712e+05, 1497 iterations, 0.02 seconds (0.05 work units)

    Nodes    |    Current Node    |     Objective Bounds      |     Work
 Expl Unexpl |  Obj  Depth IntInf | Incumbent    BestBd   Gap | It/Node Time

     0     0 186471.250    0  315 186518.500 186471.250  0.03%     -    0s
     0     0 186471.250    0  315 186518.500 186471.250  0.03%     -    0s
     0     0 186471.250    0   62 186518.500 186471.250  0.03%     -    0s
H    0     0                    186503.50000 186471.250  0.02%     -    0s

Cutting planes:
  MIR: 8
  Zero half: 12
  RLT: 2
  BQP: 6

Explored 1 nodes (2939 simplex iterations) in 0.39 seconds (1.13 work units)
Thread count was 10 (of 10 available processors)

Solution count 2: 186504 186518 

Optimal solution found (tolerance 1.00e-04)
Best objective 1.865035000000e+05, best bound 1.864935000000e+05, gap 0.0054%
Solução ótima encontrada.
No parameters matching 'VarsName' found
Set parameter TimeLimit to value 25200
Set parameter TimeLimit to value 3.1983860015869141e+01
Set parameter MIPFocus to value 1
Gurobi Optimizer version 10.0.2 build v10.0.2rc0 (mac64[arm])

CPU model: Apple M5
Thread count: 10 physical cores, 10 logical processors, using up to 10 threads

Optimize a model with 548706 rows, 284763 columns and 1341935 nonzeros
Model fingerprint: 0xed977cbc
Variable types: 0 continuous, 284763 integer (264707 binary)
Coefficient statistics:
  Matrix range     [1e+00, 8e+01]
  Objective range  [5e-01, 2e+03]
  Bounds range     [1e+00, 1e+00]
  RHS range        [1e+00, 1e+02]

User MIP start produced solution with objective 186504 (0.12s)
Loaded user MIP start with objective 186504

Presolve removed 531750 rows and 272550 columns
Presolve time: 0.22s
Presolved: 16956 rows, 12213 columns, 48759 nonzeros
Variable types: 0 continuous, 12213 integer (12213 binary)

Root relaxation: objective 1.860951e+05, 10658 iterations, 0.33 seconds (0.84 work units)

    Nodes    |    Current Node    |     Objective Bounds      |     Work
 Expl Unexpl |  Obj  Depth IntInf | Incumbent    BestBd   Gap | It/Node Time

     0     0 186095.100    0  679 186503.500 186095.100  0.22%     -    0s
     0     0 186135.125    0  621 186503.500 186135.125  0.20%     -    0s
     0     0 186138.750    0  621 186503.500 186138.750  0.20%     -    0s
     0     0 186162.169    0  749 186503.500 186162.169  0.18%     -    1s
     0     0 186162.355    0  749 186503.500 186162.355  0.18%     -    1s
     0     0 186177.296    0  817 186503.500 186177.296  0.17%     -    1s
     0     0 186179.121    0  777 186503.500 186179.121  0.17%     -    1s
     0     0 186179.222    0  794 186503.500 186179.222  0.17%     -    1s
     0     0 186179.250    0  793 186503.500 186179.250  0.17%     -    1s
     0     0 186179.402    0  795 186503.500 186179.402  0.17%     -    1s
     0     0 186180.045    0  826 186503.500 186180.045  0.17%     -    1s
     0     0 186180.045    0  831 186503.500 186180.045  0.17%     -    1s
     0     0 186185.014    0  882 186503.500 186185.014  0.17%     -    1s
     0     0 186185.014    0  655 186503.500 186185.014  0.17%     -    2s
     0     0 186185.014    0  869 186503.500 186185.014  0.17%     -    2s
     0     0 186185.014    0  823 186503.500 186185.014  0.17%     -    2s
     0     0 186185.778    0  827 186503.500 186185.778  0.17%     -    3s
     0     0 186186.146    0  810 186503.500 186186.146  0.17%     -    3s
     0     0 186187.181    0  802 186503.500 186187.181  0.17%     -    3s
     0     0 186187.210    0  807 186503.500 186187.210  0.17%     -    3s
     0     0 186187.210    0  824 186503.500 186187.210  0.17%     -    3s
     0     0 186195.258    0  816 186503.500 186195.258  0.17%     -    3s
     0     0 186196.333    0  845 186503.500 186196.333  0.16%     -    3s
     0     0 186196.937    0  831 186503.500 186196.937  0.16%     -    3s
     0     0 186196.938    0  839 186503.500 186196.938  0.16%     -    3s
     0     0 186198.828    0  809 186503.500 186198.828  0.16%     -    3s
     0     0 186199.328    0  842 186503.500 186199.328  0.16%     -    3s
     0     0 186199.350    0  827 186503.500 186199.350  0.16%     -    3s
     0     0 186199.352    0  848 186503.500 186199.352  0.16%     -    3s
H    0     0                    186388.50000 186199.352  0.10%     -    3s
     0     0 186203.729    0  837 186388.500 186203.729  0.10%     -    3s
     0     0 186204.326    0  833 186388.500 186204.326  0.10%     -    3s
     0     0 186208.439    0  872 186388.500 186208.439  0.10%     -    4s
     0     0 186208.439    0  479 186388.500 186208.439  0.10%     -    4s
     0     0 186209.484    0  527 186388.500 186209.484  0.10%     -    4s
     0     0 186214.912    0  528 186388.500 186214.912  0.09%     -    4s
     0     0 186215.130    0  546 186388.500 186215.130  0.09%     -    4s
     0     0 186215.833    0  538 186388.500 186215.833  0.09%     -    4s
     0     0 186215.833    0  538 186388.500 186215.833  0.09%     -    4s
     0     0 186222.183    0  567 186388.500 186222.183  0.09%     -    4s
     0     0 186223.591    0  544 186388.500 186223.591  0.09%     -    4s
     0     0 186225.286    0  537 186388.500 186225.286  0.09%     -    4s
     0     0 186225.308    0  559 186388.500 186225.308  0.09%     -    4s
H    0     0                    186383.50000 186225.308  0.08%     -    4s
     0     0 186227.851    0  578 186383.500 186227.851  0.08%     -    4s
     0     0 186227.888    0  576 186383.500 186227.888  0.08%     -    4s
     0     0 186227.960    0  585 186383.500 186227.960  0.08%     -    4s
     0     0 186227.960    0  585 186383.500 186227.960  0.08%     -    4s
     0     0 186231.250    0  602 186383.500 186231.250  0.08%     -    4s
     0     0 186231.250    0  608 186383.500 186231.250  0.08%     -    4s
     0     0 186231.750    0  592 186383.500 186231.750  0.08%     -    4s
     0     0 186231.750    0  573 186383.500 186231.750  0.08%     -    4s
     0     0 186232.500    0  593 186383.500 186232.500  0.08%     -    4s
     0     0 186232.500    0  593 186383.500 186232.500  0.08%     -    4s
     0     0 186239.028    0  595 186383.500 186239.028  0.08%     -    4s
     0     0 186239.028    0  360 186383.500 186239.028  0.08%     -    4s
     0     0 186239.028    0  423 186383.500 186239.028  0.08%     -    4s
     0     0 186239.028    0  468 186383.500 186239.028  0.08%     -    5s
     0     0 186239.028    0  442 186383.500 186239.028  0.08%     -    5s
     0     0 186239.028    0  471 186383.500 186239.028  0.08%     -    5s
     0     0 186239.028    0  470 186383.500 186239.028  0.08%     -    5s
     0     0 186239.028    0  470 186383.500 186239.028  0.08%     -    5s
     0     0 186239.028    0  425 186383.500 186239.028  0.08%     -    5s
     0     0 186239.028    0  472 186383.500 186239.028  0.08%     -    5s
     0     0 186239.028    0  474 186383.500 186239.028  0.08%     -    5s
     0     0 186239.028    0  490 186383.500 186239.028  0.08%     -    5s
     0     0 186239.203    0  499 186383.500 186239.203  0.08%     -    5s
     0     0 186239.343    0  515 186383.500 186239.343  0.08%     -    5s
     0     0 186239.343    0  516 186383.500 186239.343  0.08%     -    5s
     0     0 186240.785    0  469 186383.500 186240.785  0.08%     -    5s
     0     0 186242.562    0  487 186383.500 186242.562  0.08%     -    5s
     0     0 186242.628    0  487 186383.500 186242.628  0.08%     -    5s
H    0     0                    186373.50000 186242.628  0.07%     -    5s
     0     0 186243.274    0  458 186373.500 186243.274  0.07%     -    5s
     0     0 186243.696    0  466 186373.500 186243.696  0.07%     -    5s
     0     0 186243.719    0  469 186373.500 186243.719  0.07%     -    5s
     0     0 186243.719    0  468 186373.500 186243.719  0.07%     -    5s
     0     0 186245.875    0  432 186373.500 186245.875  0.07%     -    5s
     0     0 186246.974    0  504 186373.500 186246.974  0.07%     -    5s
     0     0 186247.024    0  512 186373.500 186247.024  0.07%     -    5s
     0     0 186247.086    0  510 186373.500 186247.086  0.07%     -    5s
     0     0 186247.138    0  508 186373.500 186247.138  0.07%     -    5s
     0     0 186247.153    0  527 186373.500 186247.153  0.07%     -    5s
     0     0 186248.500    0  502 186373.500 186248.500  0.07%     -    5s
     0     2 186248.538    0  502 186373.500 186248.538  0.07%     -    5s
H   42    24                    186358.50000 186275.056  0.04%   126    5s
H   97    19                    186353.50000 186275.056  0.04%  75.3    5s

Cutting planes:
  Gomory: 1
  MIR: 5
  Zero half: 33
  RLT: 14
  BQP: 32

Explored 193 nodes (61086 simplex iterations) in 5.64 seconds (10.24 work units)
Thread count was 10 (of 10 available processors)

Solution count 6: 186354 186358 186374 ... 186504

Optimal solution found (tolerance 1.00e-04)
Best objective 1.863535000000e+05, best bound 1.863535000000e+05, gap 0.0000%
Solução ótima encontrada.
No parameters matching 'VarsName' found
Set parameter TimeLimit to value 25200
Set parameter TimeLimit to value 2.2570697069168091e+01
Set parameter MIPFocus to value 1
Gurobi Optimizer version 10.0.2 build v10.0.2rc0 (mac64[arm])

CPU model: Apple M5
Thread count: 10 physical cores, 10 logical processors, using up to 10 threads

Optimize a model with 548706 rows, 284763 columns and 1341935 nonzeros
Model fingerprint: 0xc5ed8695
Variable types: 0 continuous, 284763 integer (264707 binary)
Coefficient statistics:
  Matrix range     [1e+00, 8e+01]
  Objective range  [5e-01, 2e+03]
  Bounds range     [1e+00, 1e+00]
  RHS range        [1e+00, 1e+02]

User MIP start produced solution with objective 186354 (0.11s)
Loaded user MIP start with objective 186354

Presolve removed 547488 rows and 283660 columns
Presolve time: 0.15s
Presolved: 1218 rows, 1103 columns, 3463 nonzeros
Variable types: 0 continuous, 1103 integer (1103 binary)

Root relaxation: cutoff, 161 iterations, 0.00 seconds (0.00 work units)

    Nodes    |    Current Node    |     Objective Bounds      |     Work
 Expl Unexpl |  Obj  Depth IntInf | Incumbent    BestBd   Gap | It/Node Time

     0     0     cutoff    0      186353.500 186353.500  0.00%     -    0s

Explored 1 nodes (161 simplex iterations) in 0.27 seconds (0.83 work units)
Thread count was 10 (of 10 available processors)

Solution count 1: 186354 

Optimal solution found (tolerance 1.00e-04)
Best objective 1.863535000000e+05, best bound 1.863535000000e+05, gap 0.0000%
Solução ótima encontrada.
No parameters matching 'VarsName' found
Set parameter TimeLimit to value 25200
Set parameter TimeLimit to value 18.6098051071167
Set parameter MIPFocus to value 1
Gurobi Optimizer version 10.0.2 build v10.0.2rc0 (mac64[arm])

CPU model: Apple M5
Thread count: 10 physical cores, 10 logical processors, using up to 10 threads

Optimize a model with 548706 rows, 284763 columns and 1341935 nonzeros
Model fingerprint: 0x914a2eaf
Variable types: 0 continuous, 284763 integer (264707 binary)
Coefficient statistics:
  Matrix range     [1e+00, 8e+01]
  Objective range  [5e-01, 2e+03]
  Bounds range     [1e+00, 1e+00]
  RHS range        [1e+00, 1e+02]

User MIP start produced solution with objective 186354 (0.10s)
Loaded user MIP start with objective 186354

Presolve removed 545574 rows and 281922 columns
Presolve time: 0.16s
Presolved: 3132 rows, 2841 columns, 8914 nonzeros
Variable types: 0 continuous, 2841 integer (2841 binary)

Root relaxation: cutoff, 128 iterations, 0.00 seconds (0.00 work units)

    Nodes    |    Current Node    |     Objective Bounds      |     Work
 Expl Unexpl |  Obj  Depth IntInf | Incumbent    BestBd   Gap | It/Node Time

     0     0     cutoff    0      186353.500 186353.500  0.00%     -    0s

Explored 1 nodes (128 simplex iterations) in 0.27 seconds (0.83 work units)
Thread count was 10 (of 10 available processors)

Solution count 1: 186354 

Optimal solution found (tolerance 1.00e-04)
Best objective 1.863535000000e+05, best bound 1.863535000000e+05, gap 0.0000%
Solução ótima encontrada.
No parameters matching 'VarsName' found
Set parameter TimeLimit to value 25200
Set parameter TimeLimit to value 1.4686309099197388e+01
Set parameter MIPFocus to value 1
Gurobi Optimizer version 10.0.2 build v10.0.2rc0 (mac64[arm])

CPU model: Apple M5
Thread count: 10 physical cores, 10 logical processors, using up to 10 threads

Optimize a model with 548706 rows, 284763 columns and 1341935 nonzeros
Model fingerprint: 0x7d200e25
Variable types: 0 continuous, 284763 integer (264707 binary)
Coefficient statistics:
  Matrix range     [1e+00, 8e+01]
  Objective range  [5e-01, 2e+03]
  Bounds range     [1e+00, 1e+00]
  RHS range        [1e+00, 1e+02]

User MIP start produced solution with objective 186354 (0.10s)
Loaded user MIP start with objective 186354

Presolve removed 542375 rows and 279501 columns
Presolve time: 0.17s
Presolved: 6331 rows, 5262 columns, 17892 nonzeros
Variable types: 0 continuous, 5262 integer (5262 binary)

Root relaxation: objective 1.863485e+05, 1295 iterations, 0.01 seconds (0.03 work units)

    Nodes    |    Current Node    |     Objective Bounds      |     Work
 Expl Unexpl |  Obj  Depth IntInf | Incumbent    BestBd   Gap | It/Node Time

     0     0 186348.500    0  122 186353.500 186348.500  0.00%     -    0s

Explored 1 nodes (2099 simplex iterations) in 0.32 seconds (0.96 work units)
Thread count was 10 (of 10 available processors)

Solution count 1: 186354 

Optimal solution found (tolerance 1.00e-04)
Best objective 1.863535000000e+05, best bound 1.863485000000e+05, gap 0.0027%
Solução ótima encontrada.
No parameters matching 'VarsName' found
Set parameter TimeLimit to value 25200
Set parameter TimeLimit to value 1.0663627862930298e+01
Set parameter MIPFocus to value 1
Gurobi Optimizer version 10.0.2 build v10.0.2rc0 (mac64[arm])

CPU model: Apple M5
Thread count: 10 physical cores, 10 logical processors, using up to 10 threads

Optimize a model with 548706 rows, 284763 columns and 1341935 nonzeros
Model fingerprint: 0x44957a6e
Variable types: 0 continuous, 284763 integer (264707 binary)
Coefficient statistics:
  Matrix range     [1e+00, 8e+01]
  Objective range  [5e-01, 2e+03]
  Bounds range     [1e+00, 1e+00]
  RHS range        [1e+00, 1e+02]

User MIP start produced solution with objective 186354 (0.10s)
Loaded user MIP start with objective 186354

Presolve removed 536362 rows and 274918 columns
Presolve time: 0.20s
Presolved: 12344 rows, 9845 columns, 35671 nonzeros
Variable types: 0 continuous, 9845 integer (9845 binary)

Root relaxation: objective 1.860828e+05, 8933 iterations, 0.36 seconds (1.06 work units)

    Nodes    |    Current Node    |     Objective Bounds      |     Work
 Expl Unexpl |  Obj  Depth IntInf | Incumbent    BestBd   Gap | It/Node Time

     0     0 186082.750    0  350 186353.500 186082.750  0.15%     -    1s
     0     0 186115.611    0  939 186353.500 186115.611  0.13%     -    1s
     0     0 186115.611    0  338 186353.500 186115.611  0.13%     -    1s
     0     0 186118.083    0  744 186353.500 186118.083  0.13%     -    2s
     0     0 186118.500    0  726 186353.500 186118.500  0.13%     -    2s
     0     0 186123.500    0  716 186353.500 186123.500  0.12%     -    2s
     0     0 186161.750    0  592 186353.500 186161.750  0.10%     -    2s
     0     0 186161.750    0  112 186353.500 186161.750  0.10%     -    2s
     0     0 186161.750    0  278 186353.500 186161.750  0.10%     -    2s
     0     0 186161.750    0  199 186353.500 186161.750  0.10%     -    2s
     0     0 186161.750    0  228 186353.500 186161.750  0.10%     -    2s
     0     0 186161.972    0  226 186353.500 186161.972  0.10%     -    2s
     0     0 186162.071    0  230 186353.500 186162.071  0.10%     -    2s
     0     0 186176.950    0  210 186353.500 186176.950  0.09%     -    2s
     0     0 186176.950    0  209 186353.500 186176.950  0.09%     -    2s
     0     0 186179.900    0  137 186353.500 186179.900  0.09%     -    2s
     0     0 186186.417    0  164 186353.500 186186.417  0.09%     -    2s
     0     0 186187.607    0  147 186353.500 186187.607  0.09%     -    2s
     0     0 186188.583    0  143 186353.500 186188.583  0.09%     -    2s
     0     0 186189.000    0  138 186353.500 186189.000  0.09%     -    2s
     0     0 186189.000    0  138 186353.500 186189.000  0.09%     -    2s
     0     0 186192.909    0  217 186353.500 186192.909  0.09%     -    2s
     0     0 186195.745    0  230 186353.500 186195.745  0.08%     -    2s
     0     0 186196.056    0  148 186353.500 186196.056  0.08%     -    2s
     0     0 186197.509    0  222 186353.500 186197.509  0.08%     -    2s
     0     0 186197.778    0  218 186353.500 186197.778  0.08%     -    2s
     0     0 186198.000    0  219 186353.500 186198.000  0.08%     -    2s
     0     0 186199.000    0  130 186353.500 186199.000  0.08%     -    2s
     0     2 186199.241    0  130 186353.500 186199.241  0.08%     -    2s

Cutting planes:
  Implied bound: 10
  Clique: 79
  MIR: 4
  Inf proof: 3
  Zero half: 45
  RLT: 82
  BQP: 70

Explored 4540 nodes (236409 simplex iterations) in 4.42 seconds (8.99 work units)
Thread count was 10 (of 10 available processors)

Solution count 1: 186354 

Optimal solution found (tolerance 1.00e-04)
Best objective 1.863535000000e+05, best bound 1.863535000000e+05, gap 0.0000%
Solução ótima encontrada.
No parameters matching 'VarsName' found
Set parameter TimeLimit to value 25200
Set parameter TimeLimit to value 2.5165660381317139e+00
Set parameter MIPFocus to value 1
Gurobi Optimizer version 10.0.2 build v10.0.2rc0 (mac64[arm])

CPU model: Apple M5
Thread count: 10 physical cores, 10 logical processors, using up to 10 threads

Optimize a model with 548706 rows, 284763 columns and 1341935 nonzeros
Model fingerprint: 0x6bb09c9b
Variable types: 0 continuous, 284763 integer (264707 binary)
Coefficient statistics:
  Matrix range     [1e+00, 8e+01]
  Objective range  [5e-01, 2e+03]
  Bounds range     [1e+00, 1e+00]
  RHS range        [1e+00, 1e+02]

User MIP start produced solution with objective 186354 (0.10s)
Loaded user MIP start with objective 186354

Presolve removed 543500 rows and 280280 columns
Presolve time: 0.17s
Presolved: 5206 rows, 4483 columns, 14800 nonzeros
Variable types: 0 continuous, 4483 integer (4483 binary)

Root relaxation: objective 1.862985e+05, 1099 iterations, 0.01 seconds (0.02 work units)

    Nodes    |    Current Node    |     Objective Bounds      |     Work
 Expl Unexpl |  Obj  Depth IntInf | Incumbent    BestBd   Gap | It/Node Time

     0     0 186298.500    0  213 186353.500 186298.500  0.03%     -    0s
     0     0 186298.500    0  213 186353.500 186298.500  0.03%     -    0s
     0     0 186298.500    0   47 186353.500 186298.500  0.03%     -    0s
     0     0 186300.167    0   62 186353.500 186300.167  0.03%     -    0s
H    0     0                    186348.50000 186300.167  0.03%     -    0s
H    0     0                    186343.50000 186300.167  0.02%     -    0s
     0     0 186303.500    0   29 186343.500 186303.500  0.02%     -    0s
     0     0 186303.500    0   66 186343.500 186303.500  0.02%     -    0s
     0     0 186303.500    0   52 186343.500 186303.500  0.02%     -    0s
     0     0 186303.500    0   52 186343.500 186303.500  0.02%     -    0s
H    0     0                    186338.50000 186303.500  0.02%     -    0s
     0     0 186303.500    0   68 186338.500 186303.500  0.02%     -    0s
     0     0 186303.500    0   52 186338.500 186303.500  0.02%     -    0s
H    0     0                    186323.50000 186303.500  0.01%     -    0s
     0     0 186304.333    0   71 186323.500 186304.333  0.01%     -    0s
     0     0 186304.333    0   45 186323.500 186304.333  0.01%     -    0s
     0     0 186304.333    0   66 186323.500 186304.333  0.01%     -    0s
     0     0 186308.500    0   52 186323.500 186308.500  0.01%     -    0s

Cutting planes:
  Gomory: 1
  Clique: 17
  MIR: 1
  Zero half: 5
  RLT: 3
  BQP: 3

Explored 1 nodes (2499 simplex iterations) in 0.36 seconds (0.98 work units)
Thread count was 10 (of 10 available processors)

Solution count 5: 186324 186338 186344 ... 186354

Optimal solution found (tolerance 1.00e-04)
Best objective 1.863235000000e+05, best bound 1.863085000000e+05, gap 0.0081%
Solução ótima encontrada.
RESULTADO_JSON={"arquivo_log_csv": "resultados/experimentos/2024_1/fixopt_passada_init240_total300.csv", "arquivo_log_json": "resultados/experimentos/2024_1/fixopt_passada_init240_total300.json", "arquivo_melhor_solucao": "resultados/experimentos/2024_1/fixopt_passada_init240_total300.sol", "etapa": "fix_and_optimize_cursos", "ganho_absoluto": 228.0, "historico": [{"curso": "ADM", "disciplinas_livres": 48, "iteracao": 1, "melhorou": true, "objetivo_anterior": 186551.5, "objetivo_candidato": 186518.5, "objetivo_incumbente": 186518.5, "passada": 1, "status_solver": "OPTIMAL", "tempo_gasto_s": 4.41, "tempo_limite_subproblema_s": 55.37, "variaveis_x_fixadas": 85698, "variaveis_x_livres": 9292, "vizinhanca": "curso"}, {"curso": "AGRO", "disciplinas_livres": 51, "iteracao": 2, "melhorou": false, "objetivo_anterior": 186518.5, "objetivo_candidato": 186518.5, "objetivo_incumbente": 186518.5, "passada": 1, "status_solver": "OPTIMAL", "tempo_gasto_s": 6.43, "tempo_limite_subproblema_s": 50.9, "variaveis_x_fixadas": 86250, "variaveis_x_livres": 8740, "vizinhanca": "curso"}, {"curso": "CC", "disciplinas_livres": 47, "iteracao": 3, "melhorou": false, "objetivo_anterior": 186518.5, "objetivo_candidato": 186518.5, "objetivo_incumbente": 186518.5, "passada": 1, "status_solver": "OPTIMAL", "tempo_gasto_s": 4.43, "tempo_limite_subproblema_s": 44.48, "variaveis_x_fixadas": 84456, "variaveis_x_livres": 10534, "vizinhanca": "curso"}, {"curso": "CS", "disciplinas_livres": 22, "iteracao": 4, "melhorou": false, "objetivo_anterior": 186518.5, "objetivo_candidato": 186518.5, "objetivo_incumbente": 186518.5, "passada": 1, "status_solver": "OPTIMAL", "tempo_gasto_s": 3.95, "tempo_limite_subproblema_s": 40.05, "variaveis_x_fixadas": 90436, "variaveis_x_livres": 4554, "vizinhanca": "curso"}, {"curso": "EAS", "disciplinas_livres": 45, "iteracao": 5, "melhorou": true, "objetivo_anterior": 186518.5, "objetivo_candidato": 186503.5, "objetivo_incumbente": 186503.5, "passada": 1, "status_solver": "OPTIMAL", "tempo_gasto_s": 4.06, "tempo_limite_subproblema_s": 36.1, "variaveis_x_fixadas": 87538, "variaveis_x_livres": 7452, "vizinhanca": "curso"}, {"curso": "ENF", "disciplinas_livres": 18, "iteracao": 6, "melhorou": true, "objetivo_anterior": 186503.5, "objetivo_candidato": 186353.5, "objetivo_incumbente": 186353.5, "passada": 1, "status_solver": "OPTIMAL", "tempo_gasto_s": 9.35, "tempo_limite_subproblema_s": 31.98, "variaveis_x_fixadas": 86480, "variaveis_x_livres": 8510, "vizinhanca": "curso"}, {"curso": "FIL", "disciplinas_livres": 15, "iteracao": 7, "melhorou": false, "objetivo_anterior": 186353.5, "objetivo_candidato": 186353.5, "objetivo_incumbente": 186353.5, "passada": 1, "status_solver": "OPTIMAL", "tempo_gasto_s": 3.96, "tempo_limite_subproblema_s": 22.57, "variaveis_x_fixadas": 92230, "variaveis_x_livres": 2760, "vizinhanca": "curso"}, {"curso": "GEO", "disciplinas_livres": 10, "iteracao": 8, "melhorou": false, "objetivo_anterior": 186353.5, "objetivo_candidato": 186353.5, "objetivo_incumbente": 186353.5, "passada": 1, "status_solver": "OPTIMAL", "tempo_gasto_s": 3.92, "tempo_limite_subproblema_s": 18.61, "variaveis_x_fixadas": 92920, "variaveis_x_livres": 2070, "vizinhanca": "curso"}, {"curso": "HIS", "disciplinas_livres": 24, "iteracao": 9, "melhorou": false, "objetivo_anterior": 186353.5, "objetivo_candidato": 186353.5, "objetivo_incumbente": 186353.5, "passada": 1, "status_solver": "OPTIMAL", "tempo_gasto_s": 4.02, "tempo_limite_subproblema_s": 14.69, "variaveis_x_fixadas": 90206, "variaveis_x_livres": 4784, "vizinhanca": "curso"}, {"curso": "LET", "disciplinas_livres": 36, "iteracao": 10, "melhorou": false, "objetivo_anterior": 186353.5, "objetivo_candidato": 186353.5, "objetivo_incumbente": 186353.5, "passada": 1, "status_solver": "OPTIMAL", "tempo_gasto_s": 8.15, "tempo_limite_subproblema_s": 10.66, "variaveis_x_fixadas": 85836, "variaveis_x_livres": 9154, "vizinhanca": "curso"}, {"curso": "MAT", "disciplinas_livres": 23, "iteracao": 11, "melhorou": true, "objetivo_anterior": 186353.5, "objetivo_candidato": 186323.5, "objetivo_incumbente": 186323.5, "passada": 1, "status_solver": "OPTIMAL", "tempo_gasto_s": 4.03, "tempo_limite_subproblema_s": 2.52, "variaveis_x_fixadas": 90022, "variaveis_x_livres": 4968, "vizinhanca": "curso"}], "melhorias_aceitas": 4, "objetivo_final": 186323.5, "objetivo_inicial": 186551.5, "passadas_executadas": 1, "status": "CONCLUIDO", "tempo_total_s": 301.57, "total_iteracoes": 11}
