Agrupamento!
Curso:  ADMINISTRAÇÃO
Disciplina 1: GCS528_1 | ('2M2345 (04/03/2024 - 29/04/2024)',)
Disciplina 2: GCH087_1 | ('2M2345 (06/05/2024 - 01/07/2024)',)
Agrupamento!
Curso:  ENFERMAGEM
Disciplina 1: GCH090_1 | ('3T1234 (06/05/2024 - 06/07/2024)',)
Disciplina 2: GSA020_1 | ('3T1234 (04/03/2024 - 04/05/2024)',)
Agrupamento!
Curso:  ENGENHARIA AMBIENTAL E SANITÁRIA
Disciplina 1: GEN108_1 | ('2T345 (04/03/2024 - 11/05/2024),  2T345 6T45 (13/05/2024 - 06/07/2024),  2T34 (08/07/2024 - 13/07/2024)',)
Disciplina 2: GEN107_1 | ('5T123 6T45 (04/03/2024 - 11/05/2024),  5T123 (13/05/2024 - 13/07/2024)',)
Agrupamento!
Curso:  LETRAS - PORTUGUÊS E ESPANHOL
Disciplina 1: GLA369_1 | ('2N1234 (15/04/2024 - 15/06/2024),  2T12  2N1234 (17/06/2024 - 22/06/2024)',)
Disciplina 2: GCH837_2 | ('2T12345  2N1234 (04/03/2024 - 13/04/2024),  2T12345 (15/04/2024 - 04/05/2024),  2T12345 (27/05/2024 - 08/06/2024),  2T12345 (10/06/2024 - 15/06/2024),  2N1234 (24/06/2024 - 13/07/2024)',)
Agrupamento!
Curso:  LETRAS - PORTUGUÊS E ESPANHOL
Disciplina 1: GLA381_1 | ('4N1234 (08/04/2024 - 11/05/2024),  4T1234  4N1234 (13/05/2024 - 25/05/2024),  4N1234 (27/05/2024 - 13/07/2024)',)
Disciplina 2: GLA379_1 | ('4N1234 (04/03/2024 - 06/04/2024),   2N1234 (08/04/2024 - 13/04/2024),  2N1234 (29/04/2024 - 11/05/2024), 2N1234 (24/06/2024 - 24/06/2024)',)
Agrupamento!
Curso:  LETRAS - PORTUGUÊS E ESPANHOL
Disciplina 1: GLA380_1 | ('6N1234 (20/05/2024 - 01/06/2024),  6T1234  6N1234 (03/06/2024 - 08/06/2024),  6N1234 (10/06/2024 - 13/07/2024)',)
Disciplina 2: GLA384_1 | ('6T12  6N1234 (04/03/2024 - 09/03/2024),  6N1234 (11/03/2024 - 18/05/2024)',)
Agrupamento!
Curso:  LETRAS - PORTUGUÊS E ESPANHOL
Disciplina 1: GLA383_1 | ('2N1234 (04/03/2024 - 06/04/2024),  2N1234 (15/04/2024 - 27/04/2024),  2N1234 (13/05/2024 - 22/06/2024),  2N1234 (01/07/2024 - 13/07/2024)',)
Disciplina 2: GLA379_1 | ('4N1234 (04/03/2024 - 06/04/2024),   2N1234 (08/04/2024 - 13/04/2024),  2N1234 (29/04/2024 - 11/05/2024), 2N1234 (24/06/2024 - 24/06/2024)',)
Agrupamento!
Curso:  LETRAS - PORTUGUÊS E ESPANHOL
Disciplina 1: GLA386_1 | ('3N1234 (29/04/2024 - 06/07/2024),  3N12 (08/07/2024 - 13/07/2024)',)
Disciplina 2: GLA385_1 | ('3T12345  3N1234 (04/03/2024 - 16/03/2024),  3N1234 (18/03/2024 - 27/04/2024)',)
Agrupamento!
Curso:  LETRAS - PORTUGUÊS E ESPANHOL
Disciplina 1: GLA395_1 | ('2T1234  2N1234 (04/03/2024 - 23/03/2024),  2T1234 (25/03/2024 - 30/03/2024),  2N1234 (01/07/2024 - 13/07/2024)',)
Disciplina 2: GLA397_1 | ('2N1234 (25/03/2024 - 01/06/2024),  2N12 (03/06/2024 - 08/06/2024)',)
Agrupamento!
Curso:  MATEMÁTICA
Disciplina 1: GEX983_1 | ('6N1234 (04/03/2024 - 26/04/2024),  6N12 (03/05/2024 - 03/05/2024)',)
Disciplina 2: GEX980_1 | ('6N1234 (17/05/2024 - 24/05/2024),  6N1234 (07/06/2024 - 05/07/2024),  6N12 (12/07/2024 - 12/07/2024)',)
Agrupamento!
Curso:  MATEMÁTICA
Disciplina 1: GEX989_1 | ('4N1234 (13/03/2024 - 13/03/2024),  4N1234 (10/04/2024 - 10/04/2024),  4N1234 (08/05/2024 - 08/05/2024),  4N1234 (22/05/2024 - 22/05/2024),  4N1234 (12/06/2024 - 12/06/2024),  2N1234 (17/06/2024 - 17/06/2024),  24N1234 (24/06/2024 - 26/06/2024),  2N1234 (01/07/2024 - 01/07/2024)',)
Disciplina 2: GEX988_1 | ('2N1234 (04/03/2024 - 10/06/2024)',)
Agrupamento!
Curso:  MATEMÁTICA
Disciplina 1: GEX996_1 | ('2N1234 (04/03/2024 - 04/03/2024),  2N1234 (18/03/2024 - 18/03/2024),  2N1234 (01/04/2024 - 01/04/2024),  2N1234 (15/04/2024 - 15/04/2024),  2N1234 (29/04/2024 - 29/04/2024),  2N1234 (13/05/2024 - 13/05/2024),  2N1234 (27/05/2024 - 27/05/2024),  2N1234 (10/06/2024 - 10/06/2024),  2N1234 (24/06/2024 - 24/06/2024)',)
Disciplina 2: GEX995_1 | ('2N1234 (11/03/2024 - 11/03/2024),  2T2345  2N1234 (25/03/2024 - 25/03/2024),  2T2345 (01/04/2024 - 01/04/2024),  2T2345  2N1234 (08/04/2024 - 08/04/2024),  2T2345 (15/04/2024 - 15/04/2024),  2T2345  2N1234 (22/04/2024 - 22/04/2024),  2T2345 (29/04/2024 - 29/04/2024),  2T2345  2N1234 (06/05/2024 - 06/05/2024),  2T2345 (13/05/2024 - 13/05/2024),  2T2345  2N1234 (20/05/2024 - 20/05/2024),  2T2345 (27/05/2024 - 27/05/2024),  2T2345  2N1234 (03/06/2024 - 03/06/2024),  2T2345 (10/06/2024 - 10/06/2024),  2T2345  2N1234 (17/06/2024 - 17/06/2024),  2T2345 (24/06/2024 - 24/06/2024),  2N12 (01/07/2024 - 01/07/2024)',)
Agrupamento!
Curso:  MEDICINA
Disciplina 1: GSA286_1 | ('4T1234 (06/03/2024 - 06/03/2024),  4T1234 (20/03/2024 - 20/03/2024),  4T1234 (03/04/2024 - 03/04/2024),  4T1234 (17/04/2024 - 17/04/2024),  4T1234 (08/05/2024 - 08/05/2024),  4T1234 (22/05/2024 - 22/05/2024),  4T1234 (29/05/2024 - 29/05/2024),  4T1234 (12/06/2024 - 12/06/2024),  4T1234 (26/06/2024 - 26/06/2024)',)
Disciplina 2: GSA285_1 | ('4T12345 (05/06/2024 - 05/06/2024),  4T12345 (19/06/2024 - 19/06/2024),  4T12345 (03/07/2024 - 03/07/2024),  4T123 (10/07/2024 - 10/07/2024)',)
Agrupamento!
Curso:  PEDAGOGIA
Disciplina 1: GCH1036_1 | ('5M1234 (28/03/2024 - 28/03/2024), 5M1234 (02/05/2024 - 02/05/2024), 5M1234 (06/06/2024 - 06/06/2024), 5M1234 (20/06/2024 - 20/06/2024), 5M12 (27/06/2024 - 27/06/2024)',)
Disciplina 2: GCH1100_1 | ('5M1234 (04/03/2024 - 21/03/2024), 5M1234 (04/04/2024 - 25/04/2024), 5M1234 (09/05/2024 - 09/05/2024), 5M1234 (16/05/2024 - 16/05/2024)',)
Agrupamento!
Curso:  PEDAGOGIA
Disciplina 1: GCH1039_1 | ('4N1234 (27/03/2024 - 27/03/2024),  4N1234 (08/05/2024 - 08/05/2024),  4N1234 (27/05/2024 - 08/06/2024),  4N12 (12/06/2024 - 12/06/2024)',)
Disciplina 2: GCH1038_1 | ('4N1234 (04/03/2024 - 23/03/2024),  4N1234 (01/04/2024 - 27/04/2024),  4N1234 (13/05/2024 - 25/05/2024)',)
Agrupamento!
Curso:  PEDAGOGIA
Disciplina 1: GCH1099_1 | ('6M1234 (04/03/2024 - 23/03/2024), 6M1234 (08/04/2024 - 04/05/2024), 6M1234 (13/05/2024 - 01/06/2024), 6M1234 (14/06/2024 - 14/06/2024), 6M34 (28/06/2024 - 28/06/2024), 6M1234 (01/07/2024 - 13/07/2024)',)
Disciplina 2: GCH1088_1 | ('6M1234 (01/04/2024 - 06/04/2024), 6M1234 (06/05/2024 - 11/05/2024), 6M1234 (03/06/2024 - 08/06/2024), 6M1234 (17/06/2024 - 22/06/2024), 6M12 (24/06/2024 - 29/06/2024)',)
Agrupamento!
Curso:  PEDAGOGIA
Disciplina 1: GCH1105_1 | ('3N1234 (04/03/2024 - 30/03/2024), 7M123456  3N1234 (01/07/2024 - 13/07/2024)',)
Disciplina 2: GCH1104_1 | ('3N1234 (01/04/2024 - 27/04/2024),  3N1234 (06/05/2024 - 18/05/2024)',)
Agrupamento!
Curso:  PEDAGOGIA
Disciplina 1: GCH1106_1 | ('2N1234 (25/03/2024 - 25/03/2024),  2N1234 (29/04/2024 - 29/04/2024),  2N1234 (27/05/2024 - 27/05/2024),  2N1234 (10/06/2024 - 10/06/2024),  2N12 (17/06/2024 - 17/06/2024)',)
Disciplina 2: GCH1102_1 | ('2N1234 (04/03/2024 - 23/03/2024),  2N1234 (01/04/2024 - 27/04/2024),  2N1234 (06/05/2024 - 25/05/2024),  2N1234 (03/06/2024 - 03/06/2024),  2N34 (17/06/2024 - 17/06/2024),  2N1234 (24/06/2024 - 06/07/2024)',)
Agrupamento!
Curso:  PEDAGOGIA
Disciplina 1: GCH1109_1 | ('3M1234 (06/05/2024 - 06/07/2024)',)
Disciplina 2: GCH1108_1 | ('3M1234 (04/03/2024 - 04/05/2024)',)
Agrupamento!
Curso:  PEDAGOGIA
Disciplina 1: GCH1111_1 | ('5M1234 (28/03/2024 - 28/03/2024), 5M1234 (02/05/2024 - 02/05/2024), 5M1234 (06/06/2024 - 06/06/2024), 5M1234 (20/06/2024 - 20/06/2024), 5M12 (27/06/2024 - 27/06/2024)',)
Disciplina 2: GCH837_3 | ('57M12345 (04/03/2024 - 23/03/2024), 57M12345 (01/04/2024 - 27/04/2024), 5M12345 (06/05/2024 - 25/05/2024), 57M12345 (13/06/2024 - 15/06/2024), 5M345 (27/06/2024 - 27/06/2024), 5M12345 (01/07/2024 - 13/07/2024)',)
Agrupamento!
Curso:  PEDAGOGIA
Disciplina 1: GCH1114_1 | ('7M2345  5N1234 (06/05/2024 - 25/05/2024), 7M2345  5N1234 (27/05/2024 - 08/06/2024),  5N1234 (10/06/2024 - 13/07/2024)',)
Disciplina 2: GCH1115_1 | ('7M2345  5N1234 (04/03/2024 - 23/03/2024),  5N1234 (25/03/2024 - 20/04/2024), 7M2345  5N1234 (22/04/2024 - 04/05/2024)',)
Agrupamento!
Curso:  PEDAGOGIA
Disciplina 1: GCH1116_1 | ('4N1234 (27/03/2024 - 27/03/2024),  4N1234 (08/05/2024 - 08/05/2024),  4N1234 (05/06/2024 - 05/06/2024),  4N1234 (19/06/2024 - 19/06/2024),  4N12 (26/06/2024 - 26/06/2024)',)
Disciplina 2: GCH1113_1 | ('4N1234 (04/03/2024 - 23/03/2024),  4N1234 (01/04/2024 - 27/04/2024),  4N1234 (13/05/2024 - 01/06/2024),  4N1234 (12/06/2024 - 12/06/2024),  4N34 (26/06/2024 - 26/06/2024), 7M123456  7T123  4N1234 (01/07/2024 - 13/07/2024)',)
Agrupamento!
Curso:  PEDAGOGIA
Disciplina 1: GLA240_1 | ('5M1234 (04/03/2024 - 04/05/2024)',)
Disciplina 2: GCH1119_1 | ('5M1234 (06/05/2024 - 13/07/2024)',)
Agrupamento!
Curso:  PEDAGOGIA
Disciplina 1: GEX776_1 | ('6M1234 (13/05/2024 - 13/07/2024)',)
Disciplina 2: GCH1118_1 | ('6M1234 (04/03/2024 - 11/05/2024)',)
Agrupamento!
Curso:  PEDAGOGIA
Disciplina 1: GCH1121_1 | ('7M2345 (09/03/2024 - 09/03/2024),  4N1234 (13/03/2024 - 13/03/2024), 7M2345 (16/03/2024 - 16/03/2024), 7M2345 (23/03/2024 - 23/03/2024),  4N1234 (10/04/2024 - 10/04/2024),  4N1234 (08/05/2024 - 08/05/2024),  4N1234 (22/05/2024 - 22/05/2024),  4N1234 (12/06/2024 - 12/06/2024),  4N1234 (26/06/2024 - 26/06/2024)',)
Disciplina 2: GEX777_1 | ('4N1234 (06/03/2024 - 06/03/2024),  4N1234 (18/03/2024 - 06/04/2024),  4N1234 (15/04/2024 - 27/04/2024), 7M2345  4N1234 (15/05/2024 - 18/05/2024), 7M2345  4N1234 (27/05/2024 - 08/06/2024), 7M2345  4N1234 (19/06/2024 - 22/06/2024), 7M2345  4N1234 (01/07/2024 - 13/07/2024)',)
Agrupamento!
Curso:  PEDAGOGIA
Disciplina 1: GCH1126_1 | ('2N1234 (25/03/2024 - 25/03/2024),  2N1234 (29/04/2024 - 29/04/2024),  2N1234 (27/05/2024 - 27/05/2024),  2N1234 (10/06/2024 - 10/06/2024),  2N12 (17/06/2024 - 17/06/2024)',)
Disciplina 2: GCH1122_1 | ('2N1234 (04/03/2024 - 23/03/2024),  2N1234 (01/04/2024 - 27/04/2024),  2N1234 (06/05/2024 - 06/05/2024),  2N1234 (13/05/2024 - 13/05/2024),  7T2345 (18/05/2024 - 18/05/2024),  2N1234 (20/05/2024 - 20/05/2024),  7T2345 (25/05/2024 - 25/05/2024),  7T2345 (01/06/2024 - 01/06/2024),  2N1234 (03/06/2024 - 03/06/2024),  7T2345 (08/06/2024 - 08/06/2024),  2N1234 (24/06/2024 - 13/07/2024)',)
Agrupamento!
Curso:  PEDAGOGIA
Disciplina 1: GCH1134_1 | ('3N1234 (26/03/2024 - 26/03/2024),  3N1234 (30/04/2024 - 30/04/2024),  3N1234 (21/05/2024 - 01/06/2024),  3N12 (04/06/2024 - 04/06/2024)',)
Disciplina 2: GCH1132_1 | ('3N1234 (04/03/2024 - 23/03/2024),  3N1234 (01/04/2024 - 27/04/2024),  3N1234 (06/05/2024 - 18/05/2024)',)
Agrupamentos:  27
Set parameter Username
Set parameter LicenseID to value 2851439
Academic license - for non-commercial use only - expires 2027-08-04
No parameters matching 'VarsName' found
Set parameter TimeLimit to value 25200
Set parameter TimeLimit to value 120
Set parameter MIPFocus to value 1
Set parameter NoRelHeurTime to value 120
Gurobi Optimizer version 10.0.2 build v10.0.2rc0 (mac64[arm])

CPU model: Apple M5
Thread count: 10 physical cores, 10 logical processors, using up to 10 threads

Optimize a model with 548706 rows, 284763 columns and 1341935 nonzeros
Model fingerprint: 0x554225e6
Variable types: 0 continuous, 284763 integer (264707 binary)
Coefficient statistics:
  Matrix range     [1e+00, 8e+01]
  Objective range  [5e-01, 2e+03]
  Bounds range     [1e+00, 1e+00]
  RHS range        [1e+00, 1e+02]
Found heuristic solution: objective 4130000.0000
Presolve removed 258478 rows and 68178 columns
Presolve time: 1.62s
Presolved: 290228 rows, 216585 columns, 898474 nonzeros
Variable types: 0 continuous, 216585 integer (216585 binary)
Found heuristic solution: objective 3264725.0000
Starting NoRel heuristic
Found heuristic solution: objective 3264325.0000
Found heuristic solution: objective 1205379.0000
Found heuristic solution: objective 1168629.0000
Found heuristic solution: objective 1167689.0000
Found heuristic solution: objective 1014507.5000
Found heuristic solution: objective 1001215.0000
Found heuristic solution: objective 980986.50000
Found heuristic solution: objective 961056.50000
Elapsed time for NoRel heuristic: 5s (best bound -3.3221e+06)
Found heuristic solution: objective 958228.00000
Found heuristic solution: objective 916147.00000
Found heuristic solution: objective 878620.00000
Found heuristic solution: objective 870740.00000
Found heuristic solution: objective 844845.00000
Found heuristic solution: objective 810575.50000
Found heuristic solution: objective 801066.00000
Found heuristic solution: objective 500264.00000
Found heuristic solution: objective 499864.00000
Found heuristic solution: objective 489746.00000
Found heuristic solution: objective 470090.50000
Found heuristic solution: objective 466390.50000
Found heuristic solution: objective 455585.50000
Found heuristic solution: objective 449164.50000
Found heuristic solution: objective 440196.00000
Found heuristic solution: objective 435634.50000
Elapsed time for NoRel heuristic: 11s (best bound -2.80555e+06)
Found heuristic solution: objective 418926.00000
Found heuristic solution: objective 414821.00000
Found heuristic solution: objective 411606.00000
Found heuristic solution: objective 410262.50000
Found heuristic solution: objective 406462.50000
Found heuristic solution: objective 400876.00000
Found heuristic solution: objective 367801.50000
Found heuristic solution: objective 366830.00000
Found heuristic solution: objective 363434.50000
Found heuristic solution: objective 361914.00000
Found heuristic solution: objective 361384.50000
Found heuristic solution: objective 361084.50000
Found heuristic solution: objective 356589.00000
Found heuristic solution: objective 350552.00000
Found heuristic solution: objective 324668.00000
Elapsed time for NoRel heuristic: 16s (best bound -2.73885e+06)
Found heuristic solution: objective 292767.50000
Found heuristic solution: objective 290377.00000
Found heuristic solution: objective 289797.00000
Found heuristic solution: objective 288797.00000
Found heuristic solution: objective 287547.00000
Found heuristic solution: objective 285877.00000
Found heuristic solution: objective 285492.00000
Found heuristic solution: objective 283407.50000
Elapsed time for NoRel heuristic: 22s (best bound -2.66675e+06)
Found heuristic solution: objective 279425.00000
Found heuristic solution: objective 277334.50000
Found heuristic solution: objective 275884.50000
Found heuristic solution: objective 275584.50000
Found heuristic solution: objective 274804.50000
Found heuristic solution: objective 274304.50000
Found heuristic solution: objective 273764.50000
Found heuristic solution: objective 271257.50000
Found heuristic solution: objective 270139.00000
Elapsed time for NoRel heuristic: 28s (best bound -2.1826e+06)
Found heuristic solution: objective 269539.00000
Found heuristic solution: objective 255639.00000
Found heuristic solution: objective 254829.00000
Found heuristic solution: objective 251338.00000
Found heuristic solution: objective 250938.00000
Found heuristic solution: objective 249513.00000
Found heuristic solution: objective 248763.00000
Found heuristic solution: objective 247303.00000
Found heuristic solution: objective 246158.00000
Elapsed time for NoRel heuristic: 35s (best bound -2.0731e+06)
Found heuristic solution: objective 241998.50000
Found heuristic solution: objective 239900.50000
Found heuristic solution: objective 237641.00000
Found heuristic solution: objective 233357.00000
Found heuristic solution: objective 232451.50000
Found heuristic solution: objective 231921.50000
Found heuristic solution: objective 231421.50000
Found heuristic solution: objective 231296.50000
Found heuristic solution: objective 229526.50000
Found heuristic solution: objective 227472.50000
Elapsed time for NoRel heuristic: 43s (best bound -1.66275e+06)
Found heuristic solution: objective 221368.00000
Found heuristic solution: objective 218695.00000
Found heuristic solution: objective 218195.00000
Found heuristic solution: objective 218175.00000
Found heuristic solution: objective 217930.00000
Found heuristic solution: objective 217273.00000
Elapsed time for NoRel heuristic: 48s (best bound -1.34295e+06)
Found heuristic solution: objective 216016.00000
Found heuristic solution: objective 212777.50000
Found heuristic solution: objective 209085.50000
Elapsed time for NoRel heuristic: 54s (best bound -809300)
Found heuristic solution: objective 207924.00000
Found heuristic solution: objective 206557.50000
Found heuristic solution: objective 204211.00000
Found heuristic solution: objective 201797.50000
Found heuristic solution: objective 201772.50000
Elapsed time for NoRel heuristic: 60s (best bound -649500)
Found heuristic solution: objective 201486.50000
Found heuristic solution: objective 201417.00000
Found heuristic solution: objective 200153.50000
Found heuristic solution: objective 199528.00000
Found heuristic solution: objective 199493.00000
Found heuristic solution: objective 199052.00000
Found heuristic solution: objective 198921.00000
Elapsed time for NoRel heuristic: 68s (best bound -401250)
Found heuristic solution: objective 197249.50000
Found heuristic solution: objective 196489.00000
Found heuristic solution: objective 196219.00000
Found heuristic solution: objective 196199.00000
Found heuristic solution: objective 195437.00000
Found heuristic solution: objective 194981.50000
Found heuristic solution: objective 194941.50000
Found heuristic solution: objective 194682.00000
Found heuristic solution: objective 194302.00000
Elapsed time for NoRel heuristic: 74s (best bound -151950)
Found heuristic solution: objective 194287.00000
Found heuristic solution: objective 193982.00000
Found heuristic solution: objective 193873.00000
Found heuristic solution: objective 193778.00000
Elapsed time for NoRel heuristic: 81s (best bound -100500)
Found heuristic solution: objective 193673.00000
Found heuristic solution: objective 193623.00000
Found heuristic solution: objective 193338.00000
Found heuristic solution: objective 192857.50000
Found heuristic solution: objective 192847.50000
Found heuristic solution: objective 192665.00000
Found heuristic solution: objective 192469.00000
Elapsed time for NoRel heuristic: 87s (best bound 6018.5)
Found heuristic solution: objective 192309.00000
Found heuristic solution: objective 192274.00000
Found heuristic solution: objective 192158.00000
Found heuristic solution: objective 191498.50000
Found heuristic solution: objective 191313.50000
Elapsed time for NoRel heuristic: 95s (best bound 55680.7)
Found heuristic solution: objective 191233.50000
Found heuristic solution: objective 190440.50000
Elapsed time for NoRel heuristic: 101s (best bound 57397.7)
Found heuristic solution: objective 190317.50000
Found heuristic solution: objective 190302.50000
Found heuristic solution: objective 190212.50000
Elapsed time for NoRel heuristic: 107s (best bound 62189.5)
Found heuristic solution: objective 190117.50000
Found heuristic solution: objective 189962.00000
Found heuristic solution: objective 189754.50000
Found heuristic solution: objective 189739.50000
Found heuristic solution: objective 189729.50000
Elapsed time for NoRel heuristic: 114s (best bound 67724.5)
Found heuristic solution: objective 189517.50000
NoRel heuristic complete

Explored 0 nodes (0 simplex iterations) in 120.07 seconds (74.84 work units)
Thread count was 10 (of 10 available processors)

Solution count 10: 189518 189730 189740 ... 190318

Time limit reached
Best objective 1.895175000000e+05, best bound 7.203700000000e+04, gap 61.9893%
Solução -> não <- ótima.
No parameters matching 'VarsName' found
Set parameter TimeLimit to value 25200
Set parameter TimeLimit to value 1.7615344595909119e+02
Set parameter MIPFocus to value 1
Gurobi Optimizer version 10.0.2 build v10.0.2rc0 (mac64[arm])

CPU model: Apple M5
Thread count: 10 physical cores, 10 logical processors, using up to 10 threads

Optimize a model with 548706 rows, 284763 columns and 1341935 nonzeros
Model fingerprint: 0xf01754ae
Variable types: 0 continuous, 284763 integer (264707 binary)
Coefficient statistics:
  Matrix range     [1e+00, 8e+01]
  Objective range  [5e-01, 2e+03]
  Bounds range     [1e+00, 1e+00]
  RHS range        [1e+00, 1e+02]

User MIP start produced solution with objective 189518 (0.11s)
Loaded user MIP start with objective 189518

Presolve removed 534916 rows and 273434 columns
Presolve time: 0.21s
Presolved: 13790 rows, 11329 columns, 40158 nonzeros
Variable types: 0 continuous, 11329 integer (11329 binary)

Root relaxation: objective 1.893202e+05, 6000 iterations, 0.15 seconds (0.29 work units)

    Nodes    |    Current Node    |     Objective Bounds      |     Work
 Expl Unexpl |  Obj  Depth IntInf | Incumbent    BestBd   Gap | It/Node Time

     0     0 189320.250    0  503 189517.500 189320.250  0.10%     -    0s
     0     0 189325.933    0  585 189517.500 189325.933  0.10%     -    0s
     0     0 189325.933    0  355 189517.500 189325.933  0.10%     -    0s
H    0     0                    189507.50000 189325.933  0.10%     -    0s
     0     0 189325.933    0  404 189507.500 189325.933  0.10%     -    0s
     0     0 189325.933    0  139 189507.500 189325.933  0.10%     -    0s
     0     0 189326.250    0  112 189507.500 189326.250  0.10%     -    0s
H    0     0                    189462.50000 189326.250  0.07%     -    0s
H    0     0                    189457.50000 189326.250  0.07%     -    0s
H    0     0                    189452.50000 189326.250  0.07%     -    0s
     0     0 189327.000    0  181 189452.500 189327.000  0.07%     -    0s
     0     0 189327.125    0  159 189452.500 189327.125  0.07%     -    0s
H    0     0                    189428.50000 189327.125  0.05%     -    0s
     0     0 189327.250    0  159 189428.500 189327.250  0.05%     -    0s
     0     0 189328.921    0  176 189428.500 189328.921  0.05%     -    0s
     0     0 189330.500    0  189 189428.500 189330.500  0.05%     -    0s
     0     0 189330.500    0  176 189428.500 189330.500  0.05%     -    0s
     0     0 189331.308    0  188 189428.500 189331.308  0.05%     -    0s
     0     0 189331.346    0   99 189428.500 189331.346  0.05%     -    0s
     0     0 189331.346    0   50 189428.500 189331.346  0.05%     -    0s
     0     0 189331.346    0  119 189428.500 189331.346  0.05%     -    0s
     0     0 189331.346    0  127 189428.500 189331.346  0.05%     -    0s
     0     0 189331.346    0  121 189428.500 189331.346  0.05%     -    0s
     0     0 189331.346    0  132 189428.500 189331.346  0.05%     -    0s
     0     0 189331.804    0  143 189428.500 189331.804  0.05%     -    0s
     0     0 189331.804    0  150 189428.500 189331.804  0.05%     -    0s
     0     0 189332.569    0  167 189428.500 189332.569  0.05%     -    0s
     0     0 189332.746    0  165 189428.500 189332.746  0.05%     -    0s
     0     0 189333.000    0   68 189428.500 189333.000  0.05%     -    0s
     0     0 189333.156    0  151 189428.500 189333.156  0.05%     -    0s
     0     0 189333.167    0  153 189428.500 189333.167  0.05%     -    0s
     0     0 189376.750    0  162 189428.500 189376.750  0.03%     -    0s
     0     0 189379.500    0  143 189428.500 189379.500  0.03%     -    0s

Cutting planes:
  Gomory: 1
  MIR: 4
  Zero half: 11
  RLT: 10
  BQP: 25

Explored 1 nodes (15298 simplex iterations) in 0.91 seconds (2.15 work units)
Thread count was 10 (of 10 available processors)

Solution count 6: 189428 189452 189458 ... 189518

Optimal solution found (tolerance 1.00e-04)
Best objective 1.894285000000e+05, best bound 1.894285000000e+05, gap 0.0000%
Solução ótima encontrada.
No parameters matching 'VarsName' found
Set parameter TimeLimit to value 25200
Set parameter TimeLimit to value 1.7144972085952759e+02
Set parameter MIPFocus to value 1
Gurobi Optimizer version 10.0.2 build v10.0.2rc0 (mac64[arm])

CPU model: Apple M5
Thread count: 10 physical cores, 10 logical processors, using up to 10 threads

Optimize a model with 548706 rows, 284763 columns and 1341935 nonzeros
Model fingerprint: 0x9a33980e
Variable types: 0 continuous, 284763 integer (264707 binary)
Coefficient statistics:
  Matrix range     [1e+00, 8e+01]
  Objective range  [5e-01, 2e+03]
  Bounds range     [1e+00, 1e+00]
  RHS range        [1e+00, 1e+02]

User MIP start produced solution with objective 189428 (0.10s)
Loaded user MIP start with objective 189428

Presolve removed 529582 rows and 269639 columns
Presolve time: 0.22s
Presolved: 19124 rows, 15124 columns, 54809 nonzeros
Variable types: 0 continuous, 15124 integer (15124 binary)

Root relaxation: objective 1.888169e+05, 13233 iterations, 0.32 seconds (0.72 work units)

    Nodes    |    Current Node    |     Objective Bounds      |     Work
 Expl Unexpl |  Obj  Depth IntInf | Incumbent    BestBd   Gap | It/Node Time

     0     0 188816.886    0 1053 189428.500 188816.886  0.32%     -    0s
     0     0 189094.035    0 1335 189428.500 189094.035  0.18%     -    1s
     0     0 189095.125    0 1272 189428.500 189095.125  0.18%     -    1s
     0     0 189095.593    0 1207 189428.500 189095.593  0.18%     -    1s
H    0     0                    189424.50000 189095.593  0.17%     -    1s
     0     0 189100.131    0 1194 189424.500 189100.131  0.17%     -    1s
     0     0 189100.131    0  971 189424.500 189100.131  0.17%     -    1s
     0     0 189105.675    0  968 189424.500 189105.675  0.17%     -    2s
H    0     0                    189404.50000 189105.675  0.16%     -    2s
     0     0 189151.445    0 1115 189404.500 189151.445  0.13%     -    2s
     0     0 189152.018    0 1101 189404.500 189152.018  0.13%     -    2s
     0     0 189152.284    0 1099 189404.500 189152.284  0.13%     -    2s
     0     0 189153.045    0 1108 189404.500 189153.045  0.13%     -    2s
     0     0 189153.400    0 1148 189404.500 189153.400  0.13%     -    2s
     0     0 189162.776    0  999 189404.500 189162.776  0.13%     -    2s
     0     0 189163.162    0 1020 189404.500 189163.162  0.13%     -    2s
     0     0 189163.166    0 1020 189404.500 189163.166  0.13%     -    2s
     0     0 189203.195    0 1118 189404.500 189203.195  0.11%     -    2s
     0     0 189203.195    0  864 189404.500 189203.195  0.11%     -    3s
     0     0 189203.195    0  840 189404.500 189203.195  0.11%     -    3s
H    0     0                    189355.50000 189203.195  0.08%     -    3s
     0     0 189203.195    0  890 189355.500 189203.195  0.08%     -    3s
     0     0 189217.102    0  895 189355.500 189217.102  0.07%     -    3s
     0     0 189217.102    0  895 189355.500 189217.102  0.07%     -    3s
     0     0 189218.778    0  710 189355.500 189218.778  0.07%     -    3s
     0     0 189220.395    0  814 189355.500 189220.395  0.07%     -    3s
     0     0 189220.497    0  671 189355.500 189220.497  0.07%     -    3s
H    0     0                    189316.50000 189220.497  0.05%     -    3s
H    0     0                    189289.50000 189220.497  0.04%     -    4s
     0     0 189240.502    0  908 189289.500 189240.502  0.03%     -    4s
     0     0 189241.272    0  889 189289.500 189241.272  0.03%     -    4s
     0     0 189243.095    0  854 189289.500 189243.095  0.02%     -    4s
     0     0 189243.753    0  836 189289.500 189243.753  0.02%     -    4s
     0     0 189243.964    0  845 189289.500 189243.964  0.02%     -    4s
     0     0 189244.082    0  858 189289.500 189244.082  0.02%     -    4s
     0     0 189244.085    0  842 189289.500 189244.085  0.02%     -    4s
     0     0 189244.123    0  830 189289.500 189244.123  0.02%     -    4s
     0     0 189244.133    0  829 189289.500 189244.133  0.02%     -    4s
     0     0 189251.134    0  823 189289.500 189251.134  0.02%     -    4s
     0     0 189251.138    0  812 189289.500 189251.138  0.02%     -    4s
     0     0 189253.769    0  790 189289.500 189253.769  0.02%     -    4s
     0     0 189253.769    0  785 189289.500 189253.769  0.02%     -    4s
     0     0 189255.769    0  794 189289.500 189255.769  0.02%     -    4s
     0     0 189255.769    0  791 189289.500 189255.769  0.02%     -    4s
     0     0 189255.769    0  795 189289.500 189255.769  0.02%     -    4s
     0     0 189265.000    0  308 189289.500 189265.000  0.01%     -    4s
     0     0 189265.000    0   16 189289.500 189265.000  0.01%     -    4s

Cutting planes:
  MIR: 4
  Zero half: 3
  RLT: 5
  BQP: 4

Explored 1 nodes (57243 simplex iterations) in 4.59 seconds (8.62 work units)
Thread count was 10 (of 10 available processors)

Solution count 6: 189290 189316 189356 ... 189428

Optimal solution found (tolerance 1.00e-04)
Best objective 1.892895000000e+05, best bound 1.892815000000e+05, gap 0.0042%
Solução ótima encontrada.
No parameters matching 'VarsName' found
Set parameter TimeLimit to value 25200
Set parameter TimeLimit to value 1.6307549595832825e+02
Set parameter MIPFocus to value 1
Gurobi Optimizer version 10.0.2 build v10.0.2rc0 (mac64[arm])

CPU model: Apple M5
Thread count: 10 physical cores, 10 logical processors, using up to 10 threads

Optimize a model with 548706 rows, 284763 columns and 1341935 nonzeros
Model fingerprint: 0xb075b578
Variable types: 0 continuous, 284763 integer (264707 binary)
Coefficient statistics:
  Matrix range     [1e+00, 8e+01]
  Objective range  [5e-01, 2e+03]
  Bounds range     [1e+00, 1e+00]
  RHS range        [1e+00, 1e+02]

User MIP start produced solution with objective 189290 (0.12s)
Loaded user MIP start with objective 189290

Presolve removed 531454 rows and 270727 columns
Presolve time: 0.23s
Presolved: 17252 rows, 14036 columns, 50859 nonzeros
Variable types: 0 continuous, 14036 integer (14036 binary)

Root relaxation: objective 1.882472e+05, 2619 iterations, 0.04 seconds (0.09 work units)

    Nodes    |    Current Node    |     Objective Bounds      |     Work
 Expl Unexpl |  Obj  Depth IntInf | Incumbent    BestBd   Gap | It/Node Time

     0     0 188247.167    0  504 189289.500 188247.167  0.55%     -    0s
     0     0 188775.333    0  583 189289.500 188775.333  0.27%     -    0s
     0     0 188849.500    0  578 189289.500 188849.500  0.23%     -    0s
     0     0 188850.333    0  524 189289.500 188850.333  0.23%     -    0s
H    0     0                    189284.50000 188850.333  0.23%     -    0s
H    0     0                    189254.50000 188850.333  0.21%     -    0s
     0     0 188923.750    0  288 189254.500 188923.750  0.17%     -    0s
     0     0 189184.500    0  294 189254.500 189184.500  0.04%     -    0s
H    0     0                    189249.50000 189184.500  0.03%     -    1s
     0     0 189196.167    0  401 189249.500 189196.167  0.03%     -    1s
     0     0 189196.167    0   84 189249.500 189196.167  0.03%     -    1s
     0     0 189196.167    0  129 189249.500 189196.167  0.03%     -    1s
     0     0 189198.111    0  135 189249.500 189198.111  0.03%     -    1s
     0     0 189198.111    0  118 189249.500 189198.111  0.03%     -    1s
     0     0 189205.714    0  163 189249.500 189205.714  0.02%     -    1s
     0     0 189206.519    0  168 189249.500 189206.519  0.02%     -    1s
     0     0 189206.904    0  167 189249.500 189206.904  0.02%     -    1s
H    0     0                    189224.50000 189206.904  0.01%     -    1s

Cutting planes:
  Gomory: 4
  Zero half: 31
  RLT: 7
  BQP: 17

Explored 1 nodes (13324 simplex iterations) in 1.10 seconds (2.37 work units)
Thread count was 10 (of 10 available processors)

Solution count 5: 189224 189250 189254 ... 189290

Optimal solution found (tolerance 1.00e-04)
Best objective 1.892245000000e+05, best bound 1.892070000000e+05, gap 0.0092%
Solução ótima encontrada.
No parameters matching 'VarsName' found
Set parameter TimeLimit to value 25200
Set parameter TimeLimit to value 1.5821437001228333e+02
Set parameter MIPFocus to value 1
Gurobi Optimizer version 10.0.2 build v10.0.2rc0 (mac64[arm])

CPU model: Apple M5
Thread count: 10 physical cores, 10 logical processors, using up to 10 threads

Optimize a model with 548706 rows, 284763 columns and 1341935 nonzeros
Model fingerprint: 0xb3099f2a
Variable types: 0 continuous, 284763 integer (264707 binary)
Coefficient statistics:
  Matrix range     [1e+00, 8e+01]
  Objective range  [5e-01, 2e+03]
  Bounds range     [1e+00, 1e+00]
  RHS range        [1e+00, 1e+02]

User MIP start produced solution with objective 189224 (0.11s)
Loaded user MIP start with objective 189224

Presolve removed 543091 rows and 279959 columns
Presolve time: 0.18s
Presolved: 5615 rows, 4804 columns, 15829 nonzeros
Variable types: 0 continuous, 4804 integer (4804 binary)

Root relaxation: objective 1.892095e+05, 623 iterations, 0.01 seconds (0.01 work units)

    Nodes    |    Current Node    |     Objective Bounds      |     Work
 Expl Unexpl |  Obj  Depth IntInf | Incumbent    BestBd   Gap | It/Node Time

     0     0 189209.500    0   88 189224.500 189209.500  0.01%     -    0s

Explored 1 nodes (730 simplex iterations) in 0.32 seconds (0.93 work units)
Thread count was 10 (of 10 available processors)

Solution count 1: 189224 

Optimal solution found (tolerance 1.00e-04)
Best objective 1.892245000000e+05, best bound 1.892095000000e+05, gap 0.0079%
Solução ótima encontrada.
No parameters matching 'VarsName' found
Set parameter TimeLimit to value 25200
Set parameter TimeLimit to value 1.5424029397964478e+02
Set parameter MIPFocus to value 1
Gurobi Optimizer version 10.0.2 build v10.0.2rc0 (mac64[arm])

CPU model: Apple M5
Thread count: 10 physical cores, 10 logical processors, using up to 10 threads

Optimize a model with 548706 rows, 284763 columns and 1341935 nonzeros
Model fingerprint: 0x3531f737
Variable types: 0 continuous, 284763 integer (264707 binary)
Coefficient statistics:
  Matrix range     [1e+00, 8e+01]
  Objective range  [5e-01, 2e+03]
  Bounds range     [1e+00, 1e+00]
  RHS range        [1e+00, 1e+02]

User MIP start produced solution with objective 189224 (0.10s)
Loaded user MIP start with objective 189224

Presolve removed 530851 rows and 270749 columns
Presolve time: 0.16s
Presolved: 17855 rows, 14014 columns, 50308 nonzeros
Variable types: 0 continuous, 14014 integer (14014 binary)

Root relaxation: objective 1.891995e+05, 1393 iterations, 0.02 seconds (0.05 work units)

    Nodes    |    Current Node    |     Objective Bounds      |     Work
 Expl Unexpl |  Obj  Depth IntInf | Incumbent    BestBd   Gap | It/Node Time

     0     0 189199.500    0  280 189224.500 189199.500  0.01%     -    0s
     0     0 189199.500    0  280 189224.500 189199.500  0.01%     -    0s
     0     0 189199.500    0   50 189224.500 189199.500  0.01%     -    0s
H    0     0                    189209.50000 189199.500  0.01%     -    0s

Cutting planes:
  Gomory: 1
  Zero half: 1

Explored 1 nodes (2607 simplex iterations) in 0.38 seconds (1.11 work units)
Thread count was 10 (of 10 available processors)

Solution count 2: 189210 189224 

Optimal solution found (tolerance 1.00e-04)
Best objective 1.892095000000e+05, best bound 1.891995000000e+05, gap 0.0053%
Solução ótima encontrada.
No parameters matching 'VarsName' found
Set parameter TimeLimit to value 25200
Set parameter TimeLimit to value 1.5013494610786438e+02
Set parameter MIPFocus to value 1
Gurobi Optimizer version 10.0.2 build v10.0.2rc0 (mac64[arm])

CPU model: Apple M5
Thread count: 10 physical cores, 10 logical processors, using up to 10 threads

Optimize a model with 548706 rows, 284763 columns and 1341935 nonzeros
Model fingerprint: 0x9e685f36
Variable types: 0 continuous, 284763 integer (264707 binary)
Coefficient statistics:
  Matrix range     [1e+00, 8e+01]
  Objective range  [5e-01, 2e+03]
  Bounds range     [1e+00, 1e+00]
  RHS range        [1e+00, 1e+02]

User MIP start produced solution with objective 189210 (0.10s)
Loaded user MIP start with objective 189210

Presolve removed 531563 rows and 272478 columns
Presolve time: 0.21s
Presolved: 17143 rows, 12285 columns, 49265 nonzeros
Variable types: 0 continuous, 12285 integer (12285 binary)

Root relaxation: objective 1.878111e+05, 13497 iterations, 0.50 seconds (1.32 work units)

    Nodes    |    Current Node    |     Objective Bounds      |     Work
 Expl Unexpl |  Obj  Depth IntInf | Incumbent    BestBd   Gap | It/Node Time

     0     0 187811.150    0  754 189209.500 187811.150  0.74%     -    0s
H    0     0                    189164.50000 187811.150  0.72%     -    1s
     0     0 187857.714    0  719 189164.500 187857.714  0.69%     -    1s
     0     0 187857.714    0  718 189164.500 187857.714  0.69%     -    1s
H    0     0                    188709.50000 187906.090  0.43%     -    1s
     0     0 187906.090    0  805 188709.500 187906.090  0.43%     -    1s
     0     0 187909.000    0  653 188709.500 187909.000  0.42%     -    1s
     0     0 187910.017    0  773 188709.500 187910.017  0.42%     -    1s
     0     0 187910.658    0  789 188709.500 187910.658  0.42%     -    1s
     0     0 187910.785    0  777 188709.500 187910.785  0.42%     -    1s
     0     0 187910.790    0  792 188709.500 187910.790  0.42%     -    1s
H    0     0                    188209.50000 187924.286  0.15%     -    1s
H    0     0                    188204.50000 187924.286  0.15%     -    1s
     0     0 187924.286    0  824 188204.500 187924.286  0.15%     -    1s
H    0     0                    188194.50000 187924.286  0.14%     -    2s
     0     0 187927.113    0  814 188194.500 187927.113  0.14%     -    2s
     0     0 187927.154    0  856 188194.500 187927.154  0.14%     -    2s
     0     0 187927.220    0  852 188194.500 187927.220  0.14%     -    2s
     0     0 187927.220    0  862 188194.500 187927.220  0.14%     -    2s
     0     0 187944.125    0  594 188194.500 187944.125  0.13%     -    2s
     0     0 187944.125    0  737 188194.500 187944.125  0.13%     -    2s
     0     0 187944.125    0  819 188194.500 187944.125  0.13%     -    3s
     0     0 187944.125    0  593 188194.500 187944.125  0.13%     -    3s
     0     0 187944.125    0  561 188194.500 187944.125  0.13%     -    3s
     0     0 187944.125    0  560 188194.500 187944.125  0.13%     -    3s
     0     0 187952.657    0  682 188194.500 187952.657  0.13%     -    3s
     0     0 187954.625    0  582 188194.500 187954.625  0.13%     -    3s
     0     0 187955.123    0  780 188194.500 187955.123  0.13%     -    3s
     0     0 187955.410    0  829 188194.500 187955.410  0.13%     -    3s
     0     0 187955.421    0  697 188194.500 187955.421  0.13%     -    3s
     0     0 187956.935    0  663 188194.500 187956.935  0.13%     -    4s
     0     0 187957.004    0  685 188194.500 187957.004  0.13%     -    4s
     0     0 187957.004    0  681 188194.500 187957.004  0.13%     -    4s
     0     0 187957.157    0  672 188194.500 187957.157  0.13%     -    4s
     0     0 187957.157    0  689 188194.500 187957.157  0.13%     -    4s
     0     0 187957.157    0  645 188194.500 187957.157  0.13%     -    4s
     0     0 187957.157    0  733 188194.500 187957.157  0.13%     -    5s
     0     0 187957.157    0  733 188194.500 187957.157  0.13%     -    5s
     0     0 187957.157    0  569 188194.500 187957.157  0.13%     -    5s
     0     0 187957.157    0  645 188194.500 187957.157  0.13%     -    5s
     0     0 187957.157    0  671 188194.500 187957.157  0.13%     -    5s
     0     0 187957.875    0  639 188194.500 187957.875  0.13%     -    5s
     0     0 187958.000    0  642 188194.500 187958.000  0.13%     -    5s
     0     0 187958.239    0  651 188194.500 187958.239  0.13%     -    5s
     0     0 187958.239    0  656 188194.500 187958.239  0.13%     -    5s
     0     0 187962.295    0  756 188194.500 187962.295  0.12%     -    6s
     0     0 187963.153    0  741 188194.500 187963.153  0.12%     -    6s
     0     0 187964.338    0  812 188194.500 187964.338  0.12%     -    6s
     0     0 187964.557    0  816 188194.500 187964.557  0.12%     -    6s
     0     0 187964.562    0  811 188194.500 187964.562  0.12%     -    6s
     0     0 187965.983    0  803 188194.500 187965.983  0.12%     -    6s
     0     0 187965.991    0  829 188194.500 187965.991  0.12%     -    6s
     0     0 187966.651    0  796 188194.500 187966.651  0.12%     -    6s
     0     2 187966.651    0  785 188194.500 187966.651  0.12%     -    6s
*   43    42               6    188179.50000 187987.447  0.10%   787    7s
*  115    46               7    188169.50000 188009.778  0.08%   505    9s
   239    31     cutoff    5      188169.500 188058.615  0.06%   443   10s

Cutting planes:
  Gomory: 2
  Lift-and-project: 2
  MIR: 1
  Zero half: 31
  RLT: 21
  BQP: 29

Explored 371 nodes (221981 simplex iterations) in 11.01 seconds (26.30 work units)
Thread count was 10 (of 10 available processors)

Solution count 8: 188170 188180 188194 ... 189210

Optimal solution found (tolerance 1.00e-04)
Best objective 1.881695000000e+05, best bound 1.881695000000e+05, gap 0.0000%
Solução ótima encontrada.
No parameters matching 'VarsName' found
Set parameter TimeLimit to value 25200
Set parameter TimeLimit to value 1.3533571100234985e+02
Set parameter MIPFocus to value 1
Gurobi Optimizer version 10.0.2 build v10.0.2rc0 (mac64[arm])

CPU model: Apple M5
Thread count: 10 physical cores, 10 logical processors, using up to 10 threads

Optimize a model with 548706 rows, 284763 columns and 1341935 nonzeros
Model fingerprint: 0xf8c60c0b
Variable types: 0 continuous, 284763 integer (264707 binary)
Coefficient statistics:
  Matrix range     [1e+00, 8e+01]
  Objective range  [5e-01, 2e+03]
  Bounds range     [1e+00, 1e+00]
  RHS range        [1e+00, 1e+02]

User MIP start produced solution with objective 188170 (0.10s)
Loaded user MIP start with objective 188170

Presolve removed 547257 rows and 283560 columns
Presolve time: 0.14s
Presolved: 1449 rows, 1203 columns, 4031 nonzeros
Variable types: 0 continuous, 1203 integer (1203 binary)

Root relaxation: objective 1.881545e+05, 351 iterations, 0.00 seconds (0.00 work units)

    Nodes    |    Current Node    |     Objective Bounds      |     Work
 Expl Unexpl |  Obj  Depth IntInf | Incumbent    BestBd   Gap | It/Node Time

     0     0          -    0      188169.500 188154.500  0.01%     -    0s

Explored 1 nodes (351 simplex iterations) in 0.25 seconds (0.80 work units)
Thread count was 10 (of 10 available processors)

Solution count 1: 188170 

Optimal solution found (tolerance 1.00e-04)
Best objective 1.881695000000e+05, best bound 1.881545000000e+05, gap 0.0080%
Solução ótima encontrada.
No parameters matching 'VarsName' found
Set parameter TimeLimit to value 25200
Set parameter TimeLimit to value 1.3144271898269653e+02
Set parameter MIPFocus to value 1
Gurobi Optimizer version 10.0.2 build v10.0.2rc0 (mac64[arm])

CPU model: Apple M5
Thread count: 10 physical cores, 10 logical processors, using up to 10 threads

Optimize a model with 548706 rows, 284763 columns and 1341935 nonzeros
Model fingerprint: 0x589efe28
Variable types: 0 continuous, 284763 integer (264707 binary)
Coefficient statistics:
  Matrix range     [1e+00, 8e+01]
  Objective range  [5e-01, 2e+03]
  Bounds range     [1e+00, 1e+00]
  RHS range        [1e+00, 1e+02]

User MIP start produced solution with objective 188170 (0.10s)
Loaded user MIP start with objective 188170

Presolve removed 545670 rows and 282022 columns
Presolve time: 0.15s
Presolved: 3036 rows, 2741 columns, 8623 nonzeros
Variable types: 0 continuous, 2741 integer (2741 binary)

Root relaxation: objective 1.881635e+05, 199 iterations, 0.00 seconds (0.00 work units)

    Nodes    |    Current Node    |     Objective Bounds      |     Work
 Expl Unexpl |  Obj  Depth IntInf | Incumbent    BestBd   Gap | It/Node Time

     0     0          -    0      188169.500 188163.500  0.00%     -    0s

Explored 1 nodes (199 simplex iterations) in 0.26 seconds (0.86 work units)
Thread count was 10 (of 10 available processors)

Solution count 1: 188170 

Optimal solution found (tolerance 1.00e-04)
Best objective 1.881695000000e+05, best bound 1.881635000000e+05, gap 0.0032%
Solução ótima encontrada.
No parameters matching 'VarsName' found
Set parameter TimeLimit to value 25200
Set parameter TimeLimit to value 1.2755769300460815e+02
Set parameter MIPFocus to value 1
Gurobi Optimizer version 10.0.2 build v10.0.2rc0 (mac64[arm])

CPU model: Apple M5
Thread count: 10 physical cores, 10 logical processors, using up to 10 threads

Optimize a model with 548706 rows, 284763 columns and 1341935 nonzeros
Model fingerprint: 0xb3e90e43
Variable types: 0 continuous, 284763 integer (264707 binary)
Coefficient statistics:
  Matrix range     [1e+00, 8e+01]
  Objective range  [5e-01, 2e+03]
  Bounds range     [1e+00, 1e+00]
  RHS range        [1e+00, 1e+02]

User MIP start produced solution with objective 188170 (0.10s)
Loaded user MIP start with objective 188170

Presolve removed 542673 rows and 279748 columns
Presolve time: 0.16s
Presolved: 6033 rows, 5015 columns, 17021 nonzeros
Variable types: 0 continuous, 5015 integer (5015 binary)

Root relaxation: objective 1.881095e+05, 1335 iterations, 0.02 seconds (0.03 work units)

    Nodes    |    Current Node    |     Objective Bounds      |     Work
 Expl Unexpl |  Obj  Depth IntInf | Incumbent    BestBd   Gap | It/Node Time

     0     0 188109.500    0   74 188169.500 188109.500  0.03%     -    0s
     0     0 188109.500    0   74 188169.500 188109.500  0.03%     -    0s
     0     0 188109.500    0   42 188169.500 188109.500  0.03%     -    0s
H    0     0                    188159.50000 188109.500  0.03%     -    0s
     0     0 188109.500    0   38 188159.500 188109.500  0.03%     -    0s
     0     0 188109.500    0   70 188159.500 188109.500  0.03%     -    0s
     0     0 188109.500    0   26 188159.500 188109.500  0.03%     -    0s
     0     0 188109.500    0   26 188159.500 188109.500  0.03%     -    0s
     0     0 188109.500    0   26 188159.500 188109.500  0.03%     -    0s

Cutting planes:
  Implied bound: 3
  Zero half: 15

Explored 1 nodes (3017 simplex iterations) in 0.35 seconds (1.01 work units)
Thread count was 10 (of 10 available processors)

Solution count 2: 188160 188170 

Optimal solution found (tolerance 1.00e-04)
Best objective 1.881595000000e+05, best bound 1.881595000000e+05, gap 0.0000%
Solução ótima encontrada.
No parameters matching 'VarsName' found
Set parameter TimeLimit to value 25200
Set parameter TimeLimit to value 1.2347513604164124e+02
Set parameter MIPFocus to value 1
Gurobi Optimizer version 10.0.2 build v10.0.2rc0 (mac64[arm])

CPU model: Apple M5
Thread count: 10 physical cores, 10 logical processors, using up to 10 threads

Optimize a model with 548706 rows, 284763 columns and 1341935 nonzeros
Model fingerprint: 0xc54b85a7
Variable types: 0 continuous, 284763 integer (264707 binary)
Coefficient statistics:
  Matrix range     [1e+00, 8e+01]
  Objective range  [5e-01, 2e+03]
  Bounds range     [1e+00, 1e+00]
  RHS range        [1e+00, 1e+02]

User MIP start produced solution with objective 188160 (0.10s)
Loaded user MIP start with objective 188160

Presolve removed 536490 rows and 275005 columns
Presolve time: 0.20s
Presolved: 12216 rows, 9758 columns, 35300 nonzeros
Variable types: 0 continuous, 9758 integer (9758 binary)

Root relaxation: objective 1.877392e+05, 8587 iterations, 0.31 seconds (0.87 work units)

    Nodes    |    Current Node    |     Objective Bounds      |     Work
 Expl Unexpl |  Obj  Depth IntInf | Incumbent    BestBd   Gap | It/Node Time

     0     0 187739.250    0  653 188159.500 187739.250  0.22%     -    0s
     0     0 187759.500    0  406 188159.500 187759.500  0.21%     -    1s
     0     0 187765.833    0  681 188159.500 187765.833  0.21%     -    1s
     0     0 187766.333    0  626 188159.500 187766.333  0.21%     -    1s
     0     0 187766.375    0  512 188159.500 187766.375  0.21%     -    1s
     0     0 187776.500    0  549 188159.500 187776.500  0.20%     -    1s
     0     0 187776.500    0  464 188159.500 187776.500  0.20%     -    1s
     0     0 187776.500    0  640 188159.500 187776.500  0.20%     -    1s
H    0     0                    188154.50000 187776.500  0.20%     -    2s
     0     0 187776.500    0  492 188154.500 187776.500  0.20%     -    2s
     0     0 187778.500    0  529 188154.500 187778.500  0.20%     -    2s
H    0     0                    188043.50000 187778.500  0.14%     -    2s
H    0     0                    188035.50000 187778.500  0.14%     -    2s
     0     0 187787.996    0 1081 188035.500 187787.996  0.13%     -    2s
     0     0 187788.252    0 1073 188035.500 187788.252  0.13%     -    2s
     0     0 187788.500    0  521 188035.500 187788.500  0.13%     -    2s
     0     0 187788.500    0  479 188035.500 187788.500  0.13%     -    2s
     0     0 187793.900    0 1004 188035.500 187793.900  0.13%     -    2s
     0     0 187793.900    0  450 188035.500 187793.900  0.13%     -    2s
     0     0 187793.900    0  761 188035.500 187793.900  0.13%     -    3s
     0     0 187797.218    0  788 188035.500 187797.218  0.13%     -    3s
     0     0 187797.905    0  768 188035.500 187797.905  0.13%     -    3s
     0     0 187800.048    0  784 188035.500 187800.048  0.13%     -    3s
     0     0 187800.048    0  784 188035.500 187800.048  0.13%     -    3s
     0     0 187800.327    0  791 188035.500 187800.327  0.13%     -    3s
     0     0 187804.000    0  192 188035.500 187804.000  0.12%     -    3s
     0     0 187804.000    0  119 188035.500 187804.000  0.12%     -    3s
     0     0 187806.500    0  180 188035.500 187806.500  0.12%     -    3s
     0     0 187806.500    0  279 188035.500 187806.500  0.12%     -    3s
     0     0 187806.500    0  149 188035.500 187806.500  0.12%     -    3s
     0     0 187806.500    0  149 188035.500 187806.500  0.12%     -    3s
     0     0 187809.000    0  188 188035.500 187809.000  0.12%     -    3s
     0     2 187809.037    0  182 188035.500 187809.037  0.12%     -    3s
H   59    36                    188026.50000 187845.389  0.10%   294    4s
H   77    50                    187991.50000 187845.389  0.08%   255    4s
*  219    53              12    187986.50000 187845.389  0.08%   133    4s
H  312    64                    187976.50000 187885.917  0.05%   112    4s
  1010     8     cutoff   15      187976.500 187925.000  0.03%  66.7    5s

Cutting planes:
  Gomory: 2
  Lift-and-project: 1
  Implied bound: 10
  Clique: 149
  MIR: 36
  Zero half: 24
  RLT: 86
  BQP: 125

Explored 1104 nodes (133033 simplex iterations) in 5.08 seconds (11.25 work units)
Thread count was 10 (of 10 available processors)

Solution count 8: 187976 187986 187992 ... 188160

Optimal solution found (tolerance 1.00e-04)
Best objective 1.879765000000e+05, best bound 1.879600000000e+05, gap 0.0088%
Solução ótima encontrada.
No parameters matching 'VarsName' found
Set parameter TimeLimit to value 25200
Set parameter TimeLimit to value 1.1463326597213745e+02
Set parameter MIPFocus to value 1
Gurobi Optimizer version 10.0.2 build v10.0.2rc0 (mac64[arm])

CPU model: Apple M5
Thread count: 10 physical cores, 10 logical processors, using up to 10 threads

Optimize a model with 548706 rows, 284763 columns and 1341935 nonzeros
Model fingerprint: 0xf7cdcc93
Variable types: 0 continuous, 284763 integer (264707 binary)
Coefficient statistics:
  Matrix range     [1e+00, 8e+01]
  Objective range  [5e-01, 2e+03]
  Bounds range     [1e+00, 1e+00]
  RHS range        [1e+00, 1e+02]

User MIP start produced solution with objective 187976 (0.10s)
Loaded user MIP start with objective 187976

Presolve removed 543300 rows and 280200 columns
Presolve time: 0.17s
Presolved: 5406 rows, 4563 columns, 15286 nonzeros
Variable types: 0 continuous, 4563 integer (4563 binary)

Root relaxation: objective 1.879215e+05, 1010 iterations, 0.01 seconds (0.02 work units)

    Nodes    |    Current Node    |     Objective Bounds      |     Work
 Expl Unexpl |  Obj  Depth IntInf | Incumbent    BestBd   Gap | It/Node Time

     0     0 187921.500    0  180 187976.500 187921.500  0.03%     -    0s
     0     0 187921.500    0  180 187976.500 187921.500  0.03%     -    0s
     0     0 187921.500    0   61 187976.500 187921.500  0.03%     -    0s
H    0     0                    187956.50000 187921.500  0.02%     -    0s
     0     0 187926.500    0   37 187956.500 187926.500  0.02%     -    0s
     0     0 187926.500    0   54 187956.500 187926.500  0.02%     -    0s
H    0     0                    187951.50000 187926.500  0.01%     -    0s
     0     0 187934.000    0   81 187951.500 187934.000  0.01%     -    0s

Cutting planes:
  Gomory: 2
  Inf proof: 1
  Zero half: 9
  RLT: 5
  BQP: 1

Explored 1 nodes (1850 simplex iterations) in 0.35 seconds (1.00 work units)
Thread count was 10 (of 10 available processors)

Solution count 3: 187952 187956 187976 

Optimal solution found (tolerance 1.00e-04)
Best objective 1.879515000000e+05, best bound 1.879340000000e+05, gap 0.0093%
Solução ótima encontrada.
No parameters matching 'VarsName' found
Set parameter TimeLimit to value 25200
Set parameter TimeLimit to value 110.499440908432
Set parameter MIPFocus to value 1
Gurobi Optimizer version 10.0.2 build v10.0.2rc0 (mac64[arm])

CPU model: Apple M5
Thread count: 10 physical cores, 10 logical processors, using up to 10 threads

Optimize a model with 548706 rows, 284763 columns and 1341935 nonzeros
Model fingerprint: 0xdc51997f
Variable types: 0 continuous, 284763 integer (264707 binary)
Coefficient statistics:
  Matrix range     [1e+00, 8e+01]
  Objective range  [5e-01, 2e+03]
  Bounds range     [1e+00, 1e+00]
  RHS range        [1e+00, 1e+02]

User MIP start produced solution with objective 187952 (0.10s)
Loaded user MIP start with objective 187952

Presolve removed 530532 rows and 271263 columns
Presolve time: 0.24s
Presolved: 18174 rows, 13500 columns, 51905 nonzeros
Variable types: 0 continuous, 13500 integer (13500 binary)

Root relaxation: objective 1.876602e+05, 8039 iterations, 0.19 seconds (0.46 work units)

    Nodes    |    Current Node    |     Objective Bounds      |     Work
 Expl Unexpl |  Obj  Depth IntInf | Incumbent    BestBd   Gap | It/Node Time

     0     0 187660.167    0  639 187951.500 187660.167  0.16%     -    0s
H    0     0                    187921.50000 187660.167  0.14%     -    0s
     0     0 187660.167    0  639 187921.500 187660.167  0.14%     -    0s
     0     0 187662.556    0  635 187921.500 187662.556  0.14%     -    0s
     0     0 187750.625    0  740 187921.500 187750.625  0.09%     -    1s
     0     0 187757.813    0  641 187921.500 187757.813  0.09%     -    1s
     0     0 187757.813    0  641 187921.500 187757.813  0.09%     -    1s
*    0     0               0    187771.50000 187771.500  0.00%     -    1s

Cutting planes:
  Gomory: 1
  Implied bound: 1
  Clique: 22
  Zero half: 20
  RLT: 33
  BQP: 18

Explored 1 nodes (18347 simplex iterations) in 1.07 seconds (2.63 work units)
Thread count was 10 (of 10 available processors)

Solution count 3: 187772 187922 187952 

Optimal solution found (tolerance 1.00e-04)
Best objective 1.877715000000e+05, best bound 1.877715000000e+05, gap 0.0000%
Solução ótima encontrada.
No parameters matching 'VarsName' found
Set parameter TimeLimit to value 25200
Set parameter TimeLimit to value 1.0574435997009277e+02
Set parameter MIPFocus to value 1
Gurobi Optimizer version 10.0.2 build v10.0.2rc0 (mac64[arm])

CPU model: Apple M5
Thread count: 10 physical cores, 10 logical processors, using up to 10 threads

Optimize a model with 548706 rows, 284763 columns and 1341935 nonzeros
Model fingerprint: 0x86c390cc
Variable types: 0 continuous, 284763 integer (264707 binary)
Coefficient statistics:
  Matrix range     [1e+00, 8e+01]
  Objective range  [5e-01, 2e+03]
  Bounds range     [1e+00, 1e+00]
  RHS range        [1e+00, 1e+02]

User MIP start produced solution with objective 187772 (0.10s)
Loaded user MIP start with objective 187772

Presolve removed 527770 rows and 268005 columns
Presolve time: 0.26s
Presolved: 20936 rows, 16758 columns, 60939 nonzeros
Variable types: 0 continuous, 16758 integer (16758 binary)

Root relaxation: objective 1.876478e+05, 7120 iterations, 0.28 seconds (0.84 work units)

    Nodes    |    Current Node    |     Objective Bounds      |     Work
 Expl Unexpl |  Obj  Depth IntInf | Incumbent    BestBd   Gap | It/Node Time

     0     0 187647.750    0  782 187771.500 187647.750  0.07%     -    0s
     0     0 187647.750    0  782 187771.500 187647.750  0.07%     -    1s
     0     0 187647.750    0  164 187771.500 187647.750  0.07%     -    1s
     0     0 187651.500    0  185 187771.500 187651.500  0.06%     -    1s
     0     0 187651.500    0  190 187771.500 187651.500  0.06%     -    1s
     0     0 187652.400    0  239 187771.500 187652.400  0.06%     -    1s
     0     0 187652.500    0  210 187771.500 187652.500  0.06%     -    1s
     0     0 187658.000    0  104 187771.500 187658.000  0.06%     -    1s
     0     0 187658.000    0  131 187771.500 187658.000  0.06%     -    1s
     0     0 187658.000    0  206 187771.500 187658.000  0.06%     -    1s
     0     0 187658.000    0  130 187771.500 187658.000  0.06%     -    1s
     0     0 187659.964    0  238 187771.500 187659.964  0.06%     -    1s
     0     2 187660.000    0  229 187771.500 187660.000  0.06%     -    1s
H    5     8                    187766.50000 187660.250  0.06%   245    1s
H   42    46                    187731.50000 187661.500  0.04%   155    1s
*  106    80              11    187726.50000 187661.500  0.03%   107    1s
H  420   182                    187721.50000 187662.000  0.03%  55.2    2s

Cutting planes:
  Gomory: 6
  MIR: 3
  Flow cover: 3
  Inf proof: 1
  Zero half: 15
  RLT: 9
  BQP: 26

Explored 4757 nodes (263030 simplex iterations) in 4.96 seconds (9.38 work units)
Thread count was 10 (of 10 available processors)

Solution count 5: 187722 187726 187732 ... 187772

Optimal solution found (tolerance 1.00e-04)
Best objective 1.877215000000e+05, best bound 1.877165000000e+05, gap 0.0027%
Solução ótima encontrada.
RESULTADO_JSON={"arquivo_log_csv": "resultados/experimentos/2024_1/fixopt_passada_init120_total300.csv", "arquivo_log_json": "resultados/experimentos/2024_1/fixopt_passada_init120_total300.json", "arquivo_melhor_solucao": "resultados/experimentos/2024_1/fixopt_passada_init120_total300.sol", "etapa": "fix_and_optimize_cursos", "ganho_absoluto": 1796.0, "historico": [{"curso": "ADM", "disciplinas_livres": 48, "iteracao": 1, "melhorou": true, "objetivo_anterior": 189517.5, "objetivo_candidato": 189428.5, "objetivo_incumbente": 189428.5, "passada": 1, "status_solver": "OPTIMAL", "tempo_gasto_s": 4.64, "tempo_limite_subproblema_s": 176.15, "variaveis_x_fixadas": 85698, "variaveis_x_livres": 9292, "vizinhanca": "curso"}, {"curso": "AGRO", "disciplinas_livres": 51, "iteracao": 2, "melhorou": true, "objetivo_anterior": 189428.5, "objetivo_candidato": 189289.5, "objetivo_incumbente": 189289.5, "passada": 1, "status_solver": "OPTIMAL", "tempo_gasto_s": 8.31, "tempo_limite_subproblema_s": 171.45, "variaveis_x_fixadas": 86250, "variaveis_x_livres": 8740, "vizinhanca": "curso"}, {"curso": "CC", "disciplinas_livres": 47, "iteracao": 3, "melhorou": true, "objetivo_anterior": 189289.5, "objetivo_candidato": 189224.5, "objetivo_incumbente": 189224.5, "passada": 1, "status_solver": "OPTIMAL", "tempo_gasto_s": 4.8, "tempo_limite_subproblema_s": 163.08, "variaveis_x_fixadas": 84456, "variaveis_x_livres": 10534, "vizinhanca": "curso"}, {"curso": "CS", "disciplinas_livres": 22, "iteracao": 4, "melhorou": false, "objetivo_anterior": 189224.5, "objetivo_candidato": 189224.5, "objetivo_incumbente": 189224.5, "passada": 1, "status_solver": "OPTIMAL", "tempo_gasto_s": 3.97, "tempo_limite_subproblema_s": 158.21, "variaveis_x_fixadas": 90436, "variaveis_x_livres": 4554, "vizinhanca": "curso"}, {"curso": "EAS", "disciplinas_livres": 45, "iteracao": 5, "melhorou": true, "objetivo_anterior": 189224.5, "objetivo_candidato": 189209.5, "objetivo_incumbente": 189209.5, "passada": 1, "status_solver": "OPTIMAL", "tempo_gasto_s": 4.05, "tempo_limite_subproblema_s": 154.24, "variaveis_x_fixadas": 87538, "variaveis_x_livres": 7452, "vizinhanca": "curso"}, {"curso": "ENF", "disciplinas_livres": 18, "iteracao": 6, "melhorou": true, "objetivo_anterior": 189209.5, "objetivo_candidato": 188169.5, "objetivo_incumbente": 188169.5, "passada": 1, "status_solver": "OPTIMAL", "tempo_gasto_s": 14.73, "tempo_limite_subproblema_s": 150.13, "variaveis_x_fixadas": 86480, "variaveis_x_livres": 8510, "vizinhanca": "curso"}, {"curso": "FIL", "disciplinas_livres": 15, "iteracao": 7, "melhorou": false, "objetivo_anterior": 188169.5, "objetivo_candidato": 188169.5, "objetivo_incumbente": 188169.5, "passada": 1, "status_solver": "OPTIMAL", "tempo_gasto_s": 3.89, "tempo_limite_subproblema_s": 135.34, "variaveis_x_fixadas": 92230, "variaveis_x_livres": 2760, "vizinhanca": "curso"}, {"curso": "GEO", "disciplinas_livres": 10, "iteracao": 8, "melhorou": false, "objetivo_anterior": 188169.5, "objetivo_candidato": 188169.5, "objetivo_incumbente": 188169.5, "passada": 1, "status_solver": "OPTIMAL", "tempo_gasto_s": 3.88, "tempo_limite_subproblema_s": 131.44, "variaveis_x_fixadas": 92920, "variaveis_x_livres": 2070, "vizinhanca": "curso"}, {"curso": "HIS", "disciplinas_livres": 24, "iteracao": 9, "melhorou": true, "objetivo_anterior": 188169.5, "objetivo_candidato": 188159.5, "objetivo_incumbente": 188159.5, "passada": 1, "status_solver": "OPTIMAL", "tempo_gasto_s": 4.01, "tempo_limite_subproblema_s": 127.56, "variaveis_x_fixadas": 90206, "variaveis_x_livres": 4784, "vizinhanca": "curso"}, {"curso": "LET", "disciplinas_livres": 36, "iteracao": 10, "melhorou": true, "objetivo_anterior": 188159.5, "objetivo_candidato": 187976.5, "objetivo_incumbente": 187976.5, "passada": 1, "status_solver": "OPTIMAL", "tempo_gasto_s": 8.77, "tempo_limite_subproblema_s": 123.48, "variaveis_x_fixadas": 85836, "variaveis_x_livres": 9154, "vizinhanca": "curso"}, {"curso": "MAT", "disciplinas_livres": 23, "iteracao": 11, "melhorou": true, "objetivo_anterior": 187976.5, "objetivo_candidato": 187951.5, "objetivo_incumbente": 187951.5, "passada": 1, "status_solver": "OPTIMAL", "tempo_gasto_s": 4.08, "tempo_limite_subproblema_s": 114.63, "variaveis_x_fixadas": 90022, "variaveis_x_livres": 4968, "vizinhanca": "curso"}, {"curso": "MED", "disciplinas_livres": 41, "iteracao": 12, "melhorou": true, "objetivo_anterior": 187951.5, "objetivo_candidato": 187771.5, "objetivo_incumbente": 187771.5, "passada": 1, "status_solver": "OPTIMAL", "tempo_gasto_s": 4.7, "tempo_limite_subproblema_s": 110.5, "variaveis_x_fixadas": 85606, "variaveis_x_livres": 9384, "vizinhanca": "curso"}, {"curso": "PED", "disciplinas_livres": 56, "iteracao": 13, "melhorou": true, "objetivo_anterior": 187771.5, "objetivo_candidato": 187721.5, "objetivo_incumbente": 187721.5, "passada": 1, "status_solver": "OPTIMAL", "tempo_gasto_s": 8.72, "tempo_limite_subproblema_s": 105.74, "variaveis_x_fixadas": 82202, "variaveis_x_livres": 12788, "vizinhanca": "curso"}], "melhorias_aceitas": 10, "objetivo_final": 187721.5, "objetivo_inicial": 189517.5, "passadas_executadas": 1, "status": "CONCLUIDO", "tempo_total_s": 203.05, "total_iteracoes": 13}
