
=== base_tlim ===
Agrupamento!
Curso:  ADMINISTRAÇÃO
Disciplina 1: GCS528_1 | ('2M2345 (04/03/2024 - 29/04/2024)',)
Disciplina 2: GCH087_1 | ('2M2345 (06/05/2024 - 01/07/2024)',)
Agrupamento!
Curso:  ENFERMAGEM
Disciplina 1: GCH090_1 | ('3T1234 (06/05/2024 - 06/07/2024)',)
Disciplina 2: GSA020_1 | ('3T1234 (04/03/2024 - 04/05/2024)',)
Agrupamento!
Curso:  ENGENHARIA AMBIENTAL E SANITÁRIA
Disciplina 1: GEN108_1 | ('2T345 (04/03/2024 - 11/05/2024),  2T345 6T45 (13/05/2024 - 06/07/2024),  2T34 (08/07/2024 - 13/07/2024)',)
Disciplina 2: GEN107_1 | ('5T123 6T45 (04/03/2024 - 11/05/2024),  5T123 (13/05/2024 - 13/07/2024)',)
Agrupamento!
Curso:  LETRAS - PORTUGUÊS E ESPANHOL
Disciplina 1: GLA369_1 | ('2N1234 (15/04/2024 - 15/06/2024),  2T12  2N1234 (17/06/2024 - 22/06/2024)',)
Disciplina 2: GCH837_2 | ('2T12345  2N1234 (04/03/2024 - 13/04/2024),  2T12345 (15/04/2024 - 04/05/2024),  2T12345 (27/05/2024 - 08/06/2024),  2T12345 (10/06/2024 - 15/06/2024),  2N1234 (24/06/2024 - 13/07/2024)',)
Agrupamento!
Curso:  LETRAS - PORTUGUÊS E ESPANHOL
Disciplina 1: GLA381_1 | ('4N1234 (08/04/2024 - 11/05/2024),  4T1234  4N1234 (13/05/2024 - 25/05/2024),  4N1234 (27/05/2024 - 13/07/2024)',)
Disciplina 2: GLA379_1 | ('4N1234 (04/03/2024 - 06/04/2024),   2N1234 (08/04/2024 - 13/04/2024),  2N1234 (29/04/2024 - 11/05/2024), 2N1234 (24/06/2024 - 24/06/2024)',)
Agrupamento!
Curso:  LETRAS - PORTUGUÊS E ESPANHOL
Disciplina 1: GLA380_1 | ('6N1234 (20/05/2024 - 01/06/2024),  6T1234  6N1234 (03/06/2024 - 08/06/2024),  6N1234 (10/06/2024 - 13/07/2024)',)
Disciplina 2: GLA384_1 | ('6T12  6N1234 (04/03/2024 - 09/03/2024),  6N1234 (11/03/2024 - 18/05/2024)',)
Agrupamento!
Curso:  LETRAS - PORTUGUÊS E ESPANHOL
Disciplina 1: GLA383_1 | ('2N1234 (04/03/2024 - 06/04/2024),  2N1234 (15/04/2024 - 27/04/2024),  2N1234 (13/05/2024 - 22/06/2024),  2N1234 (01/07/2024 - 13/07/2024)',)
Disciplina 2: GLA379_1 | ('4N1234 (04/03/2024 - 06/04/2024),   2N1234 (08/04/2024 - 13/04/2024),  2N1234 (29/04/2024 - 11/05/2024), 2N1234 (24/06/2024 - 24/06/2024)',)
Agrupamento!
Curso:  LETRAS - PORTUGUÊS E ESPANHOL
Disciplina 1: GLA386_1 | ('3N1234 (29/04/2024 - 06/07/2024),  3N12 (08/07/2024 - 13/07/2024)',)
Disciplina 2: GLA385_1 | ('3T12345  3N1234 (04/03/2024 - 16/03/2024),  3N1234 (18/03/2024 - 27/04/2024)',)
Agrupamento!
Curso:  LETRAS - PORTUGUÊS E ESPANHOL
Disciplina 1: GLA395_1 | ('2T1234  2N1234 (04/03/2024 - 23/03/2024),  2T1234 (25/03/2024 - 30/03/2024),  2N1234 (01/07/2024 - 13/07/2024)',)
Disciplina 2: GLA397_1 | ('2N1234 (25/03/2024 - 01/06/2024),  2N12 (03/06/2024 - 08/06/2024)',)
Agrupamento!
Curso:  MATEMÁTICA
Disciplina 1: GEX983_1 | ('6N1234 (04/03/2024 - 26/04/2024),  6N12 (03/05/2024 - 03/05/2024)',)
Disciplina 2: GEX980_1 | ('6N1234 (17/05/2024 - 24/05/2024),  6N1234 (07/06/2024 - 05/07/2024),  6N12 (12/07/2024 - 12/07/2024)',)
Agrupamento!
Curso:  MATEMÁTICA
Disciplina 1: GEX989_1 | ('4N1234 (13/03/2024 - 13/03/2024),  4N1234 (10/04/2024 - 10/04/2024),  4N1234 (08/05/2024 - 08/05/2024),  4N1234 (22/05/2024 - 22/05/2024),  4N1234 (12/06/2024 - 12/06/2024),  2N1234 (17/06/2024 - 17/06/2024),  24N1234 (24/06/2024 - 26/06/2024),  2N1234 (01/07/2024 - 01/07/2024)',)
Disciplina 2: GEX988_1 | ('2N1234 (04/03/2024 - 10/06/2024)',)
Agrupamento!
Curso:  MATEMÁTICA
Disciplina 1: GEX996_1 | ('2N1234 (04/03/2024 - 04/03/2024),  2N1234 (18/03/2024 - 18/03/2024),  2N1234 (01/04/2024 - 01/04/2024),  2N1234 (15/04/2024 - 15/04/2024),  2N1234 (29/04/2024 - 29/04/2024),  2N1234 (13/05/2024 - 13/05/2024),  2N1234 (27/05/2024 - 27/05/2024),  2N1234 (10/06/2024 - 10/06/2024),  2N1234 (24/06/2024 - 24/06/2024)',)
Disciplina 2: GEX995_1 | ('2N1234 (11/03/2024 - 11/03/2024),  2T2345  2N1234 (25/03/2024 - 25/03/2024),  2T2345 (01/04/2024 - 01/04/2024),  2T2345  2N1234 (08/04/2024 - 08/04/2024),  2T2345 (15/04/2024 - 15/04/2024),  2T2345  2N1234 (22/04/2024 - 22/04/2024),  2T2345 (29/04/2024 - 29/04/2024),  2T2345  2N1234 (06/05/2024 - 06/05/2024),  2T2345 (13/05/2024 - 13/05/2024),  2T2345  2N1234 (20/05/2024 - 20/05/2024),  2T2345 (27/05/2024 - 27/05/2024),  2T2345  2N1234 (03/06/2024 - 03/06/2024),  2T2345 (10/06/2024 - 10/06/2024),  2T2345  2N1234 (17/06/2024 - 17/06/2024),  2T2345 (24/06/2024 - 24/06/2024),  2N12 (01/07/2024 - 01/07/2024)',)
Agrupamento!
Curso:  MEDICINA
Disciplina 1: GSA286_1 | ('4T1234 (06/03/2024 - 06/03/2024),  4T1234 (20/03/2024 - 20/03/2024),  4T1234 (03/04/2024 - 03/04/2024),  4T1234 (17/04/2024 - 17/04/2024),  4T1234 (08/05/2024 - 08/05/2024),  4T1234 (22/05/2024 - 22/05/2024),  4T1234 (29/05/2024 - 29/05/2024),  4T1234 (12/06/2024 - 12/06/2024),  4T1234 (26/06/2024 - 26/06/2024)',)
Disciplina 2: GSA285_1 | ('4T12345 (05/06/2024 - 05/06/2024),  4T12345 (19/06/2024 - 19/06/2024),  4T12345 (03/07/2024 - 03/07/2024),  4T123 (10/07/2024 - 10/07/2024)',)
Agrupamento!
Curso:  PEDAGOGIA
Disciplina 1: GCH1036_1 | ('5M1234 (28/03/2024 - 28/03/2024), 5M1234 (02/05/2024 - 02/05/2024), 5M1234 (06/06/2024 - 06/06/2024), 5M1234 (20/06/2024 - 20/06/2024), 5M12 (27/06/2024 - 27/06/2024)',)
Disciplina 2: GCH1100_1 | ('5M1234 (04/03/2024 - 21/03/2024), 5M1234 (04/04/2024 - 25/04/2024), 5M1234 (09/05/2024 - 09/05/2024), 5M1234 (16/05/2024 - 16/05/2024)',)
Agrupamento!
Curso:  PEDAGOGIA
Disciplina 1: GCH1039_1 | ('4N1234 (27/03/2024 - 27/03/2024),  4N1234 (08/05/2024 - 08/05/2024),  4N1234 (27/05/2024 - 08/06/2024),  4N12 (12/06/2024 - 12/06/2024)',)
Disciplina 2: GCH1038_1 | ('4N1234 (04/03/2024 - 23/03/2024),  4N1234 (01/04/2024 - 27/04/2024),  4N1234 (13/05/2024 - 25/05/2024)',)
Agrupamento!
Curso:  PEDAGOGIA
Disciplina 1: GCH1099_1 | ('6M1234 (04/03/2024 - 23/03/2024), 6M1234 (08/04/2024 - 04/05/2024), 6M1234 (13/05/2024 - 01/06/2024), 6M1234 (14/06/2024 - 14/06/2024), 6M34 (28/06/2024 - 28/06/2024), 6M1234 (01/07/2024 - 13/07/2024)',)
Disciplina 2: GCH1088_1 | ('6M1234 (01/04/2024 - 06/04/2024), 6M1234 (06/05/2024 - 11/05/2024), 6M1234 (03/06/2024 - 08/06/2024), 6M1234 (17/06/2024 - 22/06/2024), 6M12 (24/06/2024 - 29/06/2024)',)
Agrupamento!
Curso:  PEDAGOGIA
Disciplina 1: GCH1105_1 | ('3N1234 (04/03/2024 - 30/03/2024), 7M123456  3N1234 (01/07/2024 - 13/07/2024)',)
Disciplina 2: GCH1104_1 | ('3N1234 (01/04/2024 - 27/04/2024),  3N1234 (06/05/2024 - 18/05/2024)',)
Agrupamento!
Curso:  PEDAGOGIA
Disciplina 1: GCH1106_1 | ('2N1234 (25/03/2024 - 25/03/2024),  2N1234 (29/04/2024 - 29/04/2024),  2N1234 (27/05/2024 - 27/05/2024),  2N1234 (10/06/2024 - 10/06/2024),  2N12 (17/06/2024 - 17/06/2024)',)
Disciplina 2: GCH1102_1 | ('2N1234 (04/03/2024 - 23/03/2024),  2N1234 (01/04/2024 - 27/04/2024),  2N1234 (06/05/2024 - 25/05/2024),  2N1234 (03/06/2024 - 03/06/2024),  2N34 (17/06/2024 - 17/06/2024),  2N1234 (24/06/2024 - 06/07/2024)',)
Agrupamento!
Curso:  PEDAGOGIA
Disciplina 1: GCH1109_1 | ('3M1234 (06/05/2024 - 06/07/2024)',)
Disciplina 2: GCH1108_1 | ('3M1234 (04/03/2024 - 04/05/2024)',)
Agrupamento!
Curso:  PEDAGOGIA
Disciplina 1: GCH1111_1 | ('5M1234 (28/03/2024 - 28/03/2024), 5M1234 (02/05/2024 - 02/05/2024), 5M1234 (06/06/2024 - 06/06/2024), 5M1234 (20/06/2024 - 20/06/2024), 5M12 (27/06/2024 - 27/06/2024)',)
Disciplina 2: GCH837_3 | ('57M12345 (04/03/2024 - 23/03/2024), 57M12345 (01/04/2024 - 27/04/2024), 5M12345 (06/05/2024 - 25/05/2024), 57M12345 (13/06/2024 - 15/06/2024), 5M345 (27/06/2024 - 27/06/2024), 5M12345 (01/07/2024 - 13/07/2024)',)
Agrupamento!
Curso:  PEDAGOGIA
Disciplina 1: GCH1114_1 | ('7M2345  5N1234 (06/05/2024 - 25/05/2024), 7M2345  5N1234 (27/05/2024 - 08/06/2024),  5N1234 (10/06/2024 - 13/07/2024)',)
Disciplina 2: GCH1115_1 | ('7M2345  5N1234 (04/03/2024 - 23/03/2024),  5N1234 (25/03/2024 - 20/04/2024), 7M2345  5N1234 (22/04/2024 - 04/05/2024)',)
Agrupamento!
Curso:  PEDAGOGIA
Disciplina 1: GCH1116_1 | ('4N1234 (27/03/2024 - 27/03/2024),  4N1234 (08/05/2024 - 08/05/2024),  4N1234 (05/06/2024 - 05/06/2024),  4N1234 (19/06/2024 - 19/06/2024),  4N12 (26/06/2024 - 26/06/2024)',)
Disciplina 2: GCH1113_1 | ('4N1234 (04/03/2024 - 23/03/2024),  4N1234 (01/04/2024 - 27/04/2024),  4N1234 (13/05/2024 - 01/06/2024),  4N1234 (12/06/2024 - 12/06/2024),  4N34 (26/06/2024 - 26/06/2024), 7M123456  7T123  4N1234 (01/07/2024 - 13/07/2024)',)
Agrupamento!
Curso:  PEDAGOGIA
Disciplina 1: GLA240_1 | ('5M1234 (04/03/2024 - 04/05/2024)',)
Disciplina 2: GCH1119_1 | ('5M1234 (06/05/2024 - 13/07/2024)',)
Agrupamento!
Curso:  PEDAGOGIA
Disciplina 1: GEX776_1 | ('6M1234 (13/05/2024 - 13/07/2024)',)
Disciplina 2: GCH1118_1 | ('6M1234 (04/03/2024 - 11/05/2024)',)
Agrupamento!
Curso:  PEDAGOGIA
Disciplina 1: GCH1121_1 | ('7M2345 (09/03/2024 - 09/03/2024),  4N1234 (13/03/2024 - 13/03/2024), 7M2345 (16/03/2024 - 16/03/2024), 7M2345 (23/03/2024 - 23/03/2024),  4N1234 (10/04/2024 - 10/04/2024),  4N1234 (08/05/2024 - 08/05/2024),  4N1234 (22/05/2024 - 22/05/2024),  4N1234 (12/06/2024 - 12/06/2024),  4N1234 (26/06/2024 - 26/06/2024)',)
Disciplina 2: GEX777_1 | ('4N1234 (06/03/2024 - 06/03/2024),  4N1234 (18/03/2024 - 06/04/2024),  4N1234 (15/04/2024 - 27/04/2024), 7M2345  4N1234 (15/05/2024 - 18/05/2024), 7M2345  4N1234 (27/05/2024 - 08/06/2024), 7M2345  4N1234 (19/06/2024 - 22/06/2024), 7M2345  4N1234 (01/07/2024 - 13/07/2024)',)
Agrupamento!
Curso:  PEDAGOGIA
Disciplina 1: GCH1126_1 | ('2N1234 (25/03/2024 - 25/03/2024),  2N1234 (29/04/2024 - 29/04/2024),  2N1234 (27/05/2024 - 27/05/2024),  2N1234 (10/06/2024 - 10/06/2024),  2N12 (17/06/2024 - 17/06/2024)',)
Disciplina 2: GCH1122_1 | ('2N1234 (04/03/2024 - 23/03/2024),  2N1234 (01/04/2024 - 27/04/2024),  2N1234 (06/05/2024 - 06/05/2024),  2N1234 (13/05/2024 - 13/05/2024),  7T2345 (18/05/2024 - 18/05/2024),  2N1234 (20/05/2024 - 20/05/2024),  7T2345 (25/05/2024 - 25/05/2024),  7T2345 (01/06/2024 - 01/06/2024),  2N1234 (03/06/2024 - 03/06/2024),  7T2345 (08/06/2024 - 08/06/2024),  2N1234 (24/06/2024 - 13/07/2024)',)
Agrupamento!
Curso:  PEDAGOGIA
Disciplina 1: GCH1134_1 | ('3N1234 (26/03/2024 - 26/03/2024),  3N1234 (30/04/2024 - 30/04/2024),  3N1234 (21/05/2024 - 01/06/2024),  3N12 (04/06/2024 - 04/06/2024)',)
Disciplina 2: GCH1132_1 | ('3N1234 (04/03/2024 - 23/03/2024),  3N1234 (01/04/2024 - 27/04/2024),  3N1234 (06/05/2024 - 18/05/2024)',)
Agrupamentos:  27
Set parameter Username
Set parameter LicenseID to value 2851439
Academic license - for non-commercial use only - expires 2027-08-04
Set parameter TimeLimit to value 25200
Set parameter TimeLimit to value 14400
Gurobi Optimizer version 10.0.2 build v10.0.2rc0 (mac64[arm])

CPU model: Apple M5
Thread count: 10 physical cores, 10 logical processors, using up to 10 threads

Optimize a model with 548706 rows, 284763 columns and 1341935 nonzeros
Model fingerprint: 0x554225e6
Variable types: 0 continuous, 284763 integer (264707 binary)
Coefficient statistics:
  Matrix range     [1e+00, 8e+01]
  Objective range  [5e-01, 2e+03]
  Bounds range     [1e+00, 1e+00]
  RHS range        [1e+00, 1e+02]
Found heuristic solution: objective 4130000.0000
Presolve removed 258478 rows and 68178 columns
Presolve time: 1.59s
Presolved: 290228 rows, 216585 columns, 898474 nonzeros
Variable types: 0 continuous, 216585 integer (216585 binary)
Found heuristic solution: objective 3264725.0000
Deterministic concurrent LP optimizer: primal simplex, dual simplex, and barrier
Showing barrier log only...

Root barrier log...

Elapsed ordering time = 5s
Ordering time: 8.49s

Barrier statistics:
 AA' NZ     : 1.136e+07
 Factor NZ  : 2.437e+08 (roughly 2.0 GB of memory)
 Factor Ops : 5.343e+11 (roughly 1 second per iteration)
 Threads    : 8

                  Objective                Residual
Iter       Primal          Dual         Primal    Dual     Compl     Time
   0  -6.39698060e+08 -3.51778543e+08  2.15e+02 4.92e+02  1.10e+04    12s
   1  -2.00499109e+08 -4.34305180e+08  7.69e+01 9.64e+02  4.15e+03    13s
   2  -3.11756090e+07 -3.94800340e+08  1.97e+01 3.75e+00  1.22e+03    14s
   3  -7.79836595e+06 -1.57510536e+08  1.00e+01 4.54e-11  4.04e+02    15s
   4  -5.24717467e+05 -5.27375723e+07  6.38e+00 2.27e-11  1.53e+02    16s
   5   2.69488744e+06 -2.07628088e+07  2.80e+00 9.29e-12  6.06e+01    17s
   6   1.67989106e+06 -4.60762362e+06  7.82e-01 1.46e-11  1.51e+01    18s
   7   7.22567801e+05 -1.30942345e+06  2.20e-01 5.46e-12  4.22e+00    19s
   8   3.94698933e+05 -1.65254644e+04  3.08e-02 3.64e-12  7.42e-01    20s
   9   3.33284379e+05  5.00084744e+04  2.25e-02 2.73e-12  5.17e-01    21s
  10   2.92414114e+05  8.59136276e+04  1.69e-02 1.82e-12  3.80e-01    22s
  11   2.60983231e+05  1.32442282e+05  1.23e-02 1.82e-12  2.46e-01    23s
  12   2.36534426e+05  1.44206413e+05  8.85e-03 2.73e-12  1.77e-01    25s
  13   2.05076014e+05  1.62484231e+05  3.32e-03 1.82e-12  7.72e-02    28s
  14   1.92426625e+05  1.74106596e+05  1.52e-03 1.82e-12  3.37e-02    30s
  15   1.88200104e+05  1.77328125e+05  1.00e-03 2.73e-12  2.05e-02    33s
  16   1.86441606e+05  1.78656253e+05  7.63e-04 1.82e-12  1.49e-02    35s
  17   1.85354243e+05  1.79403213e+05  6.31e-04 1.82e-12  1.17e-02    37s
  18   1.82717834e+05  1.80234572e+05  2.63e-04 1.82e-12  4.87e-03    41s
  19   1.81908452e+05  1.80376711e+05  1.59e-04 1.82e-12  2.99e-03    43s
  20   1.81315388e+05  1.80449408e+05  9.02e-05 1.82e-12  1.69e-03    45s
  21   1.81179265e+05  1.80526774e+05  7.28e-05 1.82e-12  1.30e-03    48s
  22   1.80913537e+05  1.80582652e+05  3.79e-05 1.82e-12  6.65e-04    50s
  23   1.80820065e+05  1.80607094e+05  2.67e-05 2.73e-12  4.41e-04    53s
  24   1.80745452e+05  1.80611231e+05  1.66e-05 1.82e-12  2.76e-04    55s
  25   1.80694282e+05  1.80616032e+05  9.90e-06 1.82e-12  1.62e-04    58s
  26   1.80621882e+05  1.80618086e+05  1.33e-07 2.73e-12  5.98e-06    60s
  27   1.80618464e+05  1.80618426e+05  6.32e-10 2.73e-12  5.52e-08    62s
  28   1.80618438e+05  1.80618437e+05  9.32e-12 2.73e-12  2.47e-11    65s

Barrier solved model in 28 iterations and 64.84 seconds (264.95 work units)
Optimal objective 1.80618438e+05


Root crossover log...

  139792 DPushes remaining with DInf 0.0000000e+00                65s
    5088 DPushes remaining with DInf 0.0000000e+00                65s
       0 DPushes remaining with DInf 0.0000000e+00                65s

    2223 PPushes remaining with PInf 0.0000000e+00                65s
       0 PPushes remaining with PInf 0.0000000e+00                65s

  Push phase complete: Pinf 0.0000000e+00, Dinf 5.5405280e-10     65s


Root simplex log...

Iteration    Objective       Primal Inf.    Dual Inf.      Time
   42139    1.8061844e+05   0.000000e+00   0.000000e+00     65s
Concurrent spin time: 39.88s (can be avoided by choosing Method=3)

Solved with barrier

Root relaxation: objective 1.806184e+05, 42139 iterations, 103.60 seconds (267.63 work units)
Total elapsed time = 111.51s

    Nodes    |    Current Node    |     Objective Bounds      |     Work
 Expl Unexpl |  Obj  Depth IntInf | Incumbent    BestBd   Gap | It/Node Time

     0     0 180618.438    0 6031 3264725.00 180618.438  94.5%     -  114s
H    0     0                    994998.00000 180618.438  81.8%     -  115s
H    0     0                    582766.00000 180618.438  69.0%     -  115s
H    0     0                    573366.00000 180618.438  68.5%     -  115s
     0     0 180750.211    0 8932 573366.000 180750.211  68.5%     -  124s
H    0     0                    359063.50000 180750.211  49.7%     -  160s
     0     0 180752.037    0 8801 359063.500 180752.037  49.7%     -  160s
     0     0 180819.312    0 8963 359063.500 180819.312  49.6%     -  162s
     0     0 180819.725    0 8831 359063.500 180819.725  49.6%     -  162s
     0     0 180819.725    0 8831 359063.500 180819.725  49.6%     -  163s
     0     0 180995.268    0 9218 359063.500 180995.268  49.6%     -  178s
     0     0 181004.549    0 9226 359063.500 181004.549  49.6%     -  182s
     0     0 181005.732    0 9113 359063.500 181005.732  49.6%     -  185s
     0     0 181005.994    0 9116 359063.500 181005.994  49.6%     -  186s
     0     0 181006.095    0 9163 359063.500 181006.095  49.6%     -  187s
     0     0 181006.116    0 9062 359063.500 181006.116  49.6%     -  187s
     0     0 181235.057    0 9786 359063.500 181235.057  49.5%     -  206s
     0     0 181245.858    0 9488 359063.500 181245.858  49.5%     -  214s
     0     0 181248.077    0 9453 359063.500 181248.077  49.5%     -  216s
     0     0 181248.145    0 9422 359063.500 181248.145  49.5%     -  216s
     0     0 181331.844    0 9805 359063.500 181331.844  49.5%     -  232s
     0     0 181339.690    0 9722 359063.500 181339.690  49.5%     -  243s
     0     0 181344.063    0 9592 359063.500 181344.063  49.5%     -  245s
     0     0 181344.654    0 9648 359063.500 181344.654  49.5%     -  247s
     0     0 181344.725    0 9502 359063.500 181344.725  49.5%     -  248s
     0     0 181390.025    0 9754 359063.500 181390.025  49.5%     -  261s
H    0     0                    315144.50000 181390.025  42.4%     -  293s
     0     0 181403.544    0 9711 315144.500 181403.544  42.4%     -  300s
     0     0 181404.557    0 9807 315144.500 181404.557  42.4%     -  303s
     0     0 181404.793    0 9679 315144.500 181404.793  42.4%     -  305s
     0     0 181404.916    0 9702 315144.500 181404.916  42.4%     -  306s
     0     0 181404.934    0 9696 315144.500 181404.934  42.4%     -  307s
     0     0 181417.414    0 9700 315144.500 181417.414  42.4%     -  315s
     0     0 181422.073    0 9817 315144.500 181422.073  42.4%     -  322s
     0     0 181422.671    0 9801 315144.500 181422.671  42.4%     -  324s
     0     0 181422.840    0 9786 315144.500 181422.840  42.4%     -  325s
     0     0 181422.846    0 9758 315144.500 181422.846  42.4%     -  326s
     0     0 181435.520    0 9863 315144.500 181435.520  42.4%     -  336s
     0     0 181437.803    0 9952 315144.500 181437.803  42.4%     -  343s
     0     0 181438.081    0 10151 315144.500 181438.081  42.4%     -  345s
     0     0 181438.235    0 10083 315144.500 181438.235  42.4%     -  346s
     0     0 181438.259    0 10127 315144.500 181438.259  42.4%     -  346s
     0     0 181445.740    0 9996 315144.500 181445.740  42.4%     -  354s
     0     0 181448.564    0 10182 315144.500 181448.564  42.4%     -  362s
     0     0 181448.708    0 10091 315144.500 181448.708  42.4%     -  364s
     0     0 181448.840    0 9973 315144.500 181448.840  42.4%     -  366s
     0     0 181448.866    0 9884 315144.500 181448.866  42.4%     -  367s
     0     0 181457.269    0 10106 315144.500 181457.269  42.4%     -  375s
     0     0 181462.271    0 10113 315144.500 181462.271  42.4%     -  383s
     0     0 181463.083    0 10217 315144.500 181463.083  42.4%     -  385s
     0     0 181463.197    0 10311 315144.500 181463.197  42.4%     -  386s
     0     0 181463.245    0 10308 315144.500 181463.245  42.4%     -  386s
     0     0 181475.558    0 10034 315144.500 181475.558  42.4%     -  397s
     0     0 181478.815    0 9958 315144.500 181478.815  42.4%     -  406s
     0     0 181479.565    0 10022 315144.500 181479.565  42.4%     -  408s
     0     0 181479.972    0 10170 315144.500 181479.972  42.4%     -  410s
     0     0 181480.031    0 10008 315144.500 181480.031  42.4%     -  411s
     0     0 181495.549    0 10444 315144.500 181495.549  42.4%     -  423s
     0     0 181498.968    0 10573 315144.500 181498.968  42.4%     -  433s
     0     0 181499.890    0 10537 315144.500 181499.890  42.4%     -  435s
     0     0 181500.057    0 10528 315144.500 181500.057  42.4%     -  437s
     0     0 181500.069    0 10559 315144.500 181500.069  42.4%     -  438s
     0     0 181516.463    0 10232 315144.500 181516.463  42.4%     -  446s
     0     0 181521.101    0 10655 315144.500 181521.101  42.4%     -  455s
     0     0 181521.571    0 10486 315144.500 181521.571  42.4%     -  457s
     0     0 181521.618    0 10489 315144.500 181521.618  42.4%     -  458s
     0     0 181526.730    0 11054 315144.500 181526.730  42.4%     -  465s
H    0     0                    313354.50000 181526.730  42.1%     -  485s
     0     0 181528.891    0 11071 313354.500 181528.891  42.1%     -  491s
     0     0 181529.197    0 11216 313354.500 181529.197  42.1%     -  493s
     0     0 181529.230    0 11315 313354.500 181529.230  42.1%     -  495s
     0     0 181531.826    0 10312 313354.500 181531.826  42.1%     -  503s
     0     0 181533.867    0 10684 313354.500 181533.867  42.1%     -  513s
     0     0 181534.127    0 10468 313354.500 181534.127  42.1%     -  515s
     0     0 181534.275    0 10385 313354.500 181534.275  42.1%     -  516s
     0     0 181534.313    0 10384 313354.500 181534.313  42.1%     -  517s
     0     0 181535.851    0 10368 313354.500 181535.851  42.1%     -  522s
     0     0 181536.433    0 10311 313354.500 181536.433  42.1%     -  529s
     0     0 181536.687    0 10288 313354.500 181536.687  42.1%     -  530s
     0     0 181536.789    0 10365 313354.500 181536.789  42.1%     -  531s
     0     0 181538.774    0 10350 313354.500 181538.774  42.1%     -  538s
     0     0 181539.309    0 10430 313354.500 181539.309  42.1%     -  545s
     0     0 181539.428    0 10479 313354.500 181539.428  42.1%     -  547s
     0     0 181541.118    0 10616 313354.500 181541.118  42.1%     -  553s
     0     0 181541.985    0 10760 313354.500 181541.985  42.1%     -  562s
     0     0 181542.170    0 10715 313354.500 181542.170  42.1%     -  563s
     0     0 181542.213    0 10725 313354.500 181542.213  42.1%     -  564s
     0     0 181543.354    0 10720 313354.500 181543.354  42.1%     -  568s
     0     0 181543.712    0 10746 313354.500 181543.712  42.1%     -  570s
     0     0 181543.764    0 10819 313354.500 181543.764  42.1%     -  571s
     0     0 181545.707    0 10680 313354.500 181545.707  42.1%     -  576s
     0     0 181546.160    0 10676 313354.500 181546.160  42.1%     -  584s
     0     0 181546.256    0 10736 313354.500 181546.256  42.1%     -  585s
     0     0 181547.753    0 10581 313354.500 181547.753  42.1%     -  592s
     0     0 181548.489    0 10752 313354.500 181548.489  42.1%     -  601s
     0     0 181548.618    0 10784 313354.500 181548.618  42.1%     -  602s
     0     0 181549.387    0 10473 313354.500 181549.387  42.1%     -  607s
H    0     0                    309845.00000 181549.387  41.4%     -  666s
     0     0 181550.165    0 10824 309845.000 181550.165  41.4%     -  669s
     0     0 181550.281    0 10671 309845.000 181550.281  41.4%     -  672s
     0     0 181552.380    0 10761 309845.000 181552.380  41.4%     -  680s
     0     0 181552.975    0 10787 309845.000 181552.975  41.4%     -  684s
     0     0 181553.186    0 10993 309845.000 181553.186  41.4%     -  686s
     0     0 181553.224    0 10917 309845.000 181553.224  41.4%     -  688s
     0     0 181554.072    0 10778 309845.000 181554.072  41.4%     -  693s
     0     0 181554.761    0 10896 309845.000 181554.761  41.4%     -  698s
     0     0 181554.965    0 10993 309845.000 181554.965  41.4%     -  700s
     0     0 181554.994    0 10940 309845.000 181554.994  41.4%     -  701s
     0     0 181556.018    0 10905 309845.000 181556.018  41.4%     -  705s
     0     0 181556.426    0 10976 309845.000 181556.426  41.4%     -  707s
     0     0 181556.501    0 11009 309845.000 181556.501  41.4%     -  707s
     0     0 181557.708    0 10911 309845.000 181557.708  41.4%     -  711s
     0     0 181558.926    0 10933 309845.000 181558.926  41.4%     -  714s
     0     0 181559.286    0 10725 309845.000 181559.286  41.4%     -  716s
     0     0 181559.328    0 10803 309845.000 181559.328  41.4%     -  717s
     0     0 181560.208    0 10860 309845.000 181560.208  41.4%     -  723s
     0     0 181560.667    0 10829 309845.000 181560.667  41.4%     -  726s
     0     0 181560.736    0 10804 309845.000 181560.736  41.4%     -  727s
     0     0 181562.387    0 10808 309845.000 181562.387  41.4%     -  732s
     0     0 181562.779    0 10677 309845.000 181562.779  41.4%     -  735s
     0     0 181562.867    0 10677 309845.000 181562.867  41.4%     -  737s
     0     0 181564.693    0 10627 309845.000 181564.693  41.4%     -  744s
     0     0 181565.058    0 10671 309845.000 181565.058  41.4%     -  752s
     0     0 181565.166    0 10580 309845.000 181565.166  41.4%     -  754s
     0     0 181565.885    0 10615 309845.000 181565.885  41.4%     -  760s
     0     0 181566.346    0 10793 309845.000 181566.346  41.4%     -  771s
     0     0 181566.453    0 10812 309845.000 181566.453  41.4%     -  773s
     0     0 181567.665    0 11063 309845.000 181567.665  41.4%     -  778s
     0     0 181567.934    0 10947 309845.000 181567.934  41.4%     -  781s
     0     0 181567.989    0 10909 309845.000 181567.989  41.4%     -  783s
     0     0 181569.266    0 10984 309845.000 181569.266  41.4%     -  789s
     0     0 181569.669    0 11070 309845.000 181569.669  41.4%     -  792s
     0     0 181569.756    0 11115 309845.000 181569.756  41.4%     -  794s
     0     0 181570.660    0 11005 309845.000 181570.660  41.4%     -  800s
     0     0 181571.149    0 11209 309845.000 181571.149  41.4%     -  804s
     0     0 181571.188    0 11162 309845.000 181571.188  41.4%     -  806s
     0     0 181571.895    0 11027 309845.000 181571.895  41.4%     -  810s
     0     0 181571.895    0 10211 309845.000 181571.895  41.4%     -  821s
     0     2 181571.895    0 9690 309845.000 181571.895  41.4%     -  900s
     3     8 181572.105    2 10287 309845.000 181571.895  41.4% 10439  915s
     7    16 181572.195    3 10410 309845.000 181572.105  41.4%  8954  930s
    15    26 181572.199    4 10381 309845.000 181572.195  41.4%  7418  956s
    25    36 181572.199    5 10888 309845.000 181572.199  41.4% 19306 1746s
H   35    46                    305840.00000 181572.199  40.6% 55010 1963s
H   40    46                    304121.00000 181572.199  40.3% 48348 1963s
H   44    46                    304010.00000 181572.199  40.3% 44377 1963s
    45    56 181579.282    6 10772 304010.000 181572.199  40.3% 43440 2105s
    55    74 181578.926    7 10623 304010.000 181572.199  40.3% 35904 2125s
    73   134 181574.229    8 10543 304010.000 181572.199  40.3% 27786 2202s
   133   273 181579.287   11 10235 304010.000 181572.199  40.3% 16768 2438s
H  272   450                    301102.00000 181572.199  39.7% 10677 2843s
H  431   450                    298615.00000 181572.199  39.2%  7942 2843s
   449   851 181610.418   37 9937 298615.000 181572.199  39.2%  7984 3566s
H  618   851                    298365.00000 181572.199  39.1%  6907 3566s
H  850  1157                    208619.50000 181572.199  13.0%  6519 4441s
H 1025  1157                    206297.50000 181572.199  12.0%  6354 4441s
H 1102  1157                    202799.50000 181572.199  10.5%  6522 4441s
H 1156  1368                    202764.50000 181572.199  10.5%  6821 5386s
H 1163  1368                    191478.50000 181572.199  5.17%  6824 5386s
  1367  1499 182212.287  109 8448 191478.500 181572.199  5.17%  6972 7191s
H 1386  1499                    191363.50000 181572.199  5.12%  6983 7191s
H 1392  1499                    189353.00000 181572.199  4.11%  6987 7191s
H 1422  1499                    188156.50000 181572.199  3.50%  7422 7191s
H 1498  1935                    188056.50000 181572.199  3.45%  8246 8467s
H 1525  1935                    188049.50000 181572.199  3.44%  8325 8467s
H 1911  1935                    188046.50000 181572.199  3.44%  8066 8467s
  1959  2367 182361.761  141 8620 188046.500 181572.199  3.44%  8062 9803s
H 1975  2367                    187537.50000 181572.199  3.18%  8060 9803s
  2434  2642 183278.904  182 8332 187537.500 181572.199  3.18%  7919 11123s
H 2453  2642                    187532.50000 181572.199  3.18%  7975 11123s
H 2490  2642                    187527.50000 181572.199  3.18%  7967 11123s
H 2510  2642                    187491.50000 181572.199  3.16%  8021 11123s
  2760  3076 183447.839  194 7293 187491.500 181572.199  3.16%  8117 12468s
H 2790  3076                    187486.50000 181572.199  3.15%  8181 12468s
H 3041  3075                    187461.50000 181572.199  3.14%  8356 12468s
  3201  3419 183749.082  215 8288 187461.500 181572.199  3.14%  8370 13831s
H 3326  3419                    187451.50000 181572.199  3.14%  8544 13831s
  3547  3429 184260.834  232 6829 187451.500 181572.199  3.14%  8661 14400s

Cutting planes:
  Gomory: 10
  MIR: 18
  Zero half: 353
  RLT: 393
  BQP: 2271

Explored 3557 nodes (31492113 simplex iterations) in 14400.35 seconds (28357.13 work units)
Thread count was 10 (of 10 available processors)

Solution count 10: 187452 187462 187486 ... 188056

Time limit reached
Best objective 1.874515000000e+05, best bound 1.815721986617e+05, gap 3.1364%
Solução -> não <- ótima.
Traceback (most recent call last):
  File "/Users/robertdrey/Documents/workspace/development/alocador_de_salas/scripts/run_gurobi_experiments.py", line 106, in <module>
    main_cli()
  File "/Users/robertdrey/Documents/workspace/development/alocador_de_salas/scripts/run_gurobi_experiments.py", line 77, in main_cli
    print("RESULTADO_JSON=" + json.dumps(resultado, ensure_ascii=False, sort_keys=True))
  File "/Users/robertdrey/.local/share/uv/python/cpython-3.10-macos-aarch64-none/lib/python3.10/json/__init__.py", line 238, in dumps
    **kw).encode(obj)
  File "/Users/robertdrey/.local/share/uv/python/cpython-3.10-macos-aarch64-none/lib/python3.10/json/encoder.py", line 199, in encode
    chunks = self.iterencode(o, _one_shot=True)
  File "/Users/robertdrey/.local/share/uv/python/cpython-3.10-macos-aarch64-none/lib/python3.10/json/encoder.py", line 257, in iterencode
    return _iterencode(o, 0)
TypeError: keys must be str, int, float, bool or None, not tuple
