
=== viabilidade_mipfocus_norel ===
Agrupamento!
Curso:  ADMINISTRAÇÃO
Disciplina 1: GCS528_1 | ('2M2345 (04/03/2024 - 29/04/2024)',)
Disciplina 2: GCH087_1 | ('2M2345 (06/05/2024 - 01/07/2024)',)
Agrupamento!
Curso:  ENFERMAGEM
Disciplina 1: GCH090_1 | ('3T1234 (06/05/2024 - 06/07/2024)',)
Disciplina 2: GSA020_1 | ('3T1234 (04/03/2024 - 04/05/2024)',)
Agrupamento!
Curso:  ENGENHARIA AMBIENTAL E SANITÁRIA
Disciplina 1: GEN108_1 | ('2T345 (04/03/2024 - 11/05/2024),  2T345 6T45 (13/05/2024 - 06/07/2024),  2T34 (08/07/2024 - 13/07/2024)',)
Disciplina 2: GEN107_1 | ('5T123 6T45 (04/03/2024 - 11/05/2024),  5T123 (13/05/2024 - 13/07/2024)',)
Agrupamento!
Curso:  LETRAS - PORTUGUÊS E ESPANHOL
Disciplina 1: GLA369_1 | ('2N1234 (15/04/2024 - 15/06/2024),  2T12  2N1234 (17/06/2024 - 22/06/2024)',)
Disciplina 2: GCH837_2 | ('2T12345  2N1234 (04/03/2024 - 13/04/2024),  2T12345 (15/04/2024 - 04/05/2024),  2T12345 (27/05/2024 - 08/06/2024),  2T12345 (10/06/2024 - 15/06/2024),  2N1234 (24/06/2024 - 13/07/2024)',)
Agrupamento!
Curso:  LETRAS - PORTUGUÊS E ESPANHOL
Disciplina 1: GLA381_1 | ('4N1234 (08/04/2024 - 11/05/2024),  4T1234  4N1234 (13/05/2024 - 25/05/2024),  4N1234 (27/05/2024 - 13/07/2024)',)
Disciplina 2: GLA379_1 | ('4N1234 (04/03/2024 - 06/04/2024),   2N1234 (08/04/2024 - 13/04/2024),  2N1234 (29/04/2024 - 11/05/2024), 2N1234 (24/06/2024 - 24/06/2024)',)
Agrupamento!
Curso:  LETRAS - PORTUGUÊS E ESPANHOL
Disciplina 1: GLA380_1 | ('6N1234 (20/05/2024 - 01/06/2024),  6T1234  6N1234 (03/06/2024 - 08/06/2024),  6N1234 (10/06/2024 - 13/07/2024)',)
Disciplina 2: GLA384_1 | ('6T12  6N1234 (04/03/2024 - 09/03/2024),  6N1234 (11/03/2024 - 18/05/2024)',)
Agrupamento!
Curso:  LETRAS - PORTUGUÊS E ESPANHOL
Disciplina 1: GLA383_1 | ('2N1234 (04/03/2024 - 06/04/2024),  2N1234 (15/04/2024 - 27/04/2024),  2N1234 (13/05/2024 - 22/06/2024),  2N1234 (01/07/2024 - 13/07/2024)',)
Disciplina 2: GLA379_1 | ('4N1234 (04/03/2024 - 06/04/2024),   2N1234 (08/04/2024 - 13/04/2024),  2N1234 (29/04/2024 - 11/05/2024), 2N1234 (24/06/2024 - 24/06/2024)',)
Agrupamento!
Curso:  LETRAS - PORTUGUÊS E ESPANHOL
Disciplina 1: GLA386_1 | ('3N1234 (29/04/2024 - 06/07/2024),  3N12 (08/07/2024 - 13/07/2024)',)
Disciplina 2: GLA385_1 | ('3T12345  3N1234 (04/03/2024 - 16/03/2024),  3N1234 (18/03/2024 - 27/04/2024)',)
Agrupamento!
Curso:  LETRAS - PORTUGUÊS E ESPANHOL
Disciplina 1: GLA395_1 | ('2T1234  2N1234 (04/03/2024 - 23/03/2024),  2T1234 (25/03/2024 - 30/03/2024),  2N1234 (01/07/2024 - 13/07/2024)',)
Disciplina 2: GLA397_1 | ('2N1234 (25/03/2024 - 01/06/2024),  2N12 (03/06/2024 - 08/06/2024)',)
Agrupamento!
Curso:  MATEMÁTICA
Disciplina 1: GEX983_1 | ('6N1234 (04/03/2024 - 26/04/2024),  6N12 (03/05/2024 - 03/05/2024)',)
Disciplina 2: GEX980_1 | ('6N1234 (17/05/2024 - 24/05/2024),  6N1234 (07/06/2024 - 05/07/2024),  6N12 (12/07/2024 - 12/07/2024)',)
Agrupamento!
Curso:  MATEMÁTICA
Disciplina 1: GEX989_1 | ('4N1234 (13/03/2024 - 13/03/2024),  4N1234 (10/04/2024 - 10/04/2024),  4N1234 (08/05/2024 - 08/05/2024),  4N1234 (22/05/2024 - 22/05/2024),  4N1234 (12/06/2024 - 12/06/2024),  2N1234 (17/06/2024 - 17/06/2024),  24N1234 (24/06/2024 - 26/06/2024),  2N1234 (01/07/2024 - 01/07/2024)',)
Disciplina 2: GEX988_1 | ('2N1234 (04/03/2024 - 10/06/2024)',)
Agrupamento!
Curso:  MATEMÁTICA
Disciplina 1: GEX996_1 | ('2N1234 (04/03/2024 - 04/03/2024),  2N1234 (18/03/2024 - 18/03/2024),  2N1234 (01/04/2024 - 01/04/2024),  2N1234 (15/04/2024 - 15/04/2024),  2N1234 (29/04/2024 - 29/04/2024),  2N1234 (13/05/2024 - 13/05/2024),  2N1234 (27/05/2024 - 27/05/2024),  2N1234 (10/06/2024 - 10/06/2024),  2N1234 (24/06/2024 - 24/06/2024)',)
Disciplina 2: GEX995_1 | ('2N1234 (11/03/2024 - 11/03/2024),  2T2345  2N1234 (25/03/2024 - 25/03/2024),  2T2345 (01/04/2024 - 01/04/2024),  2T2345  2N1234 (08/04/2024 - 08/04/2024),  2T2345 (15/04/2024 - 15/04/2024),  2T2345  2N1234 (22/04/2024 - 22/04/2024),  2T2345 (29/04/2024 - 29/04/2024),  2T2345  2N1234 (06/05/2024 - 06/05/2024),  2T2345 (13/05/2024 - 13/05/2024),  2T2345  2N1234 (20/05/2024 - 20/05/2024),  2T2345 (27/05/2024 - 27/05/2024),  2T2345  2N1234 (03/06/2024 - 03/06/2024),  2T2345 (10/06/2024 - 10/06/2024),  2T2345  2N1234 (17/06/2024 - 17/06/2024),  2T2345 (24/06/2024 - 24/06/2024),  2N12 (01/07/2024 - 01/07/2024)',)
Agrupamento!
Curso:  MEDICINA
Disciplina 1: GSA286_1 | ('4T1234 (06/03/2024 - 06/03/2024),  4T1234 (20/03/2024 - 20/03/2024),  4T1234 (03/04/2024 - 03/04/2024),  4T1234 (17/04/2024 - 17/04/2024),  4T1234 (08/05/2024 - 08/05/2024),  4T1234 (22/05/2024 - 22/05/2024),  4T1234 (29/05/2024 - 29/05/2024),  4T1234 (12/06/2024 - 12/06/2024),  4T1234 (26/06/2024 - 26/06/2024)',)
Disciplina 2: GSA285_1 | ('4T12345 (05/06/2024 - 05/06/2024),  4T12345 (19/06/2024 - 19/06/2024),  4T12345 (03/07/2024 - 03/07/2024),  4T123 (10/07/2024 - 10/07/2024)',)
Agrupamento!
Curso:  PEDAGOGIA
Disciplina 1: GCH1036_1 | ('5M1234 (28/03/2024 - 28/03/2024), 5M1234 (02/05/2024 - 02/05/2024), 5M1234 (06/06/2024 - 06/06/2024), 5M1234 (20/06/2024 - 20/06/2024), 5M12 (27/06/2024 - 27/06/2024)',)
Disciplina 2: GCH1100_1 | ('5M1234 (04/03/2024 - 21/03/2024), 5M1234 (04/04/2024 - 25/04/2024), 5M1234 (09/05/2024 - 09/05/2024), 5M1234 (16/05/2024 - 16/05/2024)',)
Agrupamento!
Curso:  PEDAGOGIA
Disciplina 1: GCH1039_1 | ('4N1234 (27/03/2024 - 27/03/2024),  4N1234 (08/05/2024 - 08/05/2024),  4N1234 (27/05/2024 - 08/06/2024),  4N12 (12/06/2024 - 12/06/2024)',)
Disciplina 2: GCH1038_1 | ('4N1234 (04/03/2024 - 23/03/2024),  4N1234 (01/04/2024 - 27/04/2024),  4N1234 (13/05/2024 - 25/05/2024)',)
Agrupamento!
Curso:  PEDAGOGIA
Disciplina 1: GCH1099_1 | ('6M1234 (04/03/2024 - 23/03/2024), 6M1234 (08/04/2024 - 04/05/2024), 6M1234 (13/05/2024 - 01/06/2024), 6M1234 (14/06/2024 - 14/06/2024), 6M34 (28/06/2024 - 28/06/2024), 6M1234 (01/07/2024 - 13/07/2024)',)
Disciplina 2: GCH1088_1 | ('6M1234 (01/04/2024 - 06/04/2024), 6M1234 (06/05/2024 - 11/05/2024), 6M1234 (03/06/2024 - 08/06/2024), 6M1234 (17/06/2024 - 22/06/2024), 6M12 (24/06/2024 - 29/06/2024)',)
Agrupamento!
Curso:  PEDAGOGIA
Disciplina 1: GCH1105_1 | ('3N1234 (04/03/2024 - 30/03/2024), 7M123456  3N1234 (01/07/2024 - 13/07/2024)',)
Disciplina 2: GCH1104_1 | ('3N1234 (01/04/2024 - 27/04/2024),  3N1234 (06/05/2024 - 18/05/2024)',)
Agrupamento!
Curso:  PEDAGOGIA
Disciplina 1: GCH1106_1 | ('2N1234 (25/03/2024 - 25/03/2024),  2N1234 (29/04/2024 - 29/04/2024),  2N1234 (27/05/2024 - 27/05/2024),  2N1234 (10/06/2024 - 10/06/2024),  2N12 (17/06/2024 - 17/06/2024)',)
Disciplina 2: GCH1102_1 | ('2N1234 (04/03/2024 - 23/03/2024),  2N1234 (01/04/2024 - 27/04/2024),  2N1234 (06/05/2024 - 25/05/2024),  2N1234 (03/06/2024 - 03/06/2024),  2N34 (17/06/2024 - 17/06/2024),  2N1234 (24/06/2024 - 06/07/2024)',)
Agrupamento!
Curso:  PEDAGOGIA
Disciplina 1: GCH1109_1 | ('3M1234 (06/05/2024 - 06/07/2024)',)
Disciplina 2: GCH1108_1 | ('3M1234 (04/03/2024 - 04/05/2024)',)
Agrupamento!
Curso:  PEDAGOGIA
Disciplina 1: GCH1111_1 | ('5M1234 (28/03/2024 - 28/03/2024), 5M1234 (02/05/2024 - 02/05/2024), 5M1234 (06/06/2024 - 06/06/2024), 5M1234 (20/06/2024 - 20/06/2024), 5M12 (27/06/2024 - 27/06/2024)',)
Disciplina 2: GCH837_3 | ('57M12345 (04/03/2024 - 23/03/2024), 57M12345 (01/04/2024 - 27/04/2024), 5M12345 (06/05/2024 - 25/05/2024), 57M12345 (13/06/2024 - 15/06/2024), 5M345 (27/06/2024 - 27/06/2024), 5M12345 (01/07/2024 - 13/07/2024)',)
Agrupamento!
Curso:  PEDAGOGIA
Disciplina 1: GCH1114_1 | ('7M2345  5N1234 (06/05/2024 - 25/05/2024), 7M2345  5N1234 (27/05/2024 - 08/06/2024),  5N1234 (10/06/2024 - 13/07/2024)',)
Disciplina 2: GCH1115_1 | ('7M2345  5N1234 (04/03/2024 - 23/03/2024),  5N1234 (25/03/2024 - 20/04/2024), 7M2345  5N1234 (22/04/2024 - 04/05/2024)',)
Agrupamento!
Curso:  PEDAGOGIA
Disciplina 1: GCH1116_1 | ('4N1234 (27/03/2024 - 27/03/2024),  4N1234 (08/05/2024 - 08/05/2024),  4N1234 (05/06/2024 - 05/06/2024),  4N1234 (19/06/2024 - 19/06/2024),  4N12 (26/06/2024 - 26/06/2024)',)
Disciplina 2: GCH1113_1 | ('4N1234 (04/03/2024 - 23/03/2024),  4N1234 (01/04/2024 - 27/04/2024),  4N1234 (13/05/2024 - 01/06/2024),  4N1234 (12/06/2024 - 12/06/2024),  4N34 (26/06/2024 - 26/06/2024), 7M123456  7T123  4N1234 (01/07/2024 - 13/07/2024)',)
Agrupamento!
Curso:  PEDAGOGIA
Disciplina 1: GLA240_1 | ('5M1234 (04/03/2024 - 04/05/2024)',)
Disciplina 2: GCH1119_1 | ('5M1234 (06/05/2024 - 13/07/2024)',)
Agrupamento!
Curso:  PEDAGOGIA
Disciplina 1: GEX776_1 | ('6M1234 (13/05/2024 - 13/07/2024)',)
Disciplina 2: GCH1118_1 | ('6M1234 (04/03/2024 - 11/05/2024)',)
Agrupamento!
Curso:  PEDAGOGIA
Disciplina 1: GCH1121_1 | ('7M2345 (09/03/2024 - 09/03/2024),  4N1234 (13/03/2024 - 13/03/2024), 7M2345 (16/03/2024 - 16/03/2024), 7M2345 (23/03/2024 - 23/03/2024),  4N1234 (10/04/2024 - 10/04/2024),  4N1234 (08/05/2024 - 08/05/2024),  4N1234 (22/05/2024 - 22/05/2024),  4N1234 (12/06/2024 - 12/06/2024),  4N1234 (26/06/2024 - 26/06/2024)',)
Disciplina 2: GEX777_1 | ('4N1234 (06/03/2024 - 06/03/2024),  4N1234 (18/03/2024 - 06/04/2024),  4N1234 (15/04/2024 - 27/04/2024), 7M2345  4N1234 (15/05/2024 - 18/05/2024), 7M2345  4N1234 (27/05/2024 - 08/06/2024), 7M2345  4N1234 (19/06/2024 - 22/06/2024), 7M2345  4N1234 (01/07/2024 - 13/07/2024)',)
Agrupamento!
Curso:  PEDAGOGIA
Disciplina 1: GCH1126_1 | ('2N1234 (25/03/2024 - 25/03/2024),  2N1234 (29/04/2024 - 29/04/2024),  2N1234 (27/05/2024 - 27/05/2024),  2N1234 (10/06/2024 - 10/06/2024),  2N12 (17/06/2024 - 17/06/2024)',)
Disciplina 2: GCH1122_1 | ('2N1234 (04/03/2024 - 23/03/2024),  2N1234 (01/04/2024 - 27/04/2024),  2N1234 (06/05/2024 - 06/05/2024),  2N1234 (13/05/2024 - 13/05/2024),  7T2345 (18/05/2024 - 18/05/2024),  2N1234 (20/05/2024 - 20/05/2024),  7T2345 (25/05/2024 - 25/05/2024),  7T2345 (01/06/2024 - 01/06/2024),  2N1234 (03/06/2024 - 03/06/2024),  7T2345 (08/06/2024 - 08/06/2024),  2N1234 (24/06/2024 - 13/07/2024)',)
Agrupamento!
Curso:  PEDAGOGIA
Disciplina 1: GCH1134_1 | ('3N1234 (26/03/2024 - 26/03/2024),  3N1234 (30/04/2024 - 30/04/2024),  3N1234 (21/05/2024 - 01/06/2024),  3N12 (04/06/2024 - 04/06/2024)',)
Disciplina 2: GCH1132_1 | ('3N1234 (04/03/2024 - 23/03/2024),  3N1234 (01/04/2024 - 27/04/2024),  3N1234 (06/05/2024 - 18/05/2024)',)
Agrupamentos:  27
Set parameter Username
Set parameter LicenseID to value 2851439
Academic license - for non-commercial use only - expires 2027-08-04
Set parameter TimeLimit to value 25200
Set parameter TimeLimit to value 14400
Set parameter MIPFocus to value 1
Set parameter NoRelHeurTime to value 300
Gurobi Optimizer version 10.0.2 build v10.0.2rc0 (mac64[arm])

CPU model: Apple M5
Thread count: 10 physical cores, 10 logical processors, using up to 10 threads

Optimize a model with 548706 rows, 284763 columns and 1341935 nonzeros
Model fingerprint: 0x554225e6
Variable types: 0 continuous, 284763 integer (264707 binary)
Coefficient statistics:
  Matrix range     [1e+00, 8e+01]
  Objective range  [5e-01, 2e+03]
  Bounds range     [1e+00, 1e+00]
  RHS range        [1e+00, 1e+02]
Found heuristic solution: objective 4130000.0000
Presolve removed 258478 rows and 68178 columns
Presolve time: 1.60s
Presolved: 290228 rows, 216585 columns, 898474 nonzeros
Variable types: 0 continuous, 216585 integer (216585 binary)
Found heuristic solution: objective 3264725.0000
Starting NoRel heuristic
Found heuristic solution: objective 3264325.0000
Found heuristic solution: objective 1205379.0000
Found heuristic solution: objective 1168629.0000
Found heuristic solution: objective 1167689.0000
Found heuristic solution: objective 1014507.5000
Found heuristic solution: objective 1001215.0000
Found heuristic solution: objective 980986.50000
Found heuristic solution: objective 961056.50000
Found heuristic solution: objective 958228.00000
Found heuristic solution: objective 916147.00000
Found heuristic solution: objective 878620.00000
Elapsed time for NoRel heuristic: 5s (best bound -3.1692e+06)
Found heuristic solution: objective 870740.00000
Found heuristic solution: objective 844845.00000
Found heuristic solution: objective 810575.50000
Found heuristic solution: objective 801066.00000
Found heuristic solution: objective 500264.00000
Found heuristic solution: objective 499864.00000
Found heuristic solution: objective 489746.00000
Found heuristic solution: objective 470090.50000
Found heuristic solution: objective 466390.50000
Found heuristic solution: objective 455585.50000
Found heuristic solution: objective 449164.50000
Found heuristic solution: objective 440196.00000
Found heuristic solution: objective 435634.50000
Found heuristic solution: objective 418926.00000
Found heuristic solution: objective 414821.00000
Found heuristic solution: objective 411606.00000
Found heuristic solution: objective 410262.50000
Found heuristic solution: objective 406462.50000
Found heuristic solution: objective 400876.00000
Found heuristic solution: objective 367801.50000
Elapsed time for NoRel heuristic: 11s (best bound -2.80555e+06)
Found heuristic solution: objective 366830.00000
Found heuristic solution: objective 363434.50000
Found heuristic solution: objective 361914.00000
Found heuristic solution: objective 361384.50000
Found heuristic solution: objective 361084.50000
Found heuristic solution: objective 356589.00000
Found heuristic solution: objective 350552.00000
Found heuristic solution: objective 324668.00000
Found heuristic solution: objective 292767.50000
Found heuristic solution: objective 290377.00000
Found heuristic solution: objective 289797.00000
Found heuristic solution: objective 288797.00000
Found heuristic solution: objective 287547.00000
Elapsed time for NoRel heuristic: 16s (best bound -2.73435e+06)
Found heuristic solution: objective 285877.00000
Found heuristic solution: objective 285492.00000
Found heuristic solution: objective 283407.50000
Found heuristic solution: objective 279425.00000
Found heuristic solution: objective 277334.50000
Found heuristic solution: objective 275884.50000
Found heuristic solution: objective 275584.50000
Found heuristic solution: objective 274804.50000
Found heuristic solution: objective 274304.50000
Found heuristic solution: objective 273764.50000
Found heuristic solution: objective 271257.50000
Found heuristic solution: objective 270139.00000
Elapsed time for NoRel heuristic: 22s (best bound -2.1826e+06)
Found heuristic solution: objective 269539.00000
Found heuristic solution: objective 255639.00000
Found heuristic solution: objective 254829.00000
Found heuristic solution: objective 251338.00000
Found heuristic solution: objective 250938.00000
Found heuristic solution: objective 249513.00000
Found heuristic solution: objective 248763.00000
Found heuristic solution: objective 247303.00000
Found heuristic solution: objective 246158.00000
Elapsed time for NoRel heuristic: 28s (best bound -2.0731e+06)
Found heuristic solution: objective 241998.50000
Found heuristic solution: objective 239900.50000
Found heuristic solution: objective 237641.00000
Found heuristic solution: objective 233357.00000
Found heuristic solution: objective 232451.50000
Found heuristic solution: objective 231921.50000
Found heuristic solution: objective 231421.50000
Found heuristic solution: objective 231296.50000
Found heuristic solution: objective 229526.50000
Found heuristic solution: objective 227472.50000
Elapsed time for NoRel heuristic: 35s (best bound -1.66275e+06)
Found heuristic solution: objective 221368.00000
Found heuristic solution: objective 218695.00000
Found heuristic solution: objective 218195.00000
Found heuristic solution: objective 218175.00000
Found heuristic solution: objective 217930.00000
Found heuristic solution: objective 217273.00000
Found heuristic solution: objective 216016.00000
Elapsed time for NoRel heuristic: 40s (best bound -1.34295e+06)
Found heuristic solution: objective 212777.50000
Found heuristic solution: objective 209085.50000
Found heuristic solution: objective 207924.00000
Found heuristic solution: objective 206557.50000
Elapsed time for NoRel heuristic: 45s (best bound -727700)
Found heuristic solution: objective 204211.00000
Found heuristic solution: objective 201797.50000
Found heuristic solution: objective 201772.50000
Found heuristic solution: objective 201486.50000
Found heuristic solution: objective 201417.00000
Found heuristic solution: objective 200153.50000
Found heuristic solution: objective 199528.00000
Found heuristic solution: objective 199493.00000
Elapsed time for NoRel heuristic: 51s (best bound -401250)
Found heuristic solution: objective 199052.00000
Found heuristic solution: objective 198921.00000
Found heuristic solution: objective 197249.50000
Found heuristic solution: objective 196489.00000
Found heuristic solution: objective 196219.00000
Found heuristic solution: objective 196199.00000
Found heuristic solution: objective 195437.00000
Elapsed time for NoRel heuristic: 56s (best bound -228350)
Found heuristic solution: objective 194981.50000
Found heuristic solution: objective 194941.50000
Found heuristic solution: objective 194682.00000
Found heuristic solution: objective 194302.00000
Found heuristic solution: objective 194287.00000
Found heuristic solution: objective 193982.00000
Elapsed time for NoRel heuristic: 61s (best bound -120700)
Found heuristic solution: objective 193873.00000
Found heuristic solution: objective 193778.00000
Found heuristic solution: objective 193673.00000
Found heuristic solution: objective 193623.00000
Found heuristic solution: objective 193338.00000
Found heuristic solution: objective 192857.50000
Found heuristic solution: objective 192847.50000
Elapsed time for NoRel heuristic: 68s (best bound -66073)
Found heuristic solution: objective 192665.00000
Found heuristic solution: objective 192469.00000
Found heuristic solution: objective 192309.00000
Found heuristic solution: objective 192274.00000
Found heuristic solution: objective 192158.00000
Found heuristic solution: objective 191498.50000
Elapsed time for NoRel heuristic: 73s (best bound 45150.8)
Found heuristic solution: objective 191313.50000
Found heuristic solution: objective 191233.50000
Found heuristic solution: objective 190440.50000
Elapsed time for NoRel heuristic: 80s (best bound 57397.7)
Found heuristic solution: objective 190317.50000
Found heuristic solution: objective 190302.50000
Found heuristic solution: objective 190212.50000
Found heuristic solution: objective 190117.50000
Found heuristic solution: objective 189962.00000
Found heuristic solution: objective 189754.50000
Elapsed time for NoRel heuristic: 88s (best bound 65280.5)
Found heuristic solution: objective 189739.50000
Found heuristic solution: objective 189729.50000
Found heuristic solution: objective 189517.50000
Elapsed time for NoRel heuristic: 95s (best bound 72037)
Found heuristic solution: objective 189292.50000
Elapsed time for NoRel heuristic: 100s (best bound 74682.5)
Found heuristic solution: objective 189232.00000
Found heuristic solution: objective 189227.00000
Found heuristic solution: objective 189218.50000
Found heuristic solution: objective 189012.00000
Found heuristic solution: objective 188954.50000
Found heuristic solution: objective 188706.50000
Found heuristic solution: objective 188661.50000
Elapsed time for NoRel heuristic: 109s (best bound 82085)
Found heuristic solution: objective 188576.50000
Found heuristic solution: objective 188423.50000
Elapsed time for NoRel heuristic: 116s (best bound 85715)
Found heuristic solution: objective 187842.50000
Elapsed time for NoRel heuristic: 121s (best bound 89597.5)
Found heuristic solution: objective 187460.00000
Elapsed time for NoRel heuristic: 128s (best bound 94363)
Found heuristic solution: objective 187205.00000
Elapsed time for NoRel heuristic: 135s (best bound 97632.5)
Found heuristic solution: objective 187190.00000
Found heuristic solution: objective 187178.50000
Elapsed time for NoRel heuristic: 143s (best bound 99456.2)
Found heuristic solution: objective 187147.50000
Found heuristic solution: objective 187132.50000
Elapsed time for NoRel heuristic: 152s (best bound 102589)
Found heuristic solution: objective 187097.50000
Found heuristic solution: objective 187082.50000
Elapsed time for NoRel heuristic: 161s (best bound 105074)
Found heuristic solution: objective 187047.50000
Found heuristic solution: objective 186761.50000
Elapsed time for NoRel heuristic: 168s (best bound 108546)
Found heuristic solution: objective 186694.50000
Elapsed time for NoRel heuristic: 177s (best bound 111048)
Found heuristic solution: objective 186684.50000
Found heuristic solution: objective 186551.50000
Elapsed time for NoRel heuristic: 185s (best bound 113544)
Found heuristic solution: objective 186501.00000
Elapsed time for NoRel heuristic: 195s (best bound 115381)
Found heuristic solution: objective 186471.00000
Elapsed time for NoRel heuristic: 204s (best bound 117247)
Elapsed time for NoRel heuristic: 214s (best bound 118784)
Elapsed time for NoRel heuristic: 227s (best bound 119524)
Found heuristic solution: objective 186441.50000
Found heuristic solution: objective 186385.50000
Elapsed time for NoRel heuristic: 237s (best bound 120240)
Found heuristic solution: objective 186341.00000
Elapsed time for NoRel heuristic: 250s (best bound 120974)
Found heuristic solution: objective 186311.00000
Found heuristic solution: objective 186294.00000
Elapsed time for NoRel heuristic: 261s (best bound 121709)
Elapsed time for NoRel heuristic: 277s (best bound 122512)
Found heuristic solution: objective 186284.00000
Elapsed time for NoRel heuristic: 292s (best bound 123034)
Found heuristic solution: objective 186279.00000
Elapsed time for NoRel heuristic: 311s (best bound 123801)
Deterministic concurrent LP optimizer: primal simplex, dual simplex, and barrier
Showing barrier log only...

Root barrier log...

Elapsed ordering time = 5s
Ordering time: 9.52s

Barrier statistics:
 AA' NZ     : 1.136e+07
 Factor NZ  : 2.437e+08 (roughly 2.0 GB of memory)
 Factor Ops : 5.343e+11 (roughly 1 second per iteration)
 Threads    : 8

                  Objective                Residual
Iter       Primal          Dual         Primal    Dual     Compl     Time
   0  -6.39698060e+08 -3.51778543e+08  2.15e+02 4.92e+02  1.10e+04   324s
   1  -2.00499109e+08 -4.34305180e+08  7.69e+01 9.64e+02  4.15e+03   325s
   2  -3.11756090e+07 -3.94800340e+08  1.97e+01 3.75e+00  1.22e+03   326s
   3  -7.79836595e+06 -1.57510536e+08  1.00e+01 4.54e-11  4.04e+02   327s
   4  -5.24717467e+05 -5.27375723e+07  6.38e+00 2.27e-11  1.53e+02   328s
   5   2.69488744e+06 -2.07628088e+07  2.80e+00 9.29e-12  6.06e+01   329s
   6   1.67989106e+06 -4.60762362e+06  7.82e-01 1.46e-11  1.51e+01   330s
   7   7.22567801e+05 -1.30942345e+06  2.20e-01 5.46e-12  4.22e+00   332s
   8   3.94698933e+05 -1.65254644e+04  3.08e-02 3.64e-12  7.42e-01   333s
   9   3.33284379e+05  5.00084744e+04  2.25e-02 2.73e-12  5.17e-01   334s
  10   2.92414114e+05  8.59136276e+04  1.69e-02 1.82e-12  3.80e-01   335s
  11   2.60983231e+05  1.32442282e+05  1.23e-02 1.82e-12  2.46e-01   337s
  12   2.36534426e+05  1.44206413e+05  8.85e-03 2.73e-12  1.77e-01   339s
  13   2.05076014e+05  1.62484231e+05  3.32e-03 1.82e-12  7.72e-02   342s
  14   1.92426625e+05  1.74106596e+05  1.52e-03 1.82e-12  3.37e-02   345s
  15   1.88200104e+05  1.77328125e+05  1.00e-03 2.73e-12  2.05e-02   348s
  16   1.86441606e+05  1.78656253e+05  7.63e-04 1.82e-12  1.49e-02   351s
  17   1.85354243e+05  1.79403213e+05  6.31e-04 1.82e-12  1.17e-02   353s
  18   1.82717834e+05  1.80234572e+05  2.63e-04 1.82e-12  4.87e-03   357s
  19   1.81908452e+05  1.80376711e+05  1.59e-04 1.82e-12  2.99e-03   359s
  20   1.81315388e+05  1.80449408e+05  9.02e-05 1.82e-12  1.69e-03   362s
  21   1.81179265e+05  1.80526774e+05  7.28e-05 1.82e-12  1.30e-03   364s
  22   1.80913537e+05  1.80582652e+05  3.79e-05 1.82e-12  6.65e-04   367s
  23   1.80820065e+05  1.80607094e+05  2.67e-05 2.73e-12  4.41e-04   370s
  24   1.80745452e+05  1.80611231e+05  1.66e-05 1.82e-12  2.76e-04   373s
  25   1.80694282e+05  1.80616032e+05  9.90e-06 1.82e-12  1.62e-04   375s
  26   1.80621882e+05  1.80618086e+05  1.33e-07 2.73e-12  5.98e-06   378s
  27   1.80618464e+05  1.80618426e+05  6.32e-10 2.73e-12  5.52e-08   380s
  28   1.80618438e+05  1.80618437e+05  9.32e-12 2.73e-12  2.47e-11   383s

Barrier solved model in 28 iterations and 382.86 seconds (581.47 work units)
Optimal objective 1.80618438e+05


Root crossover log...

  139792 DPushes remaining with DInf 0.0000000e+00               383s
       0 DPushes remaining with DInf 0.0000000e+00               383s

    2223 PPushes remaining with PInf 0.0000000e+00               383s
       0 PPushes remaining with PInf 0.0000000e+00               383s

  Push phase complete: Pinf 0.0000000e+00, Dinf 5.5405280e-10    383s


Root simplex log...

Iteration    Objective       Primal Inf.    Dual Inf.      Time
   42139    1.8061844e+05   0.000000e+00   0.000000e+00    383s
Concurrent spin time: 40.94s (can be avoided by choosing Method=3)

Solved with barrier

Root relaxation: objective 1.806184e+05, 42139 iterations, 112.05 seconds (267.63 work units)
Total elapsed time = 427.49s
Total elapsed time = 430.63s

    Nodes    |    Current Node    |     Objective Bounds      |     Work
 Expl Unexpl |  Obj  Depth IntInf | Incumbent    BestBd   Gap | It/Node Time

     0     0 180618.438    0 6031 186279.000 180618.438  3.04%     -  433s
     0     0 180742.839    0 8623 186279.000 180742.839  2.97%     -  441s
     0     0 180752.796    0 8496 186279.000 180752.796  2.97%     -  445s
     0     0 180752.954    0 8495 186279.000 180752.954  2.97%     -  445s
     0     0 180753.039    0 8505 186279.000 180753.039  2.97%     -  446s
     0     0 180753.114    0 8498 186279.000 180753.114  2.97%     -  446s
     0     0 180753.190    0 8494 186279.000 180753.190  2.97%     -  446s
     0     0 180753.190    0 8511 186279.000 180753.190  2.97%     -  447s
     0     0 180870.850    0 8309 186279.000 180870.850  2.90%     -  455s
     0     0 180886.581    0 8705 186279.000 180886.581  2.89%     -  458s
     0     0 180893.254    0 8875 186279.000 180893.254  2.89%     -  460s
     0     0 180893.458    0 8795 186279.000 180893.458  2.89%     -  461s
     0     0 180898.077    0 9015 186279.000 180898.077  2.89%     -  463s
     0     0 180898.080    0 8952 186279.000 180898.080  2.89%     -  463s
     0     0 181185.971    0 9361 186279.000 181185.971  2.73%     -  474s
     0     0 181226.904    0 9278 186279.000 181226.904  2.71%     -  484s
     0     0 181228.761    0 9314 186279.000 181228.761  2.71%     -  486s
     0     0 181228.991    0 9194 186279.000 181228.991  2.71%     -  486s
     0     0 181229.156    0 9153 186279.000 181229.156  2.71%     -  487s
     0     0 181229.250    0 9186 186279.000 181229.250  2.71%     -  488s
     0     0 181229.254    0 9150 186279.000 181229.254  2.71%     -  488s
     0     0 181274.186    0 9556 186279.000 181274.186  2.69%     -  502s
     0     0 181283.019    0 9406 186279.000 181283.019  2.68%     -  506s
     0     0 181285.294    0 9221 186279.000 181285.294  2.68%     -  509s
     0     0 181285.833    0 9297 186279.000 181285.833  2.68%     -  510s
     0     0 181285.843    0 9232 186279.000 181285.843  2.68%     -  511s
     0     0 181309.950    0 8222 186279.000 181309.950  2.67%     -  539s
     0     2 181309.953    0 7775 186279.000 181309.953  2.67%     -  558s
     1     4 181309.953    1 7810 186279.000 181309.953  2.67% 17821  565s
     3     8 181316.645    2 8744 186279.000 181309.953  2.67% 11895  578s
     7    16 181321.910    3 8696 186279.000 181316.645  2.66% 11129  597s
    15    26 181323.491    4 8624 186279.000 181321.910  2.66% 11569  617s
    25    36 181323.502    5 9179 186279.000 181322.922  2.66% 20199  987s
H   35    46                    186273.99975 181323.491  2.66% 44091 1055s
H   36    46                    186270.00000 181323.502  2.66% 42918 1055s
H   45    56                    186140.00000 181323.502  2.59% 35385 1243s
    55    74 181326.134    6 8514 186140.000 181323.502  2.59% 29240 1269s
    73    84 181326.134    7 8489 186140.000 181323.502  2.59% 22978 2436s
    83   149 181333.700    8 8480 186140.000 181323.502  2.59% 20502 2564s
   148   312 181337.828   12 8307 186140.000 181323.502  2.59% 13059 2683s
   311   424 181421.621   24 8095 186140.000 181323.502  2.59%  7803 2783s
   423   486 181947.687   30 8097 186140.000 181323.502  2.59%  6685 2875s
H  485   496                    186125.00000 181323.502  2.58%  6523 5788s
H  488   496                    186092.50000 181323.502  2.56%  6521 5788s
   495   579 181961.547   33 7445 186092.500 181323.502  2.56%  6539 5916s
H  500   579                    186087.50000 181323.502  2.56%  6492 5916s
   578   654 182138.110   40 6997 186087.500 181323.502  2.56%  6330 6052s
   653   733 182392.353   47 7046 186087.500 181323.502  2.56%  6371 6191s
   732   800 183147.652   59 6368 186087.500 181323.502  2.56%  6252 6342s
H  767   800                    186077.50000 181323.502  2.55%  6278 6342s
   801   868 183183.271   63 6047 186077.500 181323.502  2.55%  6287 6478s
   869   879 183816.748   68 5430 186077.500 181323.502  2.55%  6269 6880s
H  873   879                    186037.00000 181323.502  2.53%  6282 6880s
H  877   879                    186034.00000 181323.502  2.53%  6263 6880s
   880   922 183857.906   69 5136 186034.000 181323.502  2.53%  6261 7069s
H  882   913                    185398.50000 181323.502  2.20%  6248 7069s
H  923   917                    185342.50000 181323.502  2.17%  6214 7462s
H  929   917                    185303.50000 181323.502  2.15%  6181 7462s
   936  1005 183937.702   79 4715 185303.500 181323.502  2.15%  6170 7620s
H 1025  1015                    185302.50000 181323.502  2.15%  6076 8996s
H 1028  1015                    185295.50000 181323.502  2.14%  6064 8996s
H 1035  1025                    185294.50000 181323.502  2.14%  6045 10344s
H 1041  1025                    185290.50000 181323.502  2.14%  6037 10344s
  1045  1041 184448.451   85 4402 185290.500 181323.502  2.14%  6050 10959s
H 1050  1041                    185289.49632 181323.502  2.14%  6104 10959s
H 1056  1041                    185275.49995 181323.502  2.13%  6078 10959s
  1061  1064 184553.071   87 4200 185275.500 181323.502  2.13%  6066 11249s
H 1079  1064                    185270.50000 181323.502  2.13%  6072 11249s
  1091  1196 184629.150   90 3908 185270.500 181323.502  2.13%  6056 11465s
  1223  1206 184875.898   93 4116 185270.500 181323.502  2.13%  5979 13010s
H 1230  1206                    185263.50000 181323.502  2.13%  5971 13010s
  1233  1293 184876.233   94 4044 185263.500 181323.502  2.13%  6001 13247s
  1320  1387 185051.815  101 3331 185263.500 181323.502  2.13%  6281 13465s
  1418  1510 185202.296  114 3357 185263.500 181323.502  2.13%  6158 13911s
  1552  1520 181331.322   13 8661 185263.500 181323.502  2.13%  6257 14400s

Cutting planes:
  Gomory: 5
  Lift-and-project: 9
  Cover: 1
  MIR: 22
  Zero half: 200
  RLT: 286
  BQP: 417

Explored 1562 nodes (10054904 simplex iterations) in 14400.20 seconds (31271.98 work units)
Thread count was 10 (of 10 available processors)

Solution count 10: 185264 185270 185275 ... 185342

Time limit reached
Best objective 1.852635000000e+05, best bound 1.813235019386e+05, gap 2.1267%
Solução -> não <- ótima.
RESULTADO_JSON={"bound": 181323.50193858845, "cenario": "viabilidade_mipfocus_norel", "gap": 0.02126699571913274, "objetivo": 185263.5, "parametros_gurobi": {"MIPFocus": 1, "NoRelHeurTime": 300.0, "TimeLimit": 14400.0}, "restricoes_removidas": [], "solucoes": 10, "status_nome": "TIME_LIMIT", "tempo": 14400.211163043976}

Resultados salvos em resultados/experimentos/2024_1/pli_mipfocus_norel_4h.csv
