Agrupamento!
Curso:  ADMINISTRAÇÃO
Disciplina 1: GCS528_1 | ('2M2345 (04/03/2024 - 29/04/2024)',)
Disciplina 2: GCH087_1 | ('2M2345 (06/05/2024 - 01/07/2024)',)
Agrupamento!
Curso:  ENFERMAGEM
Disciplina 1: GCH090_1 | ('3T1234 (06/05/2024 - 06/07/2024)',)
Disciplina 2: GSA020_1 | ('3T1234 (04/03/2024 - 04/05/2024)',)
Agrupamento!
Curso:  ENGENHARIA AMBIENTAL E SANITÁRIA
Disciplina 1: GEN108_1 | ('2T345 (04/03/2024 - 11/05/2024),  2T345 6T45 (13/05/2024 - 06/07/2024),  2T34 (08/07/2024 - 13/07/2024)',)
Disciplina 2: GEN107_1 | ('5T123 6T45 (04/03/2024 - 11/05/2024),  5T123 (13/05/2024 - 13/07/2024)',)
Agrupamento!
Curso:  LETRAS - PORTUGUÊS E ESPANHOL
Disciplina 1: GLA369_1 | ('2N1234 (15/04/2024 - 15/06/2024),  2T12  2N1234 (17/06/2024 - 22/06/2024)',)
Disciplina 2: GCH837_2 | ('2T12345  2N1234 (04/03/2024 - 13/04/2024),  2T12345 (15/04/2024 - 04/05/2024),  2T12345 (27/05/2024 - 08/06/2024),  2T12345 (10/06/2024 - 15/06/2024),  2N1234 (24/06/2024 - 13/07/2024)',)
Agrupamento!
Curso:  LETRAS - PORTUGUÊS E ESPANHOL
Disciplina 1: GLA381_1 | ('4N1234 (08/04/2024 - 11/05/2024),  4T1234  4N1234 (13/05/2024 - 25/05/2024),  4N1234 (27/05/2024 - 13/07/2024)',)
Disciplina 2: GLA379_1 | ('4N1234 (04/03/2024 - 06/04/2024),   2N1234 (08/04/2024 - 13/04/2024),  2N1234 (29/04/2024 - 11/05/2024), 2N1234 (24/06/2024 - 24/06/2024)',)
Agrupamento!
Curso:  LETRAS - PORTUGUÊS E ESPANHOL
Disciplina 1: GLA380_1 | ('6N1234 (20/05/2024 - 01/06/2024),  6T1234  6N1234 (03/06/2024 - 08/06/2024),  6N1234 (10/06/2024 - 13/07/2024)',)
Disciplina 2: GLA384_1 | ('6T12  6N1234 (04/03/2024 - 09/03/2024),  6N1234 (11/03/2024 - 18/05/2024)',)
Agrupamento!
Curso:  LETRAS - PORTUGUÊS E ESPANHOL
Disciplina 1: GLA383_1 | ('2N1234 (04/03/2024 - 06/04/2024),  2N1234 (15/04/2024 - 27/04/2024),  2N1234 (13/05/2024 - 22/06/2024),  2N1234 (01/07/2024 - 13/07/2024)',)
Disciplina 2: GLA379_1 | ('4N1234 (04/03/2024 - 06/04/2024),   2N1234 (08/04/2024 - 13/04/2024),  2N1234 (29/04/2024 - 11/05/2024), 2N1234 (24/06/2024 - 24/06/2024)',)
Agrupamento!
Curso:  LETRAS - PORTUGUÊS E ESPANHOL
Disciplina 1: GLA386_1 | ('3N1234 (29/04/2024 - 06/07/2024),  3N12 (08/07/2024 - 13/07/2024)',)
Disciplina 2: GLA385_1 | ('3T12345  3N1234 (04/03/2024 - 16/03/2024),  3N1234 (18/03/2024 - 27/04/2024)',)
Agrupamento!
Curso:  LETRAS - PORTUGUÊS E ESPANHOL
Disciplina 1: GLA395_1 | ('2T1234  2N1234 (04/03/2024 - 23/03/2024),  2T1234 (25/03/2024 - 30/03/2024),  2N1234 (01/07/2024 - 13/07/2024)',)
Disciplina 2: GLA397_1 | ('2N1234 (25/03/2024 - 01/06/2024),  2N12 (03/06/2024 - 08/06/2024)',)
Agrupamento!
Curso:  MATEMÁTICA
Disciplina 1: GEX983_1 | ('6N1234 (04/03/2024 - 26/04/2024),  6N12 (03/05/2024 - 03/05/2024)',)
Disciplina 2: GEX980_1 | ('6N1234 (17/05/2024 - 24/05/2024),  6N1234 (07/06/2024 - 05/07/2024),  6N12 (12/07/2024 - 12/07/2024)',)
Agrupamento!
Curso:  MATEMÁTICA
Disciplina 1: GEX989_1 | ('4N1234 (13/03/2024 - 13/03/2024),  4N1234 (10/04/2024 - 10/04/2024),  4N1234 (08/05/2024 - 08/05/2024),  4N1234 (22/05/2024 - 22/05/2024),  4N1234 (12/06/2024 - 12/06/2024),  2N1234 (17/06/2024 - 17/06/2024),  24N1234 (24/06/2024 - 26/06/2024),  2N1234 (01/07/2024 - 01/07/2024)',)
Disciplina 2: GEX988_1 | ('2N1234 (04/03/2024 - 10/06/2024)',)
Agrupamento!
Curso:  MATEMÁTICA
Disciplina 1: GEX996_1 | ('2N1234 (04/03/2024 - 04/03/2024),  2N1234 (18/03/2024 - 18/03/2024),  2N1234 (01/04/2024 - 01/04/2024),  2N1234 (15/04/2024 - 15/04/2024),  2N1234 (29/04/2024 - 29/04/2024),  2N1234 (13/05/2024 - 13/05/2024),  2N1234 (27/05/2024 - 27/05/2024),  2N1234 (10/06/2024 - 10/06/2024),  2N1234 (24/06/2024 - 24/06/2024)',)
Disciplina 2: GEX995_1 | ('2N1234 (11/03/2024 - 11/03/2024),  2T2345  2N1234 (25/03/2024 - 25/03/2024),  2T2345 (01/04/2024 - 01/04/2024),  2T2345  2N1234 (08/04/2024 - 08/04/2024),  2T2345 (15/04/2024 - 15/04/2024),  2T2345  2N1234 (22/04/2024 - 22/04/2024),  2T2345 (29/04/2024 - 29/04/2024),  2T2345  2N1234 (06/05/2024 - 06/05/2024),  2T2345 (13/05/2024 - 13/05/2024),  2T2345  2N1234 (20/05/2024 - 20/05/2024),  2T2345 (27/05/2024 - 27/05/2024),  2T2345  2N1234 (03/06/2024 - 03/06/2024),  2T2345 (10/06/2024 - 10/06/2024),  2T2345  2N1234 (17/06/2024 - 17/06/2024),  2T2345 (24/06/2024 - 24/06/2024),  2N12 (01/07/2024 - 01/07/2024)',)
Agrupamento!
Curso:  MEDICINA
Disciplina 1: GSA286_1 | ('4T1234 (06/03/2024 - 06/03/2024),  4T1234 (20/03/2024 - 20/03/2024),  4T1234 (03/04/2024 - 03/04/2024),  4T1234 (17/04/2024 - 17/04/2024),  4T1234 (08/05/2024 - 08/05/2024),  4T1234 (22/05/2024 - 22/05/2024),  4T1234 (29/05/2024 - 29/05/2024),  4T1234 (12/06/2024 - 12/06/2024),  4T1234 (26/06/2024 - 26/06/2024)',)
Disciplina 2: GSA285_1 | ('4T12345 (05/06/2024 - 05/06/2024),  4T12345 (19/06/2024 - 19/06/2024),  4T12345 (03/07/2024 - 03/07/2024),  4T123 (10/07/2024 - 10/07/2024)',)
Agrupamento!
Curso:  PEDAGOGIA
Disciplina 1: GCH1036_1 | ('5M1234 (28/03/2024 - 28/03/2024), 5M1234 (02/05/2024 - 02/05/2024), 5M1234 (06/06/2024 - 06/06/2024), 5M1234 (20/06/2024 - 20/06/2024), 5M12 (27/06/2024 - 27/06/2024)',)
Disciplina 2: GCH1100_1 | ('5M1234 (04/03/2024 - 21/03/2024), 5M1234 (04/04/2024 - 25/04/2024), 5M1234 (09/05/2024 - 09/05/2024), 5M1234 (16/05/2024 - 16/05/2024)',)
Agrupamento!
Curso:  PEDAGOGIA
Disciplina 1: GCH1039_1 | ('4N1234 (27/03/2024 - 27/03/2024),  4N1234 (08/05/2024 - 08/05/2024),  4N1234 (27/05/2024 - 08/06/2024),  4N12 (12/06/2024 - 12/06/2024)',)
Disciplina 2: GCH1038_1 | ('4N1234 (04/03/2024 - 23/03/2024),  4N1234 (01/04/2024 - 27/04/2024),  4N1234 (13/05/2024 - 25/05/2024)',)
Agrupamento!
Curso:  PEDAGOGIA
Disciplina 1: GCH1099_1 | ('6M1234 (04/03/2024 - 23/03/2024), 6M1234 (08/04/2024 - 04/05/2024), 6M1234 (13/05/2024 - 01/06/2024), 6M1234 (14/06/2024 - 14/06/2024), 6M34 (28/06/2024 - 28/06/2024), 6M1234 (01/07/2024 - 13/07/2024)',)
Disciplina 2: GCH1088_1 | ('6M1234 (01/04/2024 - 06/04/2024), 6M1234 (06/05/2024 - 11/05/2024), 6M1234 (03/06/2024 - 08/06/2024), 6M1234 (17/06/2024 - 22/06/2024), 6M12 (24/06/2024 - 29/06/2024)',)
Agrupamento!
Curso:  PEDAGOGIA
Disciplina 1: GCH1105_1 | ('3N1234 (04/03/2024 - 30/03/2024), 7M123456  3N1234 (01/07/2024 - 13/07/2024)',)
Disciplina 2: GCH1104_1 | ('3N1234 (01/04/2024 - 27/04/2024),  3N1234 (06/05/2024 - 18/05/2024)',)
Agrupamento!
Curso:  PEDAGOGIA
Disciplina 1: GCH1106_1 | ('2N1234 (25/03/2024 - 25/03/2024),  2N1234 (29/04/2024 - 29/04/2024),  2N1234 (27/05/2024 - 27/05/2024),  2N1234 (10/06/2024 - 10/06/2024),  2N12 (17/06/2024 - 17/06/2024)',)
Disciplina 2: GCH1102_1 | ('2N1234 (04/03/2024 - 23/03/2024),  2N1234 (01/04/2024 - 27/04/2024),  2N1234 (06/05/2024 - 25/05/2024),  2N1234 (03/06/2024 - 03/06/2024),  2N34 (17/06/2024 - 17/06/2024),  2N1234 (24/06/2024 - 06/07/2024)',)
Agrupamento!
Curso:  PEDAGOGIA
Disciplina 1: GCH1109_1 | ('3M1234 (06/05/2024 - 06/07/2024)',)
Disciplina 2: GCH1108_1 | ('3M1234 (04/03/2024 - 04/05/2024)',)
Agrupamento!
Curso:  PEDAGOGIA
Disciplina 1: GCH1111_1 | ('5M1234 (28/03/2024 - 28/03/2024), 5M1234 (02/05/2024 - 02/05/2024), 5M1234 (06/06/2024 - 06/06/2024), 5M1234 (20/06/2024 - 20/06/2024), 5M12 (27/06/2024 - 27/06/2024)',)
Disciplina 2: GCH837_3 | ('57M12345 (04/03/2024 - 23/03/2024), 57M12345 (01/04/2024 - 27/04/2024), 5M12345 (06/05/2024 - 25/05/2024), 57M12345 (13/06/2024 - 15/06/2024), 5M345 (27/06/2024 - 27/06/2024), 5M12345 (01/07/2024 - 13/07/2024)',)
Agrupamento!
Curso:  PEDAGOGIA
Disciplina 1: GCH1114_1 | ('7M2345  5N1234 (06/05/2024 - 25/05/2024), 7M2345  5N1234 (27/05/2024 - 08/06/2024),  5N1234 (10/06/2024 - 13/07/2024)',)
Disciplina 2: GCH1115_1 | ('7M2345  5N1234 (04/03/2024 - 23/03/2024),  5N1234 (25/03/2024 - 20/04/2024), 7M2345  5N1234 (22/04/2024 - 04/05/2024)',)
Agrupamento!
Curso:  PEDAGOGIA
Disciplina 1: GCH1116_1 | ('4N1234 (27/03/2024 - 27/03/2024),  4N1234 (08/05/2024 - 08/05/2024),  4N1234 (05/06/2024 - 05/06/2024),  4N1234 (19/06/2024 - 19/06/2024),  4N12 (26/06/2024 - 26/06/2024)',)
Disciplina 2: GCH1113_1 | ('4N1234 (04/03/2024 - 23/03/2024),  4N1234 (01/04/2024 - 27/04/2024),  4N1234 (13/05/2024 - 01/06/2024),  4N1234 (12/06/2024 - 12/06/2024),  4N34 (26/06/2024 - 26/06/2024), 7M123456  7T123  4N1234 (01/07/2024 - 13/07/2024)',)
Agrupamento!
Curso:  PEDAGOGIA
Disciplina 1: GLA240_1 | ('5M1234 (04/03/2024 - 04/05/2024)',)
Disciplina 2: GCH1119_1 | ('5M1234 (06/05/2024 - 13/07/2024)',)
Agrupamento!
Curso:  PEDAGOGIA
Disciplina 1: GEX776_1 | ('6M1234 (13/05/2024 - 13/07/2024)',)
Disciplina 2: GCH1118_1 | ('6M1234 (04/03/2024 - 11/05/2024)',)
Agrupamento!
Curso:  PEDAGOGIA
Disciplina 1: GCH1121_1 | ('7M2345 (09/03/2024 - 09/03/2024),  4N1234 (13/03/2024 - 13/03/2024), 7M2345 (16/03/2024 - 16/03/2024), 7M2345 (23/03/2024 - 23/03/2024),  4N1234 (10/04/2024 - 10/04/2024),  4N1234 (08/05/2024 - 08/05/2024),  4N1234 (22/05/2024 - 22/05/2024),  4N1234 (12/06/2024 - 12/06/2024),  4N1234 (26/06/2024 - 26/06/2024)',)
Disciplina 2: GEX777_1 | ('4N1234 (06/03/2024 - 06/03/2024),  4N1234 (18/03/2024 - 06/04/2024),  4N1234 (15/04/2024 - 27/04/2024), 7M2345  4N1234 (15/05/2024 - 18/05/2024), 7M2345  4N1234 (27/05/2024 - 08/06/2024), 7M2345  4N1234 (19/06/2024 - 22/06/2024), 7M2345  4N1234 (01/07/2024 - 13/07/2024)',)
Agrupamento!
Curso:  PEDAGOGIA
Disciplina 1: GCH1126_1 | ('2N1234 (25/03/2024 - 25/03/2024),  2N1234 (29/04/2024 - 29/04/2024),  2N1234 (27/05/2024 - 27/05/2024),  2N1234 (10/06/2024 - 10/06/2024),  2N12 (17/06/2024 - 17/06/2024)',)
Disciplina 2: GCH1122_1 | ('2N1234 (04/03/2024 - 23/03/2024),  2N1234 (01/04/2024 - 27/04/2024),  2N1234 (06/05/2024 - 06/05/2024),  2N1234 (13/05/2024 - 13/05/2024),  7T2345 (18/05/2024 - 18/05/2024),  2N1234 (20/05/2024 - 20/05/2024),  7T2345 (25/05/2024 - 25/05/2024),  7T2345 (01/06/2024 - 01/06/2024),  2N1234 (03/06/2024 - 03/06/2024),  7T2345 (08/06/2024 - 08/06/2024),  2N1234 (24/06/2024 - 13/07/2024)',)
Agrupamento!
Curso:  PEDAGOGIA
Disciplina 1: GCH1134_1 | ('3N1234 (26/03/2024 - 26/03/2024),  3N1234 (30/04/2024 - 30/04/2024),  3N1234 (21/05/2024 - 01/06/2024),  3N12 (04/06/2024 - 04/06/2024)',)
Disciplina 2: GCH1132_1 | ('3N1234 (04/03/2024 - 23/03/2024),  3N1234 (01/04/2024 - 27/04/2024),  3N1234 (06/05/2024 - 18/05/2024)',)
Agrupamentos:  27
Set parameter Username
Set parameter LicenseID to value 2851439
Academic license - for non-commercial use only - expires 2027-08-04
No parameters matching 'VarsName' found
Set parameter TimeLimit to value 25200
Set parameter TimeLimit to value 60
Set parameter MIPFocus to value 1
Set parameter NoRelHeurTime to value 60
Gurobi Optimizer version 10.0.2 build v10.0.2rc0 (mac64[arm])

CPU model: Apple M5
Thread count: 10 physical cores, 10 logical processors, using up to 10 threads

Optimize a model with 548706 rows, 284763 columns and 1341935 nonzeros
Model fingerprint: 0x554225e6
Variable types: 0 continuous, 284763 integer (264707 binary)
Coefficient statistics:
  Matrix range     [1e+00, 8e+01]
  Objective range  [5e-01, 2e+03]
  Bounds range     [1e+00, 1e+00]
  RHS range        [1e+00, 1e+02]
Found heuristic solution: objective 4130000.0000
Presolve removed 258478 rows and 68178 columns
Presolve time: 1.70s
Presolved: 290228 rows, 216585 columns, 898474 nonzeros
Variable types: 0 continuous, 216585 integer (216585 binary)
Found heuristic solution: objective 3264725.0000
Starting NoRel heuristic
Found heuristic solution: objective 3264325.0000
Found heuristic solution: objective 1205379.0000
Found heuristic solution: objective 1168629.0000
Found heuristic solution: objective 1167689.0000
Found heuristic solution: objective 1014507.5000
Found heuristic solution: objective 1001215.0000
Found heuristic solution: objective 980986.50000
Found heuristic solution: objective 961056.50000
Elapsed time for NoRel heuristic: 5s (best bound -3.3221e+06)
Found heuristic solution: objective 958228.00000
Found heuristic solution: objective 916147.00000
Found heuristic solution: objective 878620.00000
Found heuristic solution: objective 870740.00000
Found heuristic solution: objective 844845.00000
Found heuristic solution: objective 810575.50000
Found heuristic solution: objective 801066.00000
Found heuristic solution: objective 500264.00000
Found heuristic solution: objective 499864.00000
Found heuristic solution: objective 489746.00000
Found heuristic solution: objective 470090.50000
Found heuristic solution: objective 466390.50000
Found heuristic solution: objective 455585.50000
Found heuristic solution: objective 449164.50000
Found heuristic solution: objective 440196.00000
Found heuristic solution: objective 435634.50000
Elapsed time for NoRel heuristic: 10s (best bound -2.80555e+06)
Found heuristic solution: objective 418926.00000
Found heuristic solution: objective 414821.00000
Found heuristic solution: objective 411606.00000
Found heuristic solution: objective 410262.50000
Found heuristic solution: objective 406462.50000
Found heuristic solution: objective 400876.00000
Found heuristic solution: objective 367801.50000
Found heuristic solution: objective 366830.00000
Found heuristic solution: objective 363434.50000
Found heuristic solution: objective 361914.00000
Found heuristic solution: objective 361384.50000
Found heuristic solution: objective 361084.50000
Found heuristic solution: objective 356589.00000
Found heuristic solution: objective 350552.00000
Found heuristic solution: objective 324668.00000
Elapsed time for NoRel heuristic: 15s (best bound -2.73885e+06)
Found heuristic solution: objective 292767.50000
Found heuristic solution: objective 290377.00000
Found heuristic solution: objective 289797.00000
Found heuristic solution: objective 288797.00000
Found heuristic solution: objective 287547.00000
Found heuristic solution: objective 285877.00000
Found heuristic solution: objective 285492.00000
Found heuristic solution: objective 283407.50000
Found heuristic solution: objective 279425.00000
Elapsed time for NoRel heuristic: 21s (best bound -2.54455e+06)
Found heuristic solution: objective 277334.50000
Found heuristic solution: objective 275884.50000
Found heuristic solution: objective 275584.50000
Found heuristic solution: objective 274804.50000
Found heuristic solution: objective 274304.50000
Found heuristic solution: objective 273764.50000
Found heuristic solution: objective 271257.50000
Found heuristic solution: objective 270139.00000
Found heuristic solution: objective 269539.00000
Found heuristic solution: objective 255639.00000
Elapsed time for NoRel heuristic: 27s (best bound -2.18035e+06)
Found heuristic solution: objective 254829.00000
Found heuristic solution: objective 251338.00000
Found heuristic solution: objective 250938.00000
Found heuristic solution: objective 249513.00000
Found heuristic solution: objective 248763.00000
Found heuristic solution: objective 247303.00000
Found heuristic solution: objective 246158.00000
Elapsed time for NoRel heuristic: 33s (best bound -2.0731e+06)
Found heuristic solution: objective 241998.50000
Found heuristic solution: objective 239900.50000
Found heuristic solution: objective 237641.00000
Found heuristic solution: objective 233357.00000
Found heuristic solution: objective 232451.50000
Found heuristic solution: objective 231921.50000
Found heuristic solution: objective 231421.50000
Found heuristic solution: objective 231296.50000
Found heuristic solution: objective 229526.50000
Found heuristic solution: objective 227472.50000
Elapsed time for NoRel heuristic: 41s (best bound -1.66275e+06)
Found heuristic solution: objective 221368.00000
Found heuristic solution: objective 218695.00000
Found heuristic solution: objective 218195.00000
Found heuristic solution: objective 218175.00000
Found heuristic solution: objective 217930.00000
Found heuristic solution: objective 217273.00000
Found heuristic solution: objective 216016.00000
Elapsed time for NoRel heuristic: 47s (best bound -1.34295e+06)
Found heuristic solution: objective 212777.50000
Found heuristic solution: objective 209085.50000
Found heuristic solution: objective 207924.00000
Found heuristic solution: objective 206557.50000
Elapsed time for NoRel heuristic: 53s (best bound -727700)
Found heuristic solution: objective 204211.00000
Found heuristic solution: objective 201797.50000
Found heuristic solution: objective 201772.50000
Found heuristic solution: objective 201486.50000
Found heuristic solution: objective 201417.00000
NoRel heuristic complete

Explored 0 nodes (0 simplex iterations) in 60.07 seconds (39.28 work units)
Thread count was 10 (of 10 available processors)

Solution count 10: 201417 201486 201772 ... 216016

Time limit reached
Best objective 2.014170000000e+05, best bound -5.060500000000e+05, gap 351.2449%
Solução -> não <- ótima.
No parameters matching 'VarsName' found
Set parameter TimeLimit to value 25200
Set parameter TimeLimit to value 2.3606010818481445e+02
Set parameter MIPFocus to value 1
Gurobi Optimizer version 10.0.2 build v10.0.2rc0 (mac64[arm])

CPU model: Apple M5
Thread count: 10 physical cores, 10 logical processors, using up to 10 threads

Optimize a model with 548706 rows, 284763 columns and 1341935 nonzeros
Model fingerprint: 0xc0eaa4a7
Variable types: 0 continuous, 284763 integer (264707 binary)
Coefficient statistics:
  Matrix range     [1e+00, 8e+01]
  Objective range  [5e-01, 2e+03]
  Bounds range     [1e+00, 1e+00]
  RHS range        [1e+00, 1e+02]

User MIP start produced solution with objective 201417 (0.11s)
Loaded user MIP start with objective 201417

Presolve removed 534711 rows and 273202 columns
Presolve time: 0.22s
Presolved: 13995 rows, 11561 columns, 40747 nonzeros
Variable types: 0 continuous, 11561 integer (11561 binary)

Root relaxation: objective 1.999895e+05, 5880 iterations, 0.17 seconds (0.31 work units)

    Nodes    |    Current Node    |     Objective Bounds      |     Work
 Expl Unexpl |  Obj  Depth IntInf | Incumbent    BestBd   Gap | It/Node Time

     0     0 199989.500    0  358 201417.000 199989.500  0.71%     -    0s
H    0     0                    201317.00000 199989.500  0.66%     -    0s
     0     0 199994.875    0  334 201317.000 199994.875  0.66%     -    0s
     0     0 199997.765    0  661 201317.000 199997.765  0.66%     -    0s
     0     0 199997.813    0  648 201317.000 199997.813  0.66%     -    0s
     0     0 200002.150    0  591 201317.000 200002.150  0.65%     -    0s
H    0     0                    200125.00000 200002.150  0.06%     -    1s
H    0     0                    200115.00000 200002.150  0.06%     -    1s
     0     0 200003.636    0  697 200115.000 200003.636  0.06%     -    1s
     0     0 200003.636    0  104 200115.000 200003.636  0.06%     -    1s
     0     0 200003.636    0  188 200115.000 200003.636  0.06%     -    1s
     0     0 200003.755    0  205 200115.000 200003.755  0.06%     -    1s
     0     0 200003.755    0  210 200115.000 200003.755  0.06%     -    1s
     0     0 200005.679    0  190 200115.000 200005.679  0.05%     -    1s
     0     0 200006.087    0  195 200115.000 200006.087  0.05%     -    1s
     0     0 200006.138    0  196 200115.000 200006.138  0.05%     -    1s
     0     0 200006.140    0  205 200115.000 200006.140  0.05%     -    1s
     0     0 200007.010    0  212 200115.000 200007.010  0.05%     -    1s
     0     0 200007.421    0  220 200115.000 200007.421  0.05%     -    1s
     0     0 200007.609    0  214 200115.000 200007.609  0.05%     -    1s
     0     0 200007.626    0  225 200115.000 200007.626  0.05%     -    1s
     0     0 200008.333    0  188 200115.000 200008.333  0.05%     -    1s
     0     0 200008.364    0  198 200115.000 200008.364  0.05%     -    1s
     0     0 200009.625    0  172 200115.000 200009.625  0.05%     -    1s
     0     2 200009.750    0  164 200115.000 200009.750  0.05%     -    1s
*   61    23               8    200105.00000 200013.030  0.05%  48.2    1s

Cutting planes:
  Gomory: 3
  MIR: 1
  Inf proof: 4
  Zero half: 17
  RLT: 9
  BQP: 27

Explored 641 nodes (35257 simplex iterations) in 1.35 seconds (2.76 work units)
Thread count was 10 (of 10 available processors)

Solution count 5: 200105 200115 200125 ... 201417

Optimal solution found (tolerance 1.00e-04)
Best objective 2.001050000000e+05, best bound 2.001050000000e+05, gap 0.0000%
Solução ótima encontrada.
No parameters matching 'VarsName' found
Set parameter TimeLimit to value 25200
Set parameter TimeLimit to value 2.3085186886787415e+02
Set parameter MIPFocus to value 1
Gurobi Optimizer version 10.0.2 build v10.0.2rc0 (mac64[arm])

CPU model: Apple M5
Thread count: 10 physical cores, 10 logical processors, using up to 10 threads

Optimize a model with 548706 rows, 284763 columns and 1341935 nonzeros
Model fingerprint: 0x64c79d8d
Variable types: 0 continuous, 284763 integer (264707 binary)
Coefficient statistics:
  Matrix range     [1e+00, 8e+01]
  Objective range  [5e-01, 2e+03]
  Bounds range     [1e+00, 1e+00]
  RHS range        [1e+00, 1e+02]

User MIP start produced solution with objective 200105 (0.11s)
Loaded user MIP start with objective 200105

Presolve removed 529664 rows and 269724 columns
Presolve time: 0.23s
Presolved: 19042 rows, 15039 columns, 54611 nonzeros
Variable types: 0 continuous, 15039 integer (15039 binary)

Root relaxation: objective 1.969620e+05, 12976 iterations, 0.34 seconds (0.66 work units)

    Nodes    |    Current Node    |     Objective Bounds      |     Work
 Expl Unexpl |  Obj  Depth IntInf | Incumbent    BestBd   Gap | It/Node Time

     0     0 196962.022    0 1149 200105.000 196962.022  1.57%     -    0s
H    0     0                    198709.00000 196962.022  0.88%     -    0s
     0     0 197103.542    0 1385 198709.000 197103.542  0.81%     -    1s
     0     0 197110.204    0 1425 198709.000 197110.204  0.80%     -    1s
     0     0 197110.204    0 1425 198709.000 197110.204  0.80%     -    1s
     0     0 197212.116    0 1443 198709.000 197212.116  0.75%     -    1s
     0     0 197235.006    0 1477 198709.000 197235.006  0.74%     -    1s
     0     0 197237.296    0 1516 198709.000 197237.296  0.74%     -    1s
     0     0 197237.500    0 1469 198709.000 197237.500  0.74%     -    1s
     0     0 197237.575    0 1510 198709.000 197237.575  0.74%     -    1s
     0     0 197237.580    0 1497 198709.000 197237.580  0.74%     -    1s
     0     0 197324.828    0 1060 198709.000 197324.828  0.70%     -    2s
H    0     0                    197712.50000 197329.817  0.19%     -    2s
     0     0 197329.817    0 1112 197712.500 197329.817  0.19%     -    2s
     0     0 197330.068    0 1129 197712.500 197330.068  0.19%     -    2s
     0     0 197330.068    0 1115 197712.500 197330.068  0.19%     -    2s
H    0     0                    197502.50000 197332.598  0.09%     -    2s
H    0     0                    197492.50000 197332.598  0.08%     -    2s
     0     0 197332.598    0 1218 197492.500 197332.598  0.08%     -    2s
     0     0 197332.645    0 1238 197492.500 197332.645  0.08%     -    2s
     0     0 197332.645    0 1217 197492.500 197332.645  0.08%     -    2s
     0     0 197332.954    0 1221 197492.500 197332.954  0.08%     -    2s
     0     0 197332.954    0  482 197492.500 197332.954  0.08%     -    3s
     0     0 197332.954    0  532 197492.500 197332.954  0.08%     -    3s
     0     0 197332.954    0  515 197492.500 197332.954  0.08%     -    3s
     0     0 197332.954    0  513 197492.500 197332.954  0.08%     -    3s
     0     0 197332.954    0  519 197492.500 197332.954  0.08%     -    3s
     0     0 197332.954    0  612 197492.500 197332.954  0.08%     -    3s
     0     0 197332.954    0  527 197492.500 197332.954  0.08%     -    3s
     0     0 197332.954    0  506 197492.500 197332.954  0.08%     -    3s
     0     0 197356.120    0  574 197492.500 197356.120  0.07%     -    3s
     0     0 197357.833    0  479 197492.500 197357.833  0.07%     -    3s
     0     0 197362.905    0  538 197492.500 197362.905  0.07%     -    3s
     0     0 197364.728    0  526 197492.500 197364.728  0.06%     -    3s
     0     0 197369.680    0  524 197492.500 197369.680  0.06%     -    3s
     0     0 197420.847    0  517 197492.500 197420.847  0.04%     -    3s
     0     0 197468.328    0  651 197492.500 197468.328  0.01%     -    3s
     0     0 197471.574    0  653 197492.500 197471.574  0.01%     -    3s
     0     0 197473.263    0  458 197492.500 197473.263  0.01%     -    3s

Cutting planes:
  Gomory: 11
  Lift-and-project: 6
  Implied bound: 7
  Clique: 2
  MIR: 6
  Zero half: 56
  RLT: 106
  BQP: 46

Explored 1 nodes (45307 simplex iterations) in 3.64 seconds (7.44 work units)
Thread count was 10 (of 10 available processors)

Solution count 5: 197492 197502 197712 ... 200105

Optimal solution found (tolerance 1.00e-04)
Best objective 1.974925000000e+05, best bound 1.974735000000e+05, gap 0.0096%
Solução ótima encontrada.
No parameters matching 'VarsName' found
Set parameter TimeLimit to value 25200
Set parameter TimeLimit to value 2.2336552882194519e+02
Set parameter MIPFocus to value 1
Gurobi Optimizer version 10.0.2 build v10.0.2rc0 (mac64[arm])

CPU model: Apple M5
Thread count: 10 physical cores, 10 logical processors, using up to 10 threads

Optimize a model with 548706 rows, 284763 columns and 1341935 nonzeros
Model fingerprint: 0x43dcea9e
Variable types: 0 continuous, 284763 integer (264707 binary)
Coefficient statistics:
  Matrix range     [1e+00, 8e+01]
  Objective range  [5e-01, 2e+03]
  Bounds range     [1e+00, 1e+00]
  RHS range        [1e+00, 1e+02]

User MIP start produced solution with objective 197492 (0.11s)
Loaded user MIP start with objective 197492

Presolve removed 531069 rows and 270320 columns
Presolve time: 0.26s
Presolved: 17637 rows, 14443 columns, 51999 nonzeros
Variable types: 0 continuous, 14443 integer (14443 binary)

Root relaxation: objective 1.955412e+05, 2626 iterations, 0.04 seconds (0.08 work units)

    Nodes    |    Current Node    |     Objective Bounds      |     Work
 Expl Unexpl |  Obj  Depth IntInf | Incumbent    BestBd   Gap | It/Node Time

     0     0 195541.167    0  607 197492.500 195541.167  0.99%     -    0s
H    0     0                    197397.50000 196098.143  0.66%     -    0s
     0     0 196098.143    0  846 197397.500 196098.143  0.66%     -    0s
     0     0 196101.536    0  678 197397.500 196101.536  0.66%     -    0s
     0     0 196673.182    0  726 197397.500 196673.182  0.37%     -    0s
     0     0 196673.273    0  721 197397.500 196673.273  0.37%     -    0s
H    0     0                    197352.50000 196673.273  0.34%     -    0s
     0     0 196745.958    0  706 197352.500 196745.958  0.31%     -    0s
H    0     0                    197337.50000 196745.958  0.30%     -    0s
     0     0 196759.625    0  752 197337.500 196759.625  0.29%     -    0s
     0     0 196760.042    0  788 197337.500 196760.042  0.29%     -    0s
     0     0 196760.458    0  788 197337.500 196760.458  0.29%     -    0s
H    0     0                    197200.50000 196760.458  0.22%     -    1s
     0     0 196899.375    0  372 197200.500 196899.375  0.15%     -    1s
     0     0 197127.167    0  421 197200.500 197127.167  0.04%     -    1s
     0     0 197133.417    0  517 197200.500 197133.417  0.03%     -    1s
     0     0 197133.417    0  123 197200.500 197133.417  0.03%     -    1s
H    0     0                    197195.50000 197133.417  0.03%     -    1s
H    0     0                    197190.50000 197133.417  0.03%     -    1s
H    0     0                    197180.50000 197133.417  0.02%     -    1s
     0     0 197133.417    0  166 197180.500 197133.417  0.02%     -    1s
     0     0 197138.000    0  129 197180.500 197138.000  0.02%     -    1s
     0     0 197138.000    0  127 197180.500 197138.000  0.02%     -    1s
     0     0 197145.500    0  121 197180.500 197145.500  0.02%     -    1s
H    0     0                    197175.50000 197145.500  0.02%     -    1s
     0     0 197146.333    0  143 197175.500 197146.333  0.01%     -    1s
H    0     0                    197155.50000 197146.333  0.00%     -    1s
     0     0 197146.333    0  139 197155.500 197146.333  0.00%     -    1s

Cutting planes:
  Gomory: 7
  MIR: 1
  Zero half: 14
  RLT: 3
  BQP: 15

Explored 1 nodes (14908 simplex iterations) in 1.42 seconds (2.86 work units)
Thread count was 10 (of 10 available processors)

Solution count 10: 197156 197176 197180 ... 197492

Optimal solution found (tolerance 1.00e-04)
Best objective 1.971555000000e+05, best bound 1.971465000000e+05, gap 0.0046%
Solução ótima encontrada.
No parameters matching 'VarsName' found
Set parameter TimeLimit to value 25200
Set parameter TimeLimit to value 2.1812729811668396e+02
Set parameter MIPFocus to value 1
Gurobi Optimizer version 10.0.2 build v10.0.2rc0 (mac64[arm])

CPU model: Apple M5
Thread count: 10 physical cores, 10 logical processors, using up to 10 threads

Optimize a model with 548706 rows, 284763 columns and 1341935 nonzeros
Model fingerprint: 0x6f2e72be
Variable types: 0 continuous, 284763 integer (264707 binary)
Coefficient statistics:
  Matrix range     [1e+00, 8e+01]
  Objective range  [5e-01, 2e+03]
  Bounds range     [1e+00, 1e+00]
  RHS range        [1e+00, 1e+02]

User MIP start produced solution with objective 197156 (0.11s)
Loaded user MIP start with objective 197156

Presolve removed 543190 rows and 279933 columns
Presolve time: 0.18s
Presolved: 5516 rows, 4830 columns, 15648 nonzeros
Variable types: 0 continuous, 4830 integer (4830 binary)

Root relaxation: objective 1.968255e+05, 624 iterations, 0.01 seconds (0.01 work units)

    Nodes    |    Current Node    |     Objective Bounds      |     Work
 Expl Unexpl |  Obj  Depth IntInf | Incumbent    BestBd   Gap | It/Node Time

     0     0 196825.500    0   80 197155.500 196825.500  0.17%     -    0s
H    0     0                    196845.50000 196825.500  0.01%     -    0s
     0     0 196825.500    0   80 196845.500 196825.500  0.01%     -    0s
     0     0 196825.500    0   29 196845.500 196825.500  0.01%     -    0s
H    0     0                    196842.50000 196825.500  0.01%     -    0s

Explored 1 nodes (852 simplex iterations) in 0.33 seconds (0.95 work units)
Thread count was 10 (of 10 available processors)

Solution count 3: 196842 196846 197156 

Optimal solution found (tolerance 1.00e-04)
Best objective 1.968425000000e+05, best bound 1.968255000000e+05, gap 0.0086%
Solução ótima encontrada.
No parameters matching 'VarsName' found
Set parameter TimeLimit to value 25200
Set parameter TimeLimit to value 2.1400310516357422e+02
Set parameter MIPFocus to value 1
Gurobi Optimizer version 10.0.2 build v10.0.2rc0 (mac64[arm])

CPU model: Apple M5
Thread count: 10 physical cores, 10 logical processors, using up to 10 threads

Optimize a model with 548706 rows, 284763 columns and 1341935 nonzeros
Model fingerprint: 0xcd95c3ad
Variable types: 0 continuous, 284763 integer (264707 binary)
Coefficient statistics:
  Matrix range     [1e+00, 8e+01]
  Objective range  [5e-01, 2e+03]
  Bounds range     [1e+00, 1e+00]
  RHS range        [1e+00, 1e+02]

User MIP start produced solution with objective 196842 (0.11s)
Loaded user MIP start with objective 196842

Presolve removed 530743 rows and 270629 columns
Presolve time: 0.18s
Presolved: 17963 rows, 14134 columns, 50633 nonzeros
Variable types: 0 continuous, 14134 integer (14134 binary)

Root relaxation: objective 1.967175e+05, 1343 iterations, 0.02 seconds (0.05 work units)

    Nodes    |    Current Node    |     Objective Bounds      |     Work
 Expl Unexpl |  Obj  Depth IntInf | Incumbent    BestBd   Gap | It/Node Time

     0     0 196717.500    0  276 196842.500 196717.500  0.06%     -    0s
H    0     0                    196732.50000 196717.500  0.01%     -    0s

Explored 1 nodes (2256 simplex iterations) in 0.39 seconds (1.10 work units)
Thread count was 10 (of 10 available processors)

Solution count 2: 196732 196842 

Optimal solution found (tolerance 1.00e-04)
Best objective 1.967325000000e+05, best bound 1.967175000000e+05, gap 0.0076%
Solução ótima encontrada.
No parameters matching 'VarsName' found
Set parameter TimeLimit to value 25200
Set parameter TimeLimit to value 2.0979763412475586e+02
Set parameter MIPFocus to value 1
Gurobi Optimizer version 10.0.2 build v10.0.2rc0 (mac64[arm])

CPU model: Apple M5
Thread count: 10 physical cores, 10 logical processors, using up to 10 threads

Optimize a model with 548706 rows, 284763 columns and 1341935 nonzeros
Model fingerprint: 0x3c16ed22
Variable types: 0 continuous, 284763 integer (264707 binary)
Coefficient statistics:
  Matrix range     [1e+00, 8e+01]
  Objective range  [5e-01, 2e+03]
  Bounds range     [1e+00, 1e+00]
  RHS range        [1e+00, 1e+02]

User MIP start produced solution with objective 196732 (0.10s)
Loaded user MIP start with objective 196732

Presolve removed 531675 rows and 272598 columns
Presolve time: 0.23s
Presolved: 17031 rows, 12165 columns, 48920 nonzeros
Variable types: 0 continuous, 12165 integer (12165 binary)

Root relaxation: objective 1.940539e+05, 13658 iterations, 0.52 seconds (1.30 work units)

    Nodes    |    Current Node    |     Objective Bounds      |     Work
 Expl Unexpl |  Obj  Depth IntInf | Incumbent    BestBd   Gap | It/Node Time

     0     0 194053.941    0  801 196732.500 194053.941  1.36%     -    1s
H    0     0                    196657.50000 194053.941  1.32%     -    1s
     0     0 194084.500    0  841 196657.500 194084.500  1.31%     -    1s
     0     0 194094.091    0  761 196657.500 194094.091  1.30%     -    1s
     0     0 194104.167    0  650 196657.500 194104.167  1.30%     -    1s
     0     0 194116.800    0  818 196657.500 194116.800  1.29%     -    1s
H    0     0                    196627.50000 194122.183  1.27%     -    1s
     0     0 194122.183    0  883 196627.500 194122.183  1.27%     -    1s
     0     0 194122.406    0  907 196627.500 194122.406  1.27%     -    1s
     0     0 194122.406    0  907 196627.500 194122.406  1.27%     -    1s
     0     0 194158.075    0  909 196627.500 194158.075  1.26%     -    2s
     0     0 194163.975    0  899 196627.500 194163.975  1.25%     -    2s
     0     0 194164.368    0  948 196627.500 194164.368  1.25%     -    2s
     0     0 194165.294    0  931 196627.500 194165.294  1.25%     -    2s
     0     0 194165.294    0  944 196627.500 194165.294  1.25%     -    2s
     0     0 194179.106    0  971 196627.500 194179.106  1.25%     -    2s
     0     0 194179.214    0  942 196627.500 194179.214  1.25%     -    2s
     0     0 194179.464    0  989 196627.500 194179.464  1.25%     -    2s
     0     0 194179.474    0 1011 196627.500 194179.474  1.25%     -    2s
     0     0 194183.970    0  973 196627.500 194183.970  1.24%     -    2s
     0     2 194183.970    0  973 196627.500 194183.970  1.24%     -    3s
    25    36 194240.657    5  967 196627.500 194224.966  1.22%  2158    5s
H   42    46                    194628.50000 194224.966  0.21%  1870    6s
   353   181     cutoff   16      194628.500 194276.763  0.18%   785   10s
H  407   204                    194618.50000 194276.763  0.18%   786   12s
   633   266 194344.779    9  858 194618.500 194295.444  0.17%   701   15s
*  793   338              13    194608.50000 194295.444  0.16%   659   16s
H  819   338                    194603.50000 194295.444  0.16%   652   16s
  1344   459 194519.800   10  487 194603.500 194371.367  0.12%   608   20s
  2060   498 194564.833   16  393 194603.500 194452.684  0.08%   554   29s
  2074   496 infeasible   17      194603.500 194452.688  0.08%   555   31s

Cutting planes:
  Gomory: 10
  Lift-and-project: 1
  Zero half: 44
  RLT: 37
  BQP: 44

Explored 3036 nodes (1416994 simplex iterations) in 33.26 seconds (83.92 work units)
Thread count was 10 (of 10 available processors)

Solution count 7: 194604 194608 194618 ... 196732

Optimal solution found (tolerance 1.00e-04)
Best objective 1.946035000000e+05, best bound 1.946035000000e+05, gap 0.0000%
Solução ótima encontrada.
No parameters matching 'VarsName' found
Set parameter TimeLimit to value 25200
Set parameter TimeLimit to value 1.7266454410552979e+02
Set parameter MIPFocus to value 1
Gurobi Optimizer version 10.0.2 build v10.0.2rc0 (mac64[arm])

CPU model: Apple M5
Thread count: 10 physical cores, 10 logical processors, using up to 10 threads

Optimize a model with 548706 rows, 284763 columns and 1341935 nonzeros
Model fingerprint: 0xf103941e
Variable types: 0 continuous, 284763 integer (264707 binary)
Coefficient statistics:
  Matrix range     [1e+00, 8e+01]
  Objective range  [5e-01, 2e+03]
  Bounds range     [1e+00, 1e+00]
  RHS range        [1e+00, 1e+02]

User MIP start produced solution with objective 194604 (0.11s)
Loaded user MIP start with objective 194604

Presolve removed 547172 rows and 283469 columns
Presolve time: 0.15s
Presolved: 1534 rows, 1294 columns, 4286 nonzeros
Variable types: 0 continuous, 1294 integer (1294 binary)

Root relaxation: objective 1.940185e+05, 319 iterations, 0.00 seconds (0.00 work units)

    Nodes    |    Current Node    |     Objective Bounds      |     Work
 Expl Unexpl |  Obj  Depth IntInf | Incumbent    BestBd   Gap | It/Node Time

*    0     0               0    194018.50000 194018.500  0.00%     -    0s

Explored 1 nodes (319 simplex iterations) in 0.27 seconds (0.80 work units)
Thread count was 10 (of 10 available processors)

Solution count 2: 194018 194604 

Optimal solution found (tolerance 1.00e-04)
Best objective 1.940185000000e+05, best bound 1.940185000000e+05, gap 0.0000%
Solução ótima encontrada.
No parameters matching 'VarsName' found
Set parameter TimeLimit to value 25200
Set parameter TimeLimit to value 1.6868797302246094e+02
Set parameter MIPFocus to value 1
Gurobi Optimizer version 10.0.2 build v10.0.2rc0 (mac64[arm])

CPU model: Apple M5
Thread count: 10 physical cores, 10 logical processors, using up to 10 threads

Optimize a model with 548706 rows, 284763 columns and 1341935 nonzeros
Model fingerprint: 0x7c46a39a
Variable types: 0 continuous, 284763 integer (264707 binary)
Coefficient statistics:
  Matrix range     [1e+00, 8e+01]
  Objective range  [5e-01, 2e+03]
  Bounds range     [1e+00, 1e+00]
  RHS range        [1e+00, 1e+02]

User MIP start produced solution with objective 194018 (0.10s)
Loaded user MIP start with objective 194018

Presolve removed 545551 rows and 281946 columns
Presolve time: 0.16s
Presolved: 3155 rows, 2817 columns, 8912 nonzeros
Variable types: 0 continuous, 2817 integer (2817 binary)

Root relaxation: objective 1.939855e+05, 151 iterations, 0.00 seconds (0.00 work units)

    Nodes    |    Current Node    |     Objective Bounds      |     Work
 Expl Unexpl |  Obj  Depth IntInf | Incumbent    BestBd   Gap | It/Node Time

*    0     0               0    193985.50000 193985.500  0.00%     -    0s

Explored 1 nodes (151 simplex iterations) in 0.28 seconds (0.86 work units)
Thread count was 10 (of 10 available processors)

Solution count 2: 193986 194018 

Optimal solution found (tolerance 1.00e-04)
Best objective 1.939855000000e+05, best bound 1.939855000000e+05, gap 0.0000%
Solução ótima encontrada.
No parameters matching 'VarsName' found
Set parameter TimeLimit to value 25200
Set parameter TimeLimit to value 1.6474690318107605e+02
Set parameter MIPFocus to value 1
Gurobi Optimizer version 10.0.2 build v10.0.2rc0 (mac64[arm])

CPU model: Apple M5
Thread count: 10 physical cores, 10 logical processors, using up to 10 threads

Optimize a model with 548706 rows, 284763 columns and 1341935 nonzeros
Model fingerprint: 0xa4725198
Variable types: 0 continuous, 284763 integer (264707 binary)
Coefficient statistics:
  Matrix range     [1e+00, 8e+01]
  Objective range  [5e-01, 2e+03]
  Bounds range     [1e+00, 1e+00]
  RHS range        [1e+00, 1e+02]

User MIP start produced solution with objective 193986 (0.10s)
Loaded user MIP start with objective 193986

Presolve removed 542653 rows and 279693 columns
Presolve time: 0.17s
Presolved: 6053 rows, 5070 columns, 17103 nonzeros
Variable types: 0 continuous, 5070 integer (5070 binary)

Root relaxation: objective 1.931475e+05, 1318 iterations, 0.02 seconds (0.03 work units)

    Nodes    |    Current Node    |     Objective Bounds      |     Work
 Expl Unexpl |  Obj  Depth IntInf | Incumbent    BestBd   Gap | It/Node Time

     0     0 193147.500    0   70 193985.500 193147.500  0.43%     -    0s
H    0     0                    193817.50000 193147.500  0.35%     -    0s
H    0     0                    193282.50000 193147.500  0.07%     -    0s
     0     0 193147.500    0  204 193282.500 193147.500  0.07%     -    0s
H    0     0                    193267.50000 193147.500  0.06%     -    0s
     0     0 193147.500    0   26 193267.500 193147.500  0.06%     -    0s
H    0     0                    193212.50000 193147.500  0.03%     -    0s
     0     0 193147.500    0   62 193212.500 193147.500  0.03%     -    0s
     0     0 193147.500    0   26 193212.500 193147.500  0.03%     -    0s
H    0     0                    193207.50000 193147.500  0.03%     -    0s
     0     0 193147.500    0   62 193207.500 193147.500  0.03%     -    0s
     0     0 193147.500    0   46 193207.500 193147.500  0.03%     -    0s
     0     0 193150.500    0   63 193207.500 193150.500  0.03%     -    0s
     0     0 193150.500    0   70 193207.500 193150.500  0.03%     -    0s
     0     0 193152.500    0   64 193207.500 193152.500  0.03%     -    0s
     0     0 193152.500    0   78 193207.500 193152.500  0.03%     -    0s
     0     0 193152.500    0   52 193207.500 193152.500  0.03%     -    0s
     0     0 193157.500    0   85 193207.500 193157.500  0.03%     -    0s
     0     0 193157.500    0   32 193207.500 193157.500  0.03%     -    0s
     0     0 193158.000    0   37 193207.500 193158.000  0.03%     -    0s
     0     0 infeasible    0      193207.500 193207.500  0.00%     -    0s

Explored 1 nodes (3623 simplex iterations) in 0.41 seconds (1.08 work units)
Thread count was 10 (of 10 available processors)

Solution count 6: 193208 193212 193268 ... 193986

Optimal solution found (tolerance 1.00e-04)
Best objective 1.932075000000e+05, best bound 1.932075000000e+05, gap 0.0000%
Solução ótima encontrada.
No parameters matching 'VarsName' found
Set parameter TimeLimit to value 25200
Set parameter TimeLimit to value 1.6068190217018127e+02
Set parameter MIPFocus to value 1
Gurobi Optimizer version 10.0.2 build v10.0.2rc0 (mac64[arm])

CPU model: Apple M5
Thread count: 10 physical cores, 10 logical processors, using up to 10 threads

Optimize a model with 548706 rows, 284763 columns and 1341935 nonzeros
Model fingerprint: 0x336bda7b
Variable types: 0 continuous, 284763 integer (264707 binary)
Coefficient statistics:
  Matrix range     [1e+00, 8e+01]
  Objective range  [5e-01, 2e+03]
  Bounds range     [1e+00, 1e+00]
  RHS range        [1e+00, 1e+02]

User MIP start produced solution with objective 193208 (0.11s)
Loaded user MIP start with objective 193208

Presolve removed 536477 rows and 275039 columns
Presolve time: 0.21s
Presolved: 12229 rows, 9724 columns, 35243 nonzeros
Variable types: 0 continuous, 9724 integer (9724 binary)

Root relaxation: objective 1.904284e+05, 10912 iterations, 0.45 seconds (1.28 work units)

    Nodes    |    Current Node    |     Objective Bounds      |     Work
 Expl Unexpl |  Obj  Depth IntInf | Incumbent    BestBd   Gap | It/Node Time

     0     0 190428.429    0  724 193207.500 190428.429  1.44%     -    1s
H    0     0                    192902.50000 190428.429  1.28%     -    1s
     0     0 190450.000    0  837 192902.500 190450.000  1.27%     -    1s
     0     0 190452.625    0  794 192902.500 190452.625  1.27%     -    1s
     0     0 190452.735    0  854 192902.500 190452.735  1.27%     -    1s
     0     0 190490.682    0  964 192902.500 190490.682  1.25%     -    2s
     0     0 190497.375    0  990 192902.500 190497.375  1.25%     -    2s
     0     0 190497.375    0  948 192902.500 190497.375  1.25%     -    2s
     0     0 190497.375    0  973 192902.500 190497.375  1.25%     -    2s
     0     0 190514.583    0  922 192902.500 190514.583  1.24%     -    2s
     0     0 190517.833    0  835 192902.500 190517.833  1.24%     -    2s
     0     0 190518.375    0  784 192902.500 190518.375  1.24%     -    2s
     0     0 190518.544    0  904 192902.500 190518.544  1.24%     -    2s
     0     0 190518.562    0  767 192902.500 190518.562  1.24%     -    2s
     0     0 190527.996    0 1052 192902.500 190527.996  1.23%     -    3s
     0     0 190529.574    0  965 192902.500 190529.574  1.23%     -    3s
     0     0 190529.575    0  966 192902.500 190529.575  1.23%     -    3s
H    0     0                    191105.50000 190529.575  0.30%     -    3s
     0     0 190534.737    0  865 191105.500 190534.737  0.30%     -    3s
     0     2 190534.777    0  865 191105.500 190534.777  0.30%     -    3s
    35    44 190621.196    6  836 191105.500 190542.315  0.29%  1328    5s
H   55    59                    191086.50000 190542.315  0.28%  1178    5s
H   56    59                    191025.50000 190542.315  0.25%  1167    5s
H   81    75                    191005.50000 190542.315  0.24%   951    7s
H   83    75                    191000.50000 190542.315  0.24%   976    7s
H  137   114                    190953.50000 190542.315  0.22%   725    8s
H  179   119                    190950.50000 190542.315  0.21%   591    9s
   325   197 190553.219    9  766 190950.500 190545.188  0.21%   454   10s
   501   255 190723.917   14  553 190950.500 190545.188  0.21%   381   18s
   514   256 190741.250    5  701 190950.500 190545.188  0.21%   379   20s
   682   317 190767.661   23  417 190950.500 190571.358  0.20%   448   25s
   825   325 190589.342   21  800 190950.500 190571.602  0.20%   426   30s
  1043   316 190590.990   23  571 190950.500 190574.358  0.20%   410   37s
  1123   336 190675.800   30  610 190950.500 190574.358  0.20%   404   40s
  1417   425 190586.917   23  618 190950.500 190578.109  0.20%   385   45s
  2583   765 190901.550   34  437 190950.500 190600.450  0.18%   362   50s
  3881  1116 190697.360   31  724 190950.500 190632.253  0.17%   353   55s
  5211  1434     cutoff   25      190950.500 190646.356  0.16%   353   61s
  5873  1576 190874.118   28  548 190950.500 190654.616  0.15%   356   65s
  6978  1716 190861.210   26  515 190950.500 190667.688  0.15%   360   70s
  8472  1938 190797.211   32  564 190950.500 190686.660  0.14%   353   75s
  9395  1982 190901.786   32  515 190950.500 190696.185  0.13%   357   82s
 10014  1998     cutoff   33      190950.500 190705.250  0.13%   359   86s
 11265  1935 190830.500   31  403 190950.500 190725.250  0.12%   359   91s
 12513  1895     cutoff   28      190950.500 190752.000  0.10%   361   96s
 14420  1528     cutoff   31      190950.500 190781.500  0.09%   350  101s
 16558   598     cutoff   28      190950.500 190831.700  0.06%   336  107s

Cutting planes:
  Gomory: 4
  Implied bound: 13
  MIR: 6
  StrongCG: 1
  Flow cover: 7
  Zero half: 44
  RLT: 141
  BQP: 227
  PSD: 3

Explored 18191 nodes (5843673 simplex iterations) in 107.75 seconds (269.68 work units)
Thread count was 10 (of 10 available processors)

Solution count 9: 190950 190954 191000 ... 193208

Optimal solution found (tolerance 1.00e-04)
Best objective 1.909505000000e+05, best bound 1.909505000000e+05, gap 0.0000%
Solução ótima encontrada.
No parameters matching 'VarsName' found
Set parameter TimeLimit to value 25200
Set parameter TimeLimit to value 4.9240751981735229e+01
Set parameter MIPFocus to value 1
Gurobi Optimizer version 10.0.2 build v10.0.2rc0 (mac64[arm])

CPU model: Apple M5
Thread count: 10 physical cores, 10 logical processors, using up to 10 threads

Optimize a model with 548706 rows, 284763 columns and 1341935 nonzeros
Model fingerprint: 0xabe91df8
Variable types: 0 continuous, 284763 integer (264707 binary)
Coefficient statistics:
  Matrix range     [1e+00, 8e+01]
  Objective range  [5e-01, 2e+03]
  Bounds range     [1e+00, 1e+00]
  RHS range        [1e+00, 1e+02]

User MIP start produced solution with objective 190950 (0.11s)
Loaded user MIP start with objective 190950

Presolve removed 543122 rows and 280016 columns
Presolve time: 0.17s
Presolved: 5584 rows, 4747 columns, 15821 nonzeros
Variable types: 0 continuous, 4747 integer (4747 binary)

Root relaxation: objective 1.908155e+05, 1054 iterations, 0.01 seconds (0.02 work units)

    Nodes    |    Current Node    |     Objective Bounds      |     Work
 Expl Unexpl |  Obj  Depth IntInf | Incumbent    BestBd   Gap | It/Node Time

     0     0 190815.500    0  203 190950.500 190815.500  0.07%     -    0s
     0     0 190815.500    0  203 190950.500 190815.500  0.07%     -    0s
     0     0 190815.500    0   65 190950.500 190815.500  0.07%     -    0s
H    0     0                    190885.50000 190819.667  0.03%     -    0s
     0     0 190820.500    0   49 190885.500 190820.500  0.03%     -    0s
     0     0 190821.214    0   93 190885.500 190821.214  0.03%     -    0s
     0     0 190821.214    0   50 190885.500 190821.214  0.03%     -    0s
H    0     0                    190880.50000 190821.214  0.03%     -    0s
     0     0 190821.214    0   41 190880.500 190821.214  0.03%     -    0s
     0     0 190821.500    0   68 190880.500 190821.500  0.03%     -    0s
H    0     0                    190875.50000 190821.500  0.03%     -    0s
     0     0 190826.750    0   63 190875.500 190826.750  0.03%     -    0s
     0     0 190827.685    0   76 190875.500 190827.685  0.03%     -    0s
     0     0 190827.786    0   74 190875.500 190827.786  0.02%     -    0s
     0     0 190827.786    0   74 190875.500 190827.786  0.02%     -    0s
     0     0 190830.500    0   50 190875.500 190830.500  0.02%     -    0s
     0     0 190834.000    0   74 190875.500 190834.000  0.02%     -    0s
     0     0 190835.250    0   40 190875.500 190835.250  0.02%     -    0s
     0     0 190840.000    0   64 190875.500 190840.000  0.02%     -    0s
     0     0 190848.500    0   71 190875.500 190848.500  0.01%     -    0s
     0     0 190850.500    0   74 190875.500 190850.500  0.01%     -    0s
     0     0 190852.500    0   68 190875.500 190852.500  0.01%     -    0s
     0     0 190852.500    0   63 190875.500 190852.500  0.01%     -    0s
     0     0 190852.500    0   29 190875.500 190852.500  0.01%     -    0s
     0     0 190852.500    0   52 190875.500 190852.500  0.01%     -    0s
     0     0 190852.500    0   68 190875.500 190852.500  0.01%     -    0s
     0     0 190853.000    0   70 190875.500 190853.000  0.01%     -    0s
     0     0 190853.833    0   68 190875.500 190853.833  0.01%     -    0s
     0     0 190853.833    0   67 190875.500 190853.833  0.01%     -    0s
     0     0 190856.333    0   72 190875.500 190856.333  0.01%     -    0s

Cutting planes:
  Clique: 3
  Zero half: 19
  RLT: 7
  BQP: 9

Explored 1 nodes (2639 simplex iterations) in 0.39 seconds (0.99 work units)
Thread count was 10 (of 10 available processors)

Solution count 4: 190876 190880 190886 190950 

Optimal solution found (tolerance 1.00e-04)
Best objective 1.908755000000e+05, best bound 1.908565000000e+05, gap 0.0100%
Solução ótima encontrada.
No parameters matching 'VarsName' found
Set parameter TimeLimit to value 25200
Set parameter TimeLimit to value 4.5186463117599487e+01
Set parameter MIPFocus to value 1
Gurobi Optimizer version 10.0.2 build v10.0.2rc0 (mac64[arm])

CPU model: Apple M5
Thread count: 10 physical cores, 10 logical processors, using up to 10 threads

Optimize a model with 548706 rows, 284763 columns and 1341935 nonzeros
Model fingerprint: 0x32fa92a9
Variable types: 0 continuous, 284763 integer (264707 binary)
Coefficient statistics:
  Matrix range     [1e+00, 8e+01]
  Objective range  [5e-01, 2e+03]
  Bounds range     [1e+00, 1e+00]
  RHS range        [1e+00, 1e+02]

User MIP start produced solution with objective 190876 (0.10s)
Loaded user MIP start with objective 190876

Presolve removed 530247 rows and 271131 columns
Presolve time: 0.23s
Presolved: 18459 rows, 13632 columns, 52774 nonzeros
Variable types: 0 continuous, 13632 integer (13632 binary)

Root relaxation: objective 1.900492e+05, 11425 iterations, 0.33 seconds (0.75 work units)

    Nodes    |    Current Node    |     Objective Bounds      |     Work
 Expl Unexpl |  Obj  Depth IntInf | Incumbent    BestBd   Gap | It/Node Time

     0     0 190049.156    0  792 190875.500 190049.156  0.43%     -    0s
H    0     0                    190470.00000 190049.156  0.22%     -    0s
     0     0 190097.313    0  696 190470.000 190097.313  0.20%     -    0s
H    0     0                    190400.00000 190097.313  0.16%     -    0s
     0     0 190100.857    0  733 190400.000 190100.857  0.16%     -    0s
     0     0 190100.857    0  727 190400.000 190100.857  0.16%     -    0s
     0     0 190147.862    0  911 190400.000 190147.862  0.13%     -    1s
     0     0 190147.862    0  668 190400.000 190147.862  0.13%     -    1s
     0     0 190160.432    0  740 190400.000 190160.432  0.13%     -    1s
     0     0 190163.773    0  732 190400.000 190163.773  0.12%     -    1s
     0     0 190165.410    0  712 190400.000 190165.410  0.12%     -    1s
     0     0 190167.059    0  695 190400.000 190167.059  0.12%     -    1s
     0     0 190167.199    0  704 190400.000 190167.199  0.12%     -    1s
     0     0 190167.224    0  696 190400.000 190167.224  0.12%     -    1s
H    0     0                    190190.00000 190167.224  0.01%     -    1s

Cutting planes:
  Gomory: 3
  Clique: 2
  MIR: 1
  Zero half: 19
  RLT: 40
  BQP: 27

Explored 1 nodes (25563 simplex iterations) in 1.57 seconds (3.76 work units)
Thread count was 10 (of 10 available processors)

Solution count 4: 190190 190400 190470 190876 

Optimal solution found (tolerance 1.00e-04)
Best objective 1.901900000000e+05, best bound 1.901802500000e+05, gap 0.0051%
Solução ótima encontrada.
No parameters matching 'VarsName' found
Set parameter TimeLimit to value 25200
Set parameter TimeLimit to value 3.9978392124176025e+01
Set parameter MIPFocus to value 1
Gurobi Optimizer version 10.0.2 build v10.0.2rc0 (mac64[arm])

CPU model: Apple M5
Thread count: 10 physical cores, 10 logical processors, using up to 10 threads

Optimize a model with 548706 rows, 284763 columns and 1341935 nonzeros
Model fingerprint: 0xd402c651
Variable types: 0 continuous, 284763 integer (264707 binary)
Coefficient statistics:
  Matrix range     [1e+00, 8e+01]
  Objective range  [5e-01, 2e+03]
  Bounds range     [1e+00, 1e+00]
  RHS range        [1e+00, 1e+02]

User MIP start produced solution with objective 190190 (0.10s)
Loaded user MIP start with objective 190190

Presolve removed 527624 rows and 267858 columns
Presolve time: 0.30s
Presolved: 21082 rows, 16905 columns, 61371 nonzeros
Variable types: 0 continuous, 16905 integer (16905 binary)

Root relaxation: objective 1.898068e+05, 8015 iterations, 0.34 seconds (0.83 work units)

    Nodes    |    Current Node    |     Objective Bounds      |     Work
 Expl Unexpl |  Obj  Depth IntInf | Incumbent    BestBd   Gap | It/Node Time

     0     0 189806.833    0  611 190190.000 189806.833  0.20%     -    1s
     0     0 189812.333    0  946 190190.000 189812.333  0.20%     -    1s
     0     0 189812.333    0  524 190190.000 189812.333  0.20%     -    1s
     0     0 189812.333    0  739 190190.000 189812.333  0.20%     -    1s
     0     0 189813.167    0  778 190190.000 189813.167  0.20%     -    1s
     0     0 189813.167    0  778 190190.000 189813.167  0.20%     -    2s
     0     0 189820.136    0  798 190190.000 189820.136  0.19%     -    2s
     0     0 189820.708    0  822 190190.000 189820.708  0.19%     -    2s
     0     0 189820.708    0  761 190190.000 189820.708  0.19%     -    2s
H    0     0                    190160.00000 189820.708  0.18%     -    2s
     0     0 189821.915    0  771 190160.000 189821.915  0.18%     -    2s
     0     0 189822.199    0  839 190160.000 189822.199  0.18%     -    2s
H    0     0                    190155.00000 189822.199  0.18%     -    2s
     0     0 189822.214    0  830 190155.000 189822.214  0.18%     -    2s
H    0     0                    190120.00000 189822.214  0.16%     -    2s
     0     0 189826.237    0  760 190120.000 189826.237  0.15%     -    2s
     0     0 189826.694    0  777 190120.000 189826.694  0.15%     -    2s
     0     0 189826.704    0  790 190120.000 189826.704  0.15%     -    2s
     0     0 189827.045    0  642 190120.000 189827.045  0.15%     -    3s
H    0     0                    189936.00000 189827.045  0.06%     -    3s
     0     0 189827.059    0  218 189936.000 189827.059  0.06%     -    3s
     0     0 189827.059    0  330 189936.000 189827.059  0.06%     -    3s
     0     0 189827.059    0  269 189936.000 189827.059  0.06%     -    3s
     0     0 189827.059    0  359 189936.000 189827.059  0.06%     -    3s
     0     0 189827.143    0  303 189936.000 189827.143  0.06%     -    3s
     0     0 189827.143    0  303 189936.000 189827.143  0.06%     -    3s
     0     0 189827.294    0  340 189936.000 189827.294  0.06%     -    3s
     0     0 189827.333    0  365 189936.000 189827.333  0.06%     -    3s
     0     0 189827.357    0  332 189936.000 189827.357  0.06%     -    3s
     0     0 189827.359    0  352 189936.000 189827.359  0.06%     -    3s
     0     0 189827.367    0  343 189936.000 189827.367  0.06%     -    3s
     0     0 189827.538    0  312 189936.000 189827.538  0.06%     -    3s
     0     0 189827.538    0  340 189936.000 189827.538  0.06%     -    3s
     0     0 189827.615    0  327 189936.000 189827.615  0.06%     -    3s
     0     2 189827.731    0  324 189936.000 189827.731  0.06%     -    3s
H   38    46                    189901.00000 189828.500  0.04%   151    3s
H  142    75                    189896.00000 189828.500  0.04%   101    4s
H  201    86                    189891.00000 189830.000  0.03%  93.3    4s
   803   259 189868.125   23  240 189891.000 189832.667  0.03%  86.7    5s

Cutting planes:
  Gomory: 9
  MIR: 7
  Inf proof: 2
  Zero half: 23
  RLT: 15
  BQP: 29

Explored 2074 nodes (195775 simplex iterations) in 5.99 seconds (10.44 work units)
Thread count was 10 (of 10 available processors)

Solution count 8: 189891 189896 189901 ... 190190

Optimal solution found (tolerance 1.00e-04)
Best objective 1.898910000000e+05, best bound 1.898785000000e+05, gap 0.0066%
Solução ótima encontrada.
RESULTADO_JSON={"arquivo_log_csv": "resultados/experimentos/2024_1/fixopt_passada_init60_total300.csv", "arquivo_log_json": "resultados/experimentos/2024_1/fixopt_passada_init60_total300.json", "arquivo_melhor_solucao": "resultados/experimentos/2024_1/fixopt_passada_init60_total300.sol", "etapa": "fix_and_optimize_cursos", "ganho_absoluto": 11526.0, "historico": [{"curso": "ADM", "disciplinas_livres": 48, "iteracao": 1, "melhorou": true, "objetivo_anterior": 201417.0, "objetivo_candidato": 200105.0, "objetivo_incumbente": 200105.0, "passada": 1, "status_solver": "OPTIMAL", "tempo_gasto_s": 5.15, "tempo_limite_subproblema_s": 236.06, "variaveis_x_fixadas": 85698, "variaveis_x_livres": 9292, "vizinhanca": "curso"}, {"curso": "AGRO", "disciplinas_livres": 51, "iteracao": 2, "melhorou": true, "objetivo_anterior": 200105.0, "objetivo_candidato": 197492.5, "objetivo_incumbente": 197492.5, "passada": 1, "status_solver": "OPTIMAL", "tempo_gasto_s": 7.42, "tempo_limite_subproblema_s": 230.85, "variaveis_x_fixadas": 86250, "variaveis_x_livres": 8740, "vizinhanca": "curso"}, {"curso": "CC", "disciplinas_livres": 47, "iteracao": 3, "melhorou": true, "objetivo_anterior": 197492.5, "objetivo_candidato": 197155.5, "objetivo_incumbente": 197155.5, "passada": 1, "status_solver": "OPTIMAL", "tempo_gasto_s": 5.18, "tempo_limite_subproblema_s": 223.37, "variaveis_x_fixadas": 84456, "variaveis_x_livres": 10534, "vizinhanca": "curso"}, {"curso": "CS", "disciplinas_livres": 22, "iteracao": 4, "melhorou": true, "objetivo_anterior": 197155.5, "objetivo_candidato": 196842.5, "objetivo_incumbente": 196842.5, "passada": 1, "status_solver": "OPTIMAL", "tempo_gasto_s": 4.07, "tempo_limite_subproblema_s": 218.13, "variaveis_x_fixadas": 90436, "variaveis_x_livres": 4554, "vizinhanca": "curso"}, {"curso": "EAS", "disciplinas_livres": 45, "iteracao": 5, "melhorou": true, "objetivo_anterior": 196842.5, "objetivo_candidato": 196732.5, "objetivo_incumbente": 196732.5, "passada": 1, "status_solver": "OPTIMAL", "tempo_gasto_s": 4.14, "tempo_limite_subproblema_s": 214.0, "variaveis_x_fixadas": 87538, "variaveis_x_livres": 7452, "vizinhanca": "curso"}, {"curso": "ENF", "disciplinas_livres": 18, "iteracao": 6, "melhorou": true, "objetivo_anterior": 196732.5, "objetivo_candidato": 194603.5, "objetivo_incumbente": 194603.5, "passada": 1, "status_solver": "OPTIMAL", "tempo_gasto_s": 37.07, "tempo_limite_subproblema_s": 209.8, "variaveis_x_fixadas": 86480, "variaveis_x_livres": 8510, "vizinhanca": "curso"}, {"curso": "FIL", "disciplinas_livres": 15, "iteracao": 7, "melhorou": true, "objetivo_anterior": 194603.5, "objetivo_candidato": 194018.5, "objetivo_incumbente": 194018.5, "passada": 1, "status_solver": "OPTIMAL", "tempo_gasto_s": 3.92, "tempo_limite_subproblema_s": 172.66, "variaveis_x_fixadas": 92230, "variaveis_x_livres": 2760, "vizinhanca": "curso"}, {"curso": "GEO", "disciplinas_livres": 10, "iteracao": 8, "melhorou": true, "objetivo_anterior": 194018.5, "objetivo_candidato": 193985.5, "objetivo_incumbente": 193985.5, "passada": 1, "status_solver": "OPTIMAL", "tempo_gasto_s": 3.88, "tempo_limite_subproblema_s": 168.69, "variaveis_x_fixadas": 92920, "variaveis_x_livres": 2070, "vizinhanca": "curso"}, {"curso": "HIS", "disciplinas_livres": 24, "iteracao": 9, "melhorou": true, "objetivo_anterior": 193985.5, "objetivo_candidato": 193207.5, "objetivo_incumbente": 193207.5, "passada": 1, "status_solver": "OPTIMAL", "tempo_gasto_s": 4.01, "tempo_limite_subproblema_s": 164.75, "variaveis_x_fixadas": 90206, "variaveis_x_livres": 4784, "vizinhanca": "curso"}, {"curso": "LET", "disciplinas_livres": 36, "iteracao": 10, "melhorou": true, "objetivo_anterior": 193207.5, "objetivo_candidato": 190950.5, "objetivo_incumbente": 190950.5, "passada": 1, "status_solver": "OPTIMAL", "tempo_gasto_s": 111.38, "tempo_limite_subproblema_s": 160.68, "variaveis_x_fixadas": 85836, "variaveis_x_livres": 9154, "vizinhanca": "curso"}, {"curso": "MAT", "disciplinas_livres": 23, "iteracao": 11, "melhorou": true, "objetivo_anterior": 190950.5, "objetivo_candidato": 190875.5, "objetivo_incumbente": 190875.5, "passada": 1, "status_solver": "OPTIMAL", "tempo_gasto_s": 4.0, "tempo_limite_subproblema_s": 49.24, "variaveis_x_fixadas": 90022, "variaveis_x_livres": 4968, "vizinhanca": "curso"}, {"curso": "MED", "disciplinas_livres": 41, "iteracao": 12, "melhorou": true, "objetivo_anterior": 190875.5, "objetivo_candidato": 190190.0, "objetivo_incumbente": 190190.0, "passada": 1, "status_solver": "OPTIMAL", "tempo_gasto_s": 5.15, "tempo_limite_subproblema_s": 45.19, "variaveis_x_fixadas": 85606, "variaveis_x_livres": 9384, "vizinhanca": "curso"}, {"curso": "PED", "disciplinas_livres": 56, "iteracao": 13, "melhorou": true, "objetivo_anterior": 190190.0, "objetivo_candidato": 189891.0, "objetivo_incumbente": 189891.0, "passada": 1, "status_solver": "OPTIMAL", "tempo_gasto_s": 9.71, "tempo_limite_subproblema_s": 39.98, "variaveis_x_fixadas": 82202, "variaveis_x_livres": 12788, "vizinhanca": "curso"}], "melhorias_aceitas": 13, "objetivo_final": 189891.0, "objetivo_inicial": 201417.0, "passadas_executadas": 1, "status": "CONCLUIDO", "tempo_total_s": 269.8, "total_iteracoes": 13}
